<?xml version="1.0" encoding="ISO-8859-1" ?>
<link_info>
   <banner>TMS320C6x Linker PC v8.3.12</banner>
   <copyright>Copyright (c) 1996-2018 Texas Instruments Incorporated</copyright>
   <link_time>0x65af944d</link_time>
   <link_errors>0x0</link_errors>
   <output_file>adda_simple.out</output_file>
   <entry_point>
      <name>_c_int00</name>
      <address>0x11807280</address>
   </entry_point>
   <input_file_list>
      <input_file id="fl-2">
         <path>.\</path>
         <kind>object</kind>
         <file>FIR_filter_asm_sc.obj</file>
         <name>FIR_filter_asm_sc.obj</name>
      </input_file>
      <input_file id="fl-3">
         <path>.\</path>
         <kind>object</kind>
         <file>adda.obj</file>
         <name>adda.obj</name>
      </input_file>
      <input_file id="fl-4">
         <path>.\</path>
         <kind>object</kind>
         <file>i2c.obj</file>
         <name>i2c.obj</name>
      </input_file>
      <input_file id="fl-5">
         <path>.\</path>
         <kind>object</kind>
         <file>main_adda_Lab6_int.obj</file>
         <name>main_adda_Lab6_int.obj</name>
      </input_file>
      <input_file id="fl-6">
         <path>.\</path>
         <kind>object</kind>
         <file>pru.obj</file>
         <name>pru.obj</name>
      </input_file>
      <input_file id="fl-a">
         <kind>object</kind>
         <file>&lt;internal&gt;</file>
         <name>&lt;internal&gt;</name>
      </input_file>
      <input_file id="fl-24">
         <path>C:\ti\ccs1230\ccs\tools\compiler\ti-cgt-c6000_8.3.12\lib\</path>
         <kind>archive</kind>
         <file>rts6740_elf.lib</file>
         <name>printf.c.obj</name>
      </input_file>
      <input_file id="fl-25">
         <path>C:\ti\ccs1230\ccs\tools\compiler\ti-cgt-c6000_8.3.12\lib\</path>
         <kind>archive</kind>
         <file>rts6740_elf.lib</file>
         <name>_printfi.c.obj</name>
      </input_file>
      <input_file id="fl-26">
         <path>C:\ti\ccs1230\ccs\tools\compiler\ti-cgt-c6000_8.3.12\lib\</path>
         <kind>archive</kind>
         <file>rts6740_elf.lib</file>
         <name>fflush.c.obj</name>
      </input_file>
      <input_file id="fl-27">
         <path>C:\ti\ccs1230\ccs\tools\compiler\ti-cgt-c6000_8.3.12\lib\</path>
         <kind>archive</kind>
         <file>rts6740_elf.lib</file>
         <name>fputc.c.obj</name>
      </input_file>
      <input_file id="fl-28">
         <path>C:\ti\ccs1230\ccs\tools\compiler\ti-cgt-c6000_8.3.12\lib\</path>
         <kind>archive</kind>
         <file>rts6740_elf.lib</file>
         <name>fputs.c.obj</name>
      </input_file>
      <input_file id="fl-29">
         <path>C:\ti\ccs1230\ccs\tools\compiler\ti-cgt-c6000_8.3.12\lib\</path>
         <kind>archive</kind>
         <file>rts6740_elf.lib</file>
         <name>_io_perm.c.obj</name>
      </input_file>
      <input_file id="fl-2a">
         <path>C:\ti\ccs1230\ccs\tools\compiler\ti-cgt-c6000_8.3.12\lib\</path>
         <kind>archive</kind>
         <file>rts6740_elf.lib</file>
         <name>setvbuf.c.obj</name>
      </input_file>
      <input_file id="fl-2b">
         <path>C:\ti\ccs1230\ccs\tools\compiler\ti-cgt-c6000_8.3.12\lib\</path>
         <kind>archive</kind>
         <file>rts6740_elf.lib</file>
         <name>push.asm.obj</name>
      </input_file>
      <input_file id="fl-2c">
         <path>C:\ti\ccs1230\ccs\tools\compiler\ti-cgt-c6000_8.3.12\lib\</path>
         <kind>archive</kind>
         <file>rts6740_elf.lib</file>
         <name>divu.asm.obj</name>
      </input_file>
      <input_file id="fl-2d">
         <path>C:\ti\ccs1230\ccs\tools\compiler\ti-cgt-c6000_8.3.12\lib\</path>
         <kind>archive</kind>
         <file>rts6740_elf.lib</file>
         <name>memcpy64.asm.obj</name>
      </input_file>
      <input_file id="fl-2e">
         <path>C:\ti\ccs1230\ccs\tools\compiler\ti-cgt-c6000_8.3.12\lib\</path>
         <kind>archive</kind>
         <file>rts6740_elf.lib</file>
         <name>remu.asm.obj</name>
      </input_file>
      <input_file id="fl-2f">
         <path>C:\ti\ccs1230\ccs\tools\compiler\ti-cgt-c6000_8.3.12\lib\</path>
         <kind>archive</kind>
         <file>rts6740_elf.lib</file>
         <name>boot.c.obj</name>
      </input_file>
      <input_file id="fl-30">
         <path>C:\ti\ccs1230\ccs\tools\compiler\ti-cgt-c6000_8.3.12\lib\</path>
         <kind>archive</kind>
         <file>rts6740_elf.lib</file>
         <name>imath40.c.obj</name>
      </input_file>
      <input_file id="fl-31">
         <path>C:\ti\ccs1230\ccs\tools\compiler\ti-cgt-c6000_8.3.12\lib\</path>
         <kind>archive</kind>
         <file>rts6740_elf.lib</file>
         <name>imath64.c.obj</name>
      </input_file>
      <input_file id="fl-32">
         <path>C:\ti\ccs1230\ccs\tools\compiler\ti-cgt-c6000_8.3.12\lib\</path>
         <kind>archive</kind>
         <file>rts6740_elf.lib</file>
         <name>llshift.c.obj</name>
      </input_file>
      <input_file id="fl-33">
         <path>C:\ti\ccs1230\ccs\tools\compiler\ti-cgt-c6000_8.3.12\lib\</path>
         <kind>archive</kind>
         <file>rts6740_elf.lib</file>
         <name>memset.c.obj</name>
      </input_file>
      <input_file id="fl-34">
         <path>C:\ti\ccs1230\ccs\tools\compiler\ti-cgt-c6000_8.3.12\lib\</path>
         <kind>archive</kind>
         <file>rts6740_elf.lib</file>
         <name>autoinit.c.obj</name>
      </input_file>
      <input_file id="fl-35">
         <path>C:\ti\ccs1230\ccs\tools\compiler\ti-cgt-c6000_8.3.12\lib\</path>
         <kind>archive</kind>
         <file>rts6740_elf.lib</file>
         <name>pre_init.c.obj</name>
      </input_file>
      <input_file id="fl-36">
         <path>C:\ti\ccs1230\ccs\tools\compiler\ti-cgt-c6000_8.3.12\lib\</path>
         <kind>archive</kind>
         <file>rts6740_elf.lib</file>
         <name>startup.c.obj</name>
      </input_file>
      <input_file id="fl-37">
         <path>C:\ti\ccs1230\ccs\tools\compiler\ti-cgt-c6000_8.3.12\lib\</path>
         <kind>archive</kind>
         <file>rts6740_elf.lib</file>
         <name>cpy_tbl.c.obj</name>
      </input_file>
      <input_file id="fl-38">
         <path>C:\ti\ccs1230\ccs\tools\compiler\ti-cgt-c6000_8.3.12\lib\</path>
         <kind>archive</kind>
         <file>rts6740_elf.lib</file>
         <name>copy_zero_init.c.obj</name>
      </input_file>
      <input_file id="fl-39">
         <path>C:\ti\ccs1230\ccs\tools\compiler\ti-cgt-c6000_8.3.12\lib\</path>
         <kind>archive</kind>
         <file>rts6740_elf.lib</file>
         <name>copy_decompress_none.c.obj</name>
      </input_file>
      <input_file id="fl-3a">
         <path>C:\ti\ccs1230\ccs\tools\compiler\ti-cgt-c6000_8.3.12\lib\</path>
         <kind>archive</kind>
         <file>rts6740_elf.lib</file>
         <name>copy_decompress_rle.c.obj</name>
      </input_file>
      <input_file id="fl-3b">
         <path>C:\ti\ccs1230\ccs\tools\compiler\ti-cgt-c6000_8.3.12\lib\</path>
         <kind>archive</kind>
         <file>rts6740_elf.lib</file>
         <name>frexp.c.obj</name>
      </input_file>
      <input_file id="fl-3c">
         <path>C:\ti\ccs1230\ccs\tools\compiler\ti-cgt-c6000_8.3.12\lib\</path>
         <kind>archive</kind>
         <file>rts6740_elf.lib</file>
         <name>isinf.c.obj</name>
      </input_file>
      <input_file id="fl-3d">
         <path>C:\ti\ccs1230\ccs\tools\compiler\ti-cgt-c6000_8.3.12\lib\</path>
         <kind>archive</kind>
         <file>rts6740_elf.lib</file>
         <name>ldexp.c.obj</name>
      </input_file>
      <input_file id="fl-3e">
         <path>C:\ti\ccs1230\ccs\tools\compiler\ti-cgt-c6000_8.3.12\lib\</path>
         <kind>archive</kind>
         <file>rts6740_elf.lib</file>
         <name>signbit.c.obj</name>
      </input_file>
      <input_file id="fl-3f">
         <path>C:\ti\ccs1230\ccs\tools\compiler\ti-cgt-c6000_8.3.12\lib\</path>
         <kind>archive</kind>
         <file>rts6740_elf.lib</file>
         <name>divd.c.obj</name>
      </input_file>
      <input_file id="fl-40">
         <path>C:\ti\ccs1230\ccs\tools\compiler\ti-cgt-c6000_8.3.12\lib\</path>
         <kind>archive</kind>
         <file>rts6740_elf.lib</file>
         <name>frcmpyd_div.c.obj</name>
      </input_file>
      <input_file id="fl-41">
         <path>C:\ti\ccs1230\ccs\tools\compiler\ti-cgt-c6000_8.3.12\lib\</path>
         <kind>archive</kind>
         <file>rts6740_elf.lib</file>
         <name>exit.c.obj</name>
      </input_file>
      <input_file id="fl-42">
         <path>C:\ti\ccs1230\ccs\tools\compiler\ti-cgt-c6000_8.3.12\lib\</path>
         <kind>archive</kind>
         <file>rts6740_elf.lib</file>
         <name>memory.c.obj</name>
      </input_file>
      <input_file id="fl-43">
         <path>C:\ti\ccs1230\ccs\tools\compiler\ti-cgt-c6000_8.3.12\lib\</path>
         <kind>archive</kind>
         <file>rts6740_elf.lib</file>
         <name>_lock.c.obj</name>
      </input_file>
      <input_file id="fl-44">
         <path>C:\ti\ccs1230\ccs\tools\compiler\ti-cgt-c6000_8.3.12\lib\</path>
         <kind>archive</kind>
         <file>rts6740_elf.lib</file>
         <name>_ltoa.c.obj</name>
      </input_file>
      <input_file id="fl-45">
         <path>C:\ti\ccs1230\ccs\tools\compiler\ti-cgt-c6000_8.3.12\lib\</path>
         <kind>archive</kind>
         <file>rts6740_elf.lib</file>
         <name>args_main.c.obj</name>
      </input_file>
      <input_file id="fl-46">
         <path>C:\ti\ccs1230\ccs\tools\compiler\ti-cgt-c6000_8.3.12\lib\</path>
         <kind>archive</kind>
         <file>rts6740_elf.lib</file>
         <name>atoi.c.obj</name>
      </input_file>
      <input_file id="fl-47">
         <path>C:\ti\ccs1230\ccs\tools\compiler\ti-cgt-c6000_8.3.12\lib\</path>
         <kind>archive</kind>
         <file>rts6740_elf.lib</file>
         <name>ctype.c.obj</name>
      </input_file>
      <input_file id="fl-48">
         <path>C:\ti\ccs1230\ccs\tools\compiler\ti-cgt-c6000_8.3.12\lib\</path>
         <kind>archive</kind>
         <file>rts6740_elf.lib</file>
         <name>defs.c.obj</name>
      </input_file>
      <input_file id="fl-49">
         <path>C:\ti\ccs1230\ccs\tools\compiler\ti-cgt-c6000_8.3.12\lib\</path>
         <kind>archive</kind>
         <file>rts6740_elf.lib</file>
         <name>memccpy.c.obj</name>
      </input_file>
      <input_file id="fl-4a">
         <path>C:\ti\ccs1230\ccs\tools\compiler\ti-cgt-c6000_8.3.12\lib\</path>
         <kind>archive</kind>
         <file>rts6740_elf.lib</file>
         <name>write.c.obj</name>
      </input_file>
      <input_file id="fl-4b">
         <path>C:\ti\ccs1230\ccs\tools\compiler\ti-cgt-c6000_8.3.12\lib\</path>
         <kind>archive</kind>
         <file>rts6740_elf.lib</file>
         <name>tls.c.obj</name>
      </input_file>
      <input_file id="fl-4c">
         <path>C:\ti\ccs1230\ccs\tools\compiler\ti-cgt-c6000_8.3.12\lib\</path>
         <kind>archive</kind>
         <file>rts6740_elf.lib</file>
         <name>llabs.c.obj</name>
      </input_file>
      <input_file id="fl-4d">
         <path>C:\ti\ccs1230\ccs\tools\compiler\ti-cgt-c6000_8.3.12\lib\</path>
         <kind>archive</kind>
         <file>rts6740_elf.lib</file>
         <name>errno.c.obj</name>
      </input_file>
      <input_file id="fl-4e">
         <path>C:\ti\ccs1230\ccs\tools\compiler\ti-cgt-c6000_8.3.12\lib\</path>
         <kind>archive</kind>
         <file>rts6740_elf.lib</file>
         <name>wcslen.c.obj</name>
      </input_file>
      <input_file id="fl-4f">
         <path>C:\ti\ccs1230\ccs\tools\compiler\ti-cgt-c6000_8.3.12\lib\</path>
         <kind>archive</kind>
         <file>rts6740_elf.lib</file>
         <name>fopen.c.obj</name>
      </input_file>
      <input_file id="fl-50">
         <path>C:\ti\ccs1230\ccs\tools\compiler\ti-cgt-c6000_8.3.12\lib\</path>
         <kind>archive</kind>
         <file>rts6740_elf.lib</file>
         <name>fseek.c.obj</name>
      </input_file>
      <input_file id="fl-51">
         <path>C:\ti\ccs1230\ccs\tools\compiler\ti-cgt-c6000_8.3.12\lib\</path>
         <kind>archive</kind>
         <file>rts6740_elf.lib</file>
         <name>tls_get_tp.asm.obj</name>
      </input_file>
      <input_file id="fl-52">
         <path>C:\ti\ccs1230\ccs\tools\compiler\ti-cgt-c6000_8.3.12\lib\</path>
         <kind>archive</kind>
         <file>rts6740_elf.lib</file>
         <name>lseek.c.obj</name>
      </input_file>
      <input_file id="fl-53">
         <path>C:\ti\ccs1230\ccs\tools\compiler\ti-cgt-c6000_8.3.12\lib\</path>
         <kind>archive</kind>
         <file>rts6740_elf.lib</file>
         <name>open.c.obj</name>
      </input_file>
      <input_file id="fl-54">
         <path>C:\ti\ccs1230\ccs\tools\compiler\ti-cgt-c6000_8.3.12\lib\</path>
         <kind>archive</kind>
         <file>rts6740_elf.lib</file>
         <name>hostclose.c.obj</name>
      </input_file>
      <input_file id="fl-55">
         <path>C:\ti\ccs1230\ccs\tools\compiler\ti-cgt-c6000_8.3.12\lib\</path>
         <kind>archive</kind>
         <file>rts6740_elf.lib</file>
         <name>hostlseek.c.obj</name>
      </input_file>
      <input_file id="fl-56">
         <path>C:\ti\ccs1230\ccs\tools\compiler\ti-cgt-c6000_8.3.12\lib\</path>
         <kind>archive</kind>
         <file>rts6740_elf.lib</file>
         <name>hostopen.c.obj</name>
      </input_file>
      <input_file id="fl-57">
         <path>C:\ti\ccs1230\ccs\tools\compiler\ti-cgt-c6000_8.3.12\lib\</path>
         <kind>archive</kind>
         <file>rts6740_elf.lib</file>
         <name>hostread.c.obj</name>
      </input_file>
      <input_file id="fl-58">
         <path>C:\ti\ccs1230\ccs\tools\compiler\ti-cgt-c6000_8.3.12\lib\</path>
         <kind>archive</kind>
         <file>rts6740_elf.lib</file>
         <name>hostrename.c.obj</name>
      </input_file>
      <input_file id="fl-59">
         <path>C:\ti\ccs1230\ccs\tools\compiler\ti-cgt-c6000_8.3.12\lib\</path>
         <kind>archive</kind>
         <file>rts6740_elf.lib</file>
         <name>hostunlink.c.obj</name>
      </input_file>
      <input_file id="fl-5a">
         <path>C:\ti\ccs1230\ccs\tools\compiler\ti-cgt-c6000_8.3.12\lib\</path>
         <kind>archive</kind>
         <file>rts6740_elf.lib</file>
         <name>hostwrite.c.obj</name>
      </input_file>
      <input_file id="fl-5b">
         <path>C:\ti\ccs1230\ccs\tools\compiler\ti-cgt-c6000_8.3.12\lib\</path>
         <kind>archive</kind>
         <file>rts6740_elf.lib</file>
         <name>trgmsg.c.obj</name>
      </input_file>
      <input_file id="fl-5c">
         <path>C:\ti\ccs1230\ccs\tools\compiler\ti-cgt-c6000_8.3.12\lib\</path>
         <kind>archive</kind>
         <file>rts6740_elf.lib</file>
         <name>fclose.c.obj</name>
      </input_file>
      <input_file id="fl-5d">
         <path>C:\ti\ccs1230\ccs\tools\compiler\ti-cgt-c6000_8.3.12\lib\</path>
         <kind>archive</kind>
         <file>rts6740_elf.lib</file>
         <name>getdevice.c.obj</name>
      </input_file>
      <input_file id="fl-5e">
         <path>C:\ti\ccs1230\ccs\tools\compiler\ti-cgt-c6000_8.3.12\lib\</path>
         <kind>archive</kind>
         <file>rts6740_elf.lib</file>
         <name>close.c.obj</name>
      </input_file>
      <input_file id="fl-5f">
         <path>C:\ti\ccs1230\ccs\tools\compiler\ti-cgt-c6000_8.3.12\lib\</path>
         <kind>archive</kind>
         <file>rts6740_elf.lib</file>
         <name>remove.c.obj</name>
      </input_file>
      <input_file id="fl-60">
         <path>C:\ti\ccs1230\ccs\tools\compiler\ti-cgt-c6000_8.3.12\lib\</path>
         <kind>archive</kind>
         <file>rts6740_elf.lib</file>
         <name>unlink.c.obj</name>
      </input_file>
   </input_file_list>
   <object_component_list>
      <object_component id="oc-180">
         <name>.text:__TI_printfi</name>
         <load_address>0x11800000</load_address>
         <run_address>0x11800000</run_address>
         <size>0x20c0</size>
         <input_file_ref idref="fl-25"/>
      </object_component>
      <object_component id="oc-295">
         <name>.text:_pconv_a</name>
         <load_address>0x118020c0</load_address>
         <run_address>0x118020c0</run_address>
         <size>0x660</size>
         <input_file_ref idref="fl-25"/>
      </object_component>
      <object_component id="oc-31e">
         <name>.text:__c6xabi_divd</name>
         <load_address>0x11802720</load_address>
         <run_address>0x11802720</run_address>
         <size>0x600</size>
         <input_file_ref idref="fl-3f"/>
      </object_component>
      <object_component id="oc-3d">
         <name>.text:retain</name>
         <load_address>0x11802d20</load_address>
         <run_address>0x11802d20</run_address>
         <size>0x560</size>
         <input_file_ref idref="fl-5"/>
      </object_component>
      <object_component id="oc-283">
         <name>.text:_pconv_g</name>
         <load_address>0x11803280</load_address>
         <run_address>0x11803280</run_address>
         <size>0x400</size>
         <input_file_ref idref="fl-25"/>
      </object_component>
      <object_component id="oc-3f0">
         <name>.text:free</name>
         <load_address>0x11803680</load_address>
         <run_address>0x11803680</run_address>
         <size>0x3c0</size>
         <input_file_ref idref="fl-42"/>
      </object_component>
      <object_component id="oc-1a3">
         <name>.text</name>
         <load_address>0x11803a40</load_address>
         <run_address>0x11803a40</run_address>
         <size>0x300</size>
         <input_file_ref idref="fl-4"/>
      </object_component>
      <object_component id="oc-25e">
         <name>.text:fputs</name>
         <load_address>0x11803d40</load_address>
         <run_address>0x11803d40</run_address>
         <size>0x2e0</size>
         <input_file_ref idref="fl-28"/>
      </object_component>
      <object_component id="oc-28f">
         <name>.text:_pconv_e</name>
         <load_address>0x11804020</load_address>
         <run_address>0x11804020</run_address>
         <size>0x2a0</size>
         <input_file_ref idref="fl-25"/>
      </object_component>
      <object_component id="oc-337">
         <name>.text:fcvt</name>
         <load_address>0x118042c0</load_address>
         <run_address>0x118042c0</run_address>
         <size>0x2a0</size>
         <input_file_ref idref="fl-25"/>
      </object_component>
      <object_component id="oc-30e">
         <name>.text:__c6xabi_divull</name>
         <load_address>0x11804560</load_address>
         <run_address>0x11804560</run_address>
         <size>0x260</size>
         <input_file_ref idref="fl-31"/>
      </object_component>
      <object_component id="oc-26b">
         <name>.text:_ltostr</name>
         <load_address>0x118047c0</load_address>
         <run_address>0x118047c0</run_address>
         <size>0x200</size>
         <input_file_ref idref="fl-25"/>
      </object_component>
      <object_component id="oc-37">
         <name>.text</name>
         <load_address>0x118049c0</load_address>
         <run_address>0x118049c0</run_address>
         <size>0x200</size>
         <input_file_ref idref="fl-5"/>
      </object_component>
      <object_component id="oc-314">
         <name>.text:__c6xabi_divul</name>
         <load_address>0x11804bc0</load_address>
         <run_address>0x11804bc0</run_address>
         <size>0x1c0</size>
         <input_file_ref idref="fl-30"/>
      </object_component>
      <object_component id="oc-257">
         <name>.text:fputc</name>
         <load_address>0x11804d80</load_address>
         <run_address>0x11804d80</run_address>
         <size>0x1c0</size>
         <input_file_ref idref="fl-27"/>
      </object_component>
      <object_component id="oc-33f">
         <name>.text:frexp</name>
         <load_address>0x11804f40</load_address>
         <run_address>0x11804f40</run_address>
         <size>0x1c0</size>
         <input_file_ref idref="fl-3b"/>
      </object_component>
      <object_component id="oc-345">
         <name>.text:ldexp</name>
         <load_address>0x11805100</load_address>
         <run_address>0x11805100</run_address>
         <size>0x1c0</size>
         <input_file_ref idref="fl-3d"/>
      </object_component>
      <object_component id="oc-3f6">
         <name>.text:malloc</name>
         <load_address>0x118052c0</load_address>
         <run_address>0x118052c0</run_address>
         <size>0x1c0</size>
         <input_file_ref idref="fl-42"/>
      </object_component>
      <object_component id="oc-384">
         <name>.text:setvbuf</name>
         <load_address>0x11805480</load_address>
         <run_address>0x11805480</run_address>
         <size>0x1c0</size>
         <input_file_ref idref="fl-2a"/>
      </object_component>
      <object_component id="oc-459">
         <name>.text:HOSTrename</name>
         <load_address>0x11805640</load_address>
         <run_address>0x11805640</run_address>
         <size>0x1a0</size>
         <input_file_ref idref="fl-58"/>
      </object_component>
      <object_component id="oc-289">
         <name>.text:_pconv_f</name>
         <load_address>0x118057e0</load_address>
         <run_address>0x118057e0</run_address>
         <size>0x120</size>
         <input_file_ref idref="fl-25"/>
      </object_component>
      <object_component id="oc-4d7">
         <name>.text:getdevice</name>
         <load_address>0x11805900</load_address>
         <run_address>0x11805900</run_address>
         <size>0x120</size>
         <input_file_ref idref="fl-5d"/>
      </object_component>
      <object_component id="oc-476">
         <name>.text:__TI_closefile</name>
         <load_address>0x11805a20</load_address>
         <run_address>0x11805a20</run_address>
         <size>0x100</size>
         <input_file_ref idref="fl-5c"/>
      </object_component>
      <object_component id="oc-55">
         <name>.text:__TI_decompress_rle_core</name>
         <load_address>0x11805b20</load_address>
         <run_address>0x11805b20</run_address>
         <size>0x100</size>
         <input_file_ref idref="fl-3a"/>
      </object_component>
      <object_component id="oc-330">
         <name>.text:_mcpy</name>
         <load_address>0x11805c20</load_address>
         <run_address>0x11805c20</run_address>
         <size>0x100</size>
         <input_file_ref idref="fl-25"/>
      </object_component>
      <object_component id="oc-265">
         <name>.text:atoi</name>
         <load_address>0x11805d20</load_address>
         <run_address>0x11805d20</run_address>
         <size>0x100</size>
         <input_file_ref idref="fl-46"/>
      </object_component>
      <object_component id="oc-93">
         <name>.text:fflush</name>
         <load_address>0x11805e20</load_address>
         <run_address>0x11805e20</run_address>
         <size>0x100</size>
         <input_file_ref idref="fl-26"/>
      </object_component>
      <object_component id="oc-37e">
         <name>.text:fseek</name>
         <load_address>0x11805f20</load_address>
         <run_address>0x11805f20</run_address>
         <size>0x100</size>
         <input_file_ref idref="fl-50"/>
      </object_component>
      <object_component id="oc-44d">
         <name>.text:HOSTlseek</name>
         <load_address>0x11806020</load_address>
         <run_address>0x11806020</run_address>
         <size>0xe0</size>
         <input_file_ref idref="fl-55"/>
      </object_component>
      <object_component id="oc-435">
         <name>.text:HOSTopen</name>
         <load_address>0x11806100</load_address>
         <run_address>0x11806100</run_address>
         <size>0xe0</size>
         <input_file_ref idref="fl-56"/>
      </object_component>
      <object_component id="oc-447">
         <name>.text:HOSTwrite</name>
         <load_address>0x118061e0</load_address>
         <run_address>0x118061e0</run_address>
         <size>0xe0</size>
         <input_file_ref idref="fl-5a"/>
      </object_component>
      <object_component id="oc-324">
         <name>.text:__TI_ltoa</name>
         <load_address>0x118062c0</load_address>
         <run_address>0x118062c0</run_address>
         <size>0xe0</size>
         <input_file_ref idref="fl-44"/>
      </object_component>
      <object_component id="oc-2ff">
         <name>.text:__TI_wrt_ok</name>
         <load_address>0x118063a0</load_address>
         <run_address>0x118063a0</run_address>
         <size>0xe0</size>
         <input_file_ref idref="fl-29"/>
      </object_component>
      <object_component id="oc-4b2">
         <name>.text:close</name>
         <load_address>0x11806480</load_address>
         <run_address>0x11806480</run_address>
         <size>0xe0</size>
         <input_file_ref idref="fl-5e"/>
      </object_component>
      <object_component id="oc-73">
         <name>.text:exit</name>
         <load_address>0x11806560</load_address>
         <run_address>0x11806560</run_address>
         <size>0xe0</size>
         <input_file_ref idref="fl-41"/>
      </object_component>
      <object_component id="oc-fa">
         <name>.text:memset</name>
         <load_address>0x11806640</load_address>
         <run_address>0x11806640</run_address>
         <size>0xe0</size>
         <input_file_ref idref="fl-33"/>
      </object_component>
      <object_component id="oc-8d">
         <name>.text:printf</name>
         <load_address>0x11806720</load_address>
         <run_address>0x11806720</run_address>
         <size>0xe0</size>
         <input_file_ref idref="fl-24"/>
      </object_component>
      <object_component id="oc-441">
         <name>.text:HOSTread</name>
         <load_address>0x11806800</load_address>
         <run_address>0x11806800</run_address>
         <size>0xc0</size>
         <input_file_ref idref="fl-57"/>
      </object_component>
      <object_component id="oc-453">
         <name>.text:HOSTunlink</name>
         <load_address>0x118068c0</load_address>
         <run_address>0x118068c0</run_address>
         <size>0xc0</size>
         <input_file_ref idref="fl-59"/>
      </object_component>
      <object_component id="oc-11c">
         <name>.text:__TI_auto_init_nobinit_nopinit:__TI_auto_init_nobinit_nopinit</name>
         <load_address>0x11806980</load_address>
         <run_address>0x11806980</run_address>
         <size>0xc0</size>
         <input_file_ref idref="fl-34"/>
      </object_component>
      <object_component id="oc-19d">
         <name>.text:__divu</name>
         <load_address>0x11806a40</load_address>
         <run_address>0x11806a40</run_address>
         <size>0xc0</size>
         <input_file_ref idref="fl-2c"/>
      </object_component>
      <object_component id="oc-46e">
         <name>.text:mremove</name>
         <load_address>0x11806b00</load_address>
         <run_address>0x11806b00</run_address>
         <size>0xc0</size>
         <input_file_ref idref="fl-42"/>
      </object_component>
      <object_component id="oc-232">
         <name>.text:tls:init:__TI_tls_init</name>
         <load_address>0x11806bc0</load_address>
         <run_address>0x11806bc0</run_address>
         <size>0xc0</size>
         <input_file_ref idref="fl-4b"/>
      </object_component>
      <object_component id="oc-43b">
         <name>.text:HOSTclose</name>
         <load_address>0x11806c80</load_address>
         <run_address>0x11806c80</run_address>
         <size>0xa0</size>
         <input_file_ref idref="fl-54"/>
      </object_component>
      <object_component id="oc-3fc">
         <name>.text:__TI_cleanup</name>
         <load_address>0x11806d20</load_address>
         <run_address>0x11806d20</run_address>
         <size>0xa0</size>
         <input_file_ref idref="fl-4f"/>
      </object_component>
      <object_component id="oc-18d">
         <name>.text:__TI_doflush</name>
         <load_address>0x11806dc0</load_address>
         <run_address>0x11806dc0</run_address>
         <size>0xa0</size>
         <input_file_ref idref="fl-26"/>
      </object_component>
      <object_component id="oc-1a9">
         <name>.text:__remu</name>
         <load_address>0x11806e60</load_address>
         <run_address>0x11806e60</run_address>
         <size>0xa0</size>
         <input_file_ref idref="fl-2e"/>
      </object_component>
      <object_component id="oc-32a">
         <name>.text:_ecpy</name>
         <load_address>0x11806f00</load_address>
         <run_address>0x11806f00</run_address>
         <size>0xa0</size>
         <input_file_ref idref="fl-25"/>
      </object_component>
      <object_component id="oc-4e7">
         <name>.text:finddevice</name>
         <load_address>0x11806fa0</load_address>
         <run_address>0x11806fa0</run_address>
         <size>0xa0</size>
         <input_file_ref idref="fl-5d"/>
      </object_component>
      <object_component id="oc-49">
         <name>.text:memcpy</name>
         <load_address>0x11807040</load_address>
         <run_address>0x11807040</run_address>
         <size>0xa0</size>
         <input_file_ref idref="fl-2d"/>
      </object_component>
      <object_component id="oc-468">
         <name>.text:minsert</name>
         <load_address>0x118070e0</load_address>
         <run_address>0x118070e0</run_address>
         <size>0xa0</size>
         <input_file_ref idref="fl-42"/>
      </object_component>
      <object_component id="oc-499">
         <name>.text:__TI_readmsg</name>
         <load_address>0x11807180</load_address>
         <run_address>0x11807180</run_address>
         <size>0x80</size>
         <input_file_ref idref="fl-5b"/>
      </object_component>
      <object_component id="oc-395">
         <name>.text:__c6xabi_llshl</name>
         <load_address>0x11807200</load_address>
         <run_address>0x11807200</run_address>
         <size>0x80</size>
         <input_file_ref idref="fl-32"/>
      </object_component>
      <object_component id="oc-24">
         <name>.text:_c_int00</name>
         <load_address>0x11807280</load_address>
         <run_address>0x11807280</run_address>
         <size>0x80</size>
         <input_file_ref idref="fl-2f"/>
      </object_component>
      <object_component id="oc-4b8">
         <name>.text:unlink</name>
         <load_address>0x11807300</load_address>
         <run_address>0x11807300</run_address>
         <size>0x80</size>
         <input_file_ref idref="fl-60"/>
      </object_component>
      <object_component id="oc-e1">
         <name>.text</name>
         <load_address>0x11807380</load_address>
         <run_address>0x11807380</run_address>
         <size>0x60</size>
         <input_file_ref idref="fl-2"/>
      </object_component>
      <object_component id="oc-493">
         <name>.text:__TI_writemsg</name>
         <load_address>0x118073e0</load_address>
         <run_address>0x118073e0</run_address>
         <size>0x60</size>
         <input_file_ref idref="fl-5b"/>
      </object_component>
      <object_component id="oc-3a1">
         <name>.text:__c6xabi_llshru</name>
         <load_address>0x11807440</load_address>
         <run_address>0x11807440</run_address>
         <size>0x60</size>
         <input_file_ref idref="fl-32"/>
      </object_component>
      <object_component id="oc-39b">
         <name>.text:_subcull</name>
         <load_address>0x118074a0</load_address>
         <run_address>0x118074a0</run_address>
         <size>0x60</size>
         <input_file_ref idref="fl-31"/>
      </object_component>
      <object_component id="oc-3e8">
         <name>.text:lseek</name>
         <load_address>0x11807500</load_address>
         <run_address>0x11807500</run_address>
         <size>0x60</size>
         <input_file_ref idref="fl-52"/>
      </object_component>
      <object_component id="oc-29b">
         <name>.text:memccpy</name>
         <load_address>0x11807560</load_address>
         <run_address>0x11807560</run_address>
         <size>0x60</size>
         <input_file_ref idref="fl-49"/>
      </object_component>
      <object_component id="oc-2cd">
         <name>.text:write</name>
         <load_address>0x118075c0</load_address>
         <run_address>0x118075c0</run_address>
         <size>0x60</size>
         <input_file_ref idref="fl-4a"/>
      </object_component>
      <object_component id="oc-3ab">
         <name>.text:__TI_frcmpyd_div</name>
         <load_address>0x11807620</load_address>
         <run_address>0x11807620</run_address>
         <size>0x40</size>
         <input_file_ref idref="fl-40"/>
      </object_component>
      <object_component id="oc-277">
         <name>.text:__c6xabi_isinf</name>
         <load_address>0x11807660</load_address>
         <run_address>0x11807660</run_address>
         <size>0x40</size>
         <input_file_ref idref="fl-3c"/>
      </object_component>
      <object_component id="oc-271">
         <name>.text:__c6xabi_isnan</name>
         <load_address>0x118076a0</load_address>
         <run_address>0x118076a0</run_address>
         <size>0x40</size>
         <input_file_ref idref="fl-25"/>
      </object_component>
      <object_component id="oc-6d">
         <name>.text:_args_main</name>
         <load_address>0x118076e0</load_address>
         <run_address>0x118076e0</run_address>
         <size>0x40</size>
         <input_file_ref idref="fl-45"/>
      </object_component>
      <object_component id="oc-2a1">
         <name>.text:wcslen</name>
         <load_address>0x11807720</load_address>
         <run_address>0x11807720</run_address>
         <size>0x40</size>
         <input_file_ref idref="fl-4e"/>
      </object_component>
      <object_component id="oc-2a7">
         <name>.text:__c6xabi_errno_addr</name>
         <load_address>0x11807760</load_address>
         <run_address>0x11807760</run_address>
         <size>0x20</size>
         <input_file_ref idref="fl-4d"/>
      </object_component>
      <object_component id="oc-193">
         <name>.text:__pop_rts</name>
         <load_address>0x11807780</load_address>
         <run_address>0x11807780</run_address>
         <size>0x20</size>
         <input_file_ref idref="fl-2b"/>
      </object_component>
      <object_component id="oc-188">
         <name>.text:__push_rts</name>
         <load_address>0x118077a0</load_address>
         <run_address>0x118077a0</run_address>
         <size>0x20</size>
         <input_file_ref idref="fl-2b"/>
      </object_component>
      <object_component id="oc-24c">
         <name>.text:_nop</name>
         <load_address>0x118077c0</load_address>
         <run_address>0x118077c0</run_address>
         <size>0x20</size>
         <input_file_ref idref="fl-43"/>
      </object_component>
      <object_component id="oc-174">
         <name>.text:_outc</name>
         <load_address>0x118077e0</load_address>
         <run_address>0x118077e0</run_address>
         <size>0x20</size>
         <input_file_ref idref="fl-24"/>
      </object_component>
      <object_component id="oc-17a">
         <name>.text:_outs</name>
         <load_address>0x11807800</load_address>
         <run_address>0x11807800</run_address>
         <size>0x20</size>
         <input_file_ref idref="fl-24"/>
      </object_component>
      <object_component id="oc-27d">
         <name>.text:_signbit</name>
         <load_address>0x11807820</load_address>
         <run_address>0x11807820</run_address>
         <size>0x20</size>
         <input_file_ref idref="fl-3e"/>
      </object_component>
      <object_component id="oc-22c">
         <name>.text:_system_post_cinit</name>
         <load_address>0x11807840</load_address>
         <run_address>0x11807840</run_address>
         <size>0x20</size>
         <input_file_ref idref="fl-36"/>
      </object_component>
      <object_component id="oc-79">
         <name>.text:_system_pre_init</name>
         <load_address>0x11807860</load_address>
         <run_address>0x11807860</run_address>
         <size>0x20</size>
         <input_file_ref idref="fl-35"/>
      </object_component>
      <object_component id="oc-113">
         <name>.text:abort</name>
         <load_address>0x11807880</load_address>
         <run_address>0x11807880</run_address>
         <size>0x20</size>
         <input_file_ref idref="fl-41"/>
      </object_component>
      <object_component id="oc-17">
         <name>.text:decompress:none:__TI_decompress_none</name>
         <load_address>0x118078a0</load_address>
         <run_address>0x118078a0</run_address>
         <size>0x20</size>
         <input_file_ref idref="fl-39"/>
      </object_component>
      <object_component id="oc-1d">
         <name>.text:decompress:rle24:__TI_decompress_rle24</name>
         <load_address>0x118078c0</load_address>
         <run_address>0x118078c0</run_address>
         <size>0x20</size>
         <input_file_ref idref="fl-3a"/>
      </object_component>
      <object_component id="oc-530">
         <name>$Tramp$S$$ADC_start</name>
         <load_address>0x118078e0</load_address>
         <run_address>0x118078e0</run_address>
         <size>0x10</size>
         <input_file_ref idref="fl-3"/>
      </object_component>
      <object_component id="oc-52f">
         <name>$Tramp$S$$DAC_start</name>
         <load_address>0x118078f0</load_address>
         <run_address>0x118078f0</run_address>
         <size>0x10</size>
         <input_file_ref idref="fl-3"/>
      </object_component>
      <object_component id="oc-52e">
         <name>$Tramp$S$$PRU_run</name>
         <load_address>0x11807900</load_address>
         <run_address>0x11807900</run_address>
         <size>0x10</size>
         <input_file_ref idref="fl-6"/>
      </object_component>
      <object_component id="oc-52d">
         <name>$Tramp$S$$PRU_load</name>
         <load_address>0x11807910</load_address>
         <run_address>0x11807910</run_address>
         <size>0x10</size>
         <input_file_ref idref="fl-6"/>
      </object_component>
      <object_component id="oc-52c">
         <name>$Tramp$S$$PRU_init</name>
         <load_address>0x11807920</load_address>
         <run_address>0x11807920</run_address>
         <size>0x10</size>
         <input_file_ref idref="fl-6"/>
      </object_component>
      <object_component id="oc-52b">
         <name>$Tramp$S$$DAC_config</name>
         <load_address>0x11807930</load_address>
         <run_address>0x11807930</run_address>
         <size>0x10</size>
         <input_file_ref idref="fl-3"/>
      </object_component>
      <object_component id="oc-52a">
         <name>$Tramp$S$$ADC_config</name>
         <load_address>0x11807940</load_address>
         <run_address>0x11807940</run_address>
         <size>0x10</size>
         <input_file_ref idref="fl-3"/>
      </object_component>
      <object_component id="oc-529">
         <name>$Tramp$S$$I2C_init</name>
         <load_address>0x11807950</load_address>
         <run_address>0x11807950</run_address>
         <size>0x10</size>
         <input_file_ref idref="fl-4"/>
      </object_component>
      <object_component id="oc-84">
         <name>.common:I2C_globals</name>
         <uninitialized>true</uninitialized>
         <run_address>0x118091c0</run_address>
         <size>0x14</size>
      </object_component>
      <object_component id="oc-d0">
         <name>.common:H_filt_poly_h0_20</name>
         <uninitialized>true</uninitialized>
         <run_address>0x118090c0</run_address>
         <size>0x40</size>
      </object_component>
      <object_component id="oc-dc">
         <name>.common:H_filt_poly_h0_21</name>
         <uninitialized>true</uninitialized>
         <run_address>0x11809100</run_address>
         <size>0x40</size>
      </object_component>
      <object_component id="oc-d8">
         <name>.common:H_filt_poly_h1_20</name>
         <uninitialized>true</uninitialized>
         <run_address>0x11809140</run_address>
         <size>0x40</size>
      </object_component>
      <object_component id="oc-e0">
         <name>.common:H_filt_poly_h1_21</name>
         <uninitialized>true</uninitialized>
         <run_address>0x11809180</run_address>
         <size>0x40</size>
      </object_component>
      <object_component id="oc-c7">
         <name>.common:H_filt_poly_g0_20</name>
         <uninitialized>true</uninitialized>
         <run_address>0x11808fc0</run_address>
         <size>0x40</size>
      </object_component>
      <object_component id="oc-bb">
         <name>.common:H_filt_poly_g0_21</name>
         <uninitialized>true</uninitialized>
         <run_address>0x11809000</run_address>
         <size>0x40</size>
      </object_component>
      <object_component id="oc-cb">
         <name>.common:H_filt_poly_g1_20</name>
         <uninitialized>true</uninitialized>
         <run_address>0x11809040</run_address>
         <size>0x40</size>
      </object_component>
      <object_component id="oc-c2">
         <name>.common:H_filt_poly_g1_21</name>
         <uninitialized>true</uninitialized>
         <run_address>0x11809080</run_address>
         <size>0x40</size>
      </object_component>
      <object_component id="oc-c3">
         <name>.common:outData</name>
         <uninitialized>true</uninitialized>
         <run_address>0x118091f0</run_address>
         <size>0x4</size>
      </object_component>
      <object_component id="oc-d4">
         <name>.common:dec_filtered</name>
         <uninitialized>true</uninitialized>
         <run_address>0x118091d8</run_address>
         <size>0x8</size>
      </object_component>
      <object_component id="oc-bd">
         <name>.common:int_filtered</name>
         <uninitialized>true</uninitialized>
         <run_address>0x118091e8</run_address>
         <size>0x4</size>
      </object_component>
      <object_component id="oc-4be">
         <name>.common:__TI_tmpnams</name>
         <uninitialized>true</uninitialized>
         <run_address>0x11808e80</run_address>
         <size>0x140</size>
      </object_component>
      <object_component id="oc-490">
         <name>.common:parmbuf</name>
         <uninitialized>true</uninitialized>
         <run_address>0x118091e0</run_address>
         <size>0x8</size>
      </object_component>
      <object_component id="oc-2ae">
         <name>.switch:__TI_printfi</name>
         <load_address>0x11809548</load_address>
         <run_address>0x11809548</run_address>
         <size>0x38</size>
         <input_file_ref idref="fl-25"/>
      </object_component>
      <object_component id="oc-34">
         <name>.switch:I2C_int</name>
         <load_address>0x11809580</load_address>
         <run_address>0x11809580</run_address>
         <size>0x18</size>
         <input_file_ref idref="fl-4"/>
      </object_component>
      <object_component id="oc-43">
         <name>.stack</name>
         <uninitialized>true</uninitialized>
         <run_address>0x11f00040</run_address>
         <size>0x8</size>
         <input_file_ref idref="fl-2f"/>
      </object_component>
      <object_component id="oc-527">
         <name>.stack</name>
         <uninitialized>true</uninitialized>
         <run_address>0x11f00040</run_address>
         <size>0x0</size>
      </object_component>
      <object_component id="oc-46">
         <name>.sysmem</name>
         <uninitialized>true</uninitialized>
         <run_address>0x11807960</run_address>
         <size>0x8</size>
         <input_file_ref idref="fl-42"/>
      </object_component>
      <object_component id="oc-528">
         <name>.sysmem</name>
         <uninitialized>true</uninitialized>
         <run_address>0x11807960</run_address>
         <size>0x0</size>
      </object_component>
      <object_component id="oc-523">
         <name>.cinit..fardata.load</name>
         <load_address>0xc0001b10</load_address>
         <run_address>0xc0001b10</run_address>
         <size>0x272</size>
      </object_component>
      <object_component id="oc-525">
         <name>.cinit..neardata.load</name>
         <load_address>0xc0001d82</load_address>
         <run_address>0xc0001d82</run_address>
         <size>0x10</size>
      </object_component>
      <object_component id="oc-522">
         <name>.cinit..far.load</name>
         <load_address>0xc0001d92</load_address>
         <run_address>0xc0001d92</run_address>
         <size>0xb</size>
      </object_component>
      <object_component id="oc-524">
         <name>.cinit..bss.load</name>
         <load_address>0xc0001d9d</load_address>
         <run_address>0xc0001d9d</run_address>
         <size>0x9</size>
      </object_component>
      <object_component id="oc-526">
         <name>.cinit..data_crit.load</name>
         <load_address>0xc0001da6</load_address>
         <run_address>0xc0001da6</run_address>
         <size>0x9</size>
      </object_component>
      <object_component id="oc-520">
         <name>__TI_handler_table</name>
         <load_address>0xc0001db0</load_address>
         <run_address>0xc0001db0</run_address>
         <size>0x8</size>
      </object_component>
      <object_component id="oc-521">
         <name>__TI_cinit_table</name>
         <load_address>0xc0001db8</load_address>
         <run_address>0xc0001db8</run_address>
         <size>0x28</size>
      </object_component>
      <object_component id="oc-4c3">
         <name>.cio</name>
         <uninitialized>true</uninitialized>
         <run_address>0xc00019f0</run_address>
         <size>0x120</size>
         <input_file_ref idref="fl-5b"/>
      </object_component>
      <object_component id="oc-d1">
         <name>.fardata:h0_20</name>
         <load_address>0x11808d58</load_address>
         <run_address>0x11808d58</run_address>
         <size>0x40</size>
         <input_file_ref idref="fl-5"/>
      </object_component>
      <object_component id="oc-d9">
         <name>.fardata:h0_21</name>
         <load_address>0x11808d98</load_address>
         <run_address>0x11808d98</run_address>
         <size>0x40</size>
         <input_file_ref idref="fl-5"/>
      </object_component>
      <object_component id="oc-d5">
         <name>.fardata:h1_20</name>
         <load_address>0x11808dd8</load_address>
         <run_address>0x11808dd8</run_address>
         <size>0x40</size>
         <input_file_ref idref="fl-5"/>
      </object_component>
      <object_component id="oc-dd">
         <name>.fardata:h1_21</name>
         <load_address>0x11808e18</load_address>
         <run_address>0x11808e18</run_address>
         <size>0x40</size>
         <input_file_ref idref="fl-5"/>
      </object_component>
      <object_component id="oc-c4">
         <name>.fardata:g0_20</name>
         <load_address>0x11808c58</load_address>
         <run_address>0x11808c58</run_address>
         <size>0x40</size>
         <input_file_ref idref="fl-5"/>
      </object_component>
      <object_component id="oc-b8">
         <name>.fardata:g0_21</name>
         <load_address>0x11808c98</load_address>
         <run_address>0x11808c98</run_address>
         <size>0x40</size>
         <input_file_ref idref="fl-5"/>
      </object_component>
      <object_component id="oc-c8">
         <name>.fardata:g1_20</name>
         <load_address>0x11808cd8</load_address>
         <run_address>0x11808cd8</run_address>
         <size>0x40</size>
         <input_file_ref idref="fl-5"/>
      </object_component>
      <object_component id="oc-be">
         <name>.fardata:g1_21</name>
         <load_address>0x11808d18</load_address>
         <run_address>0x11808d18</run_address>
         <size>0x40</size>
         <input_file_ref idref="fl-5"/>
      </object_component>
      <object_component id="oc-110">
         <name>.fardata</name>
         <load_address>0x11808e58</load_address>
         <run_address>0x11808e58</run_address>
         <size>0xc</size>
         <input_file_ref idref="fl-41"/>
      </object_component>
      <object_component id="oc-465">
         <name>.fardata</name>
         <load_address>0x11808e64</load_address>
         <run_address>0x11808e64</run_address>
         <size>0x8</size>
         <input_file_ref idref="fl-42"/>
      </object_component>
      <object_component id="oc-16e">
         <name>.fardata:_lock</name>
         <load_address>0x11808e6c</load_address>
         <run_address>0x11808e6c</run_address>
         <size>0x4</size>
         <input_file_ref idref="fl-43"/>
      </object_component>
      <object_component id="oc-171">
         <name>.fardata:_unlock</name>
         <load_address>0x11808e70</load_address>
         <run_address>0x11808e70</run_address>
         <size>0x4</size>
         <input_file_ref idref="fl-43"/>
      </object_component>
      <object_component id="oc-ab">
         <name>.fardata:_ftable</name>
         <load_address>0x11808960</load_address>
         <run_address>0x11808960</run_address>
         <size>0x1e0</size>
         <input_file_ref idref="fl-48"/>
      </object_component>
      <object_component id="oc-198">
         <name>.fardata</name>
         <load_address>0x11808e74</load_address>
         <run_address>0x11808e74</run_address>
         <size>0x4</size>
         <input_file_ref idref="fl-48"/>
      </object_component>
      <object_component id="oc-3d7">
         <name>.fardata:_device</name>
         <load_address>0x11808be0</load_address>
         <run_address>0x11808be0</run_address>
         <size>0x78</size>
         <input_file_ref idref="fl-4a"/>
      </object_component>
      <object_component id="oc-366">
         <name>.fardata:_stream</name>
         <load_address>0x11808b40</load_address>
         <run_address>0x11808b40</run_address>
         <size>0xa0</size>
         <input_file_ref idref="fl-4a"/>
      </object_component>
      <object_component id="oc-355">
         <name>.fardata</name>
         <load_address>0x11808e78</load_address>
         <run_address>0x11808e78</run_address>
         <size>0x4</size>
         <input_file_ref idref="fl-4d"/>
      </object_component>
      <object_component id="oc-1ae">
         <name>.common:DAC_trigSrc</name>
         <uninitialized>true</uninitialized>
         <run_address>0x118091f8</run_address>
         <size>0x4</size>
      </object_component>
      <object_component id="oc-cc">
         <name>.common:idx</name>
         <uninitialized>true</uninitialized>
         <run_address>0x118091fc</run_address>
         <size>0x2</size>
      </object_component>
      <object_component id="oc-bc">
         <name>.common:x_0</name>
         <uninitialized>true</uninitialized>
         <run_address>0x118091fe</run_address>
         <size>0x2</size>
      </object_component>
      <object_component id="oc-c1">
         <name>.common:x_1</name>
         <uninitialized>true</uninitialized>
         <run_address>0x11809200</run_address>
         <size>0x2</size>
      </object_component>
      <object_component id="oc-b5">
         <name>.neardata</name>
         <load_address>0x11809204</load_address>
         <run_address>0x11809204</run_address>
         <size>0xa</size>
         <input_file_ref idref="fl-5"/>
      </object_component>
      <object_component id="oc-81">
         <name>.neardata</name>
         <load_address>0x11809210</load_address>
         <run_address>0x11809210</run_address>
         <size>0x4</size>
         <input_file_ref idref="fl-4"/>
      </object_component>
      <object_component id="oc-ae">
         <name>.const:.string</name>
         <load_address>0x11809218</load_address>
         <run_address>0x11809218</run_address>
         <size>0x208</size>
         <input_file_ref idref="fl-5"/>
      </object_component>
      <object_component id="oc-309">
         <name>.const:.string:_ctypes_</name>
         <load_address>0x11809420</load_address>
         <run_address>0x11809420</run_address>
         <size>0x101</size>
         <input_file_ref idref="fl-47"/>
      </object_component>
      <object_component id="oc-2ad">
         <name>.const:.string</name>
         <load_address>0x11809524</load_address>
         <run_address>0x11809524</run_address>
         <size>0x24</size>
         <input_file_ref idref="fl-25"/>
      </object_component>
      <object_component id="oc-30">
         <name>.text_interrupt:retain</name>
         <load_address>0x11e00200</load_address>
         <run_address>0x11e00200</run_address>
         <size>0x200</size>
         <input_file_ref idref="fl-4"/>
      </object_component>
      <object_component id="oc-cd">
         <name>.data_crit</name>
         <uninitialized>true</uninitialized>
         <run_address>0x11f01040</run_address>
         <size>0x20</size>
         <input_file_ref idref="fl-5"/>
      </object_component>
      <object_component id="oc-9f">
         <name>.text_slow</name>
         <load_address>0xc0000000</load_address>
         <run_address>0xc0000000</run_address>
         <size>0x1240</size>
         <input_file_ref idref="fl-3"/>
      </object_component>
      <object_component id="oc-a5">
         <name>.text_slow</name>
         <load_address>0xc0001240</load_address>
         <run_address>0xc0001240</run_address>
         <size>0x180</size>
         <input_file_ref idref="fl-6"/>
      </object_component>
      <object_component id="oc-99">
         <name>.text_slow</name>
         <load_address>0xc00013c0</load_address>
         <run_address>0xc00013c0</run_address>
         <size>0x160</size>
         <input_file_ref idref="fl-4"/>
      </object_component>
      <object_component id="oc-531">
         <name>$Tramp$S$$I2C_writeRead</name>
         <load_address>0xc0001520</load_address>
         <run_address>0xc0001520</run_address>
         <size>0x10</size>
         <input_file_ref idref="fl-4"/>
      </object_component>
      <object_component id="oc-532">
         <name>$Tramp$S$$I2C_write</name>
         <load_address>0xc0001530</load_address>
         <run_address>0xc0001530</run_address>
         <size>0x10</size>
         <input_file_ref idref="fl-4"/>
      </object_component>
      <object_component id="oc-533">
         <name>$Tramp$S$$__c6xabi_remu</name>
         <load_address>0xc0001540</load_address>
         <run_address>0xc0001540</run_address>
         <size>0x10</size>
         <input_file_ref idref="fl-2e"/>
      </object_component>
      <object_component id="oc-534">
         <name>$Tramp$S$$__c6xabi_divu</name>
         <load_address>0xc0001550</load_address>
         <run_address>0xc0001550</run_address>
         <size>0x10</size>
         <input_file_ref idref="fl-2c"/>
      </object_component>
      <object_component id="oc-535">
         <name>$Tramp$S$$memcpy</name>
         <load_address>0xc0001560</load_address>
         <run_address>0xc0001560</run_address>
         <size>0x10</size>
         <input_file_ref idref="fl-2d"/>
      </object_component>
      <object_component id="oc-af">
         <name>.const_slow</name>
         <load_address>0xc0001580</load_address>
         <run_address>0xc0001580</run_address>
         <size>0x470</size>
         <input_file_ref idref="fl-5"/>
      </object_component>
      <object_component id="oc-e2">
         <name>.debug_info</name>
         <load_address>0x0</load_address>
         <run_address>0x0</run_address>
         <size>0xfd</size>
         <input_file_ref idref="fl-2"/>
      </object_component>
      <object_component id="oc-1af">
         <name>.debug_info</name>
         <load_address>0xfd</load_address>
         <run_address>0xfd</run_address>
         <size>0x89b</size>
         <input_file_ref idref="fl-3"/>
      </object_component>
      <object_component id="oc-a0">
         <name>.debug_info</name>
         <load_address>0x998</load_address>
         <run_address>0x998</run_address>
         <size>0xc3f</size>
         <input_file_ref idref="fl-3"/>
      </object_component>
      <object_component id="oc-1b2">
         <name>.debug_info</name>
         <load_address>0x15d7</load_address>
         <run_address>0x15d7</run_address>
         <size>0x37b</size>
         <input_file_ref idref="fl-3"/>
      </object_component>
      <object_component id="oc-155">
         <name>.debug_info</name>
         <load_address>0x1952</load_address>
         <run_address>0x1952</run_address>
         <size>0x3ff</size>
         <input_file_ref idref="fl-3"/>
      </object_component>
      <object_component id="oc-164">
         <name>.debug_info</name>
         <load_address>0x1d51</load_address>
         <run_address>0x1d51</run_address>
         <size>0xae</size>
         <input_file_ref idref="fl-3"/>
      </object_component>
      <object_component id="oc-1b7">
         <name>.debug_info</name>
         <load_address>0x1dff</load_address>
         <run_address>0x1dff</run_address>
         <size>0xac1</size>
         <input_file_ref idref="fl-3"/>
      </object_component>
      <object_component id="oc-1bc">
         <name>.debug_info</name>
         <load_address>0x28c0</load_address>
         <run_address>0x28c0</run_address>
         <size>0x24b</size>
         <input_file_ref idref="fl-3"/>
      </object_component>
      <object_component id="oc-1c1">
         <name>.debug_info</name>
         <load_address>0x2b0b</load_address>
         <run_address>0x2b0b</run_address>
         <size>0xa5b</size>
         <input_file_ref idref="fl-3"/>
      </object_component>
      <object_component id="oc-1da">
         <name>.debug_info</name>
         <load_address>0x3566</load_address>
         <run_address>0x3566</run_address>
         <size>0x110</size>
         <input_file_ref idref="fl-3"/>
      </object_component>
      <object_component id="oc-15f">
         <name>.debug_info</name>
         <load_address>0x3676</load_address>
         <run_address>0x3676</run_address>
         <size>0x26b</size>
         <input_file_ref idref="fl-3"/>
      </object_component>
      <object_component id="oc-e7">
         <name>.debug_info</name>
         <load_address>0x38e1</load_address>
         <run_address>0x38e1</run_address>
         <size>0xc0</size>
         <input_file_ref idref="fl-3"/>
      </object_component>
      <object_component id="oc-15a">
         <name>.debug_info</name>
         <load_address>0x39a1</load_address>
         <run_address>0x39a1</run_address>
         <size>0xbb</size>
         <input_file_ref idref="fl-3"/>
      </object_component>
      <object_component id="oc-169">
         <name>.debug_info</name>
         <load_address>0x3a5c</load_address>
         <run_address>0x3a5c</run_address>
         <size>0x275</size>
         <input_file_ref idref="fl-3"/>
      </object_component>
      <object_component id="oc-88">
         <name>.debug_info</name>
         <load_address>0x3cd1</load_address>
         <run_address>0x3cd1</run_address>
         <size>0xbb</size>
         <input_file_ref idref="fl-3"/>
      </object_component>
      <object_component id="oc-85">
         <name>.debug_info</name>
         <load_address>0x3d8c</load_address>
         <run_address>0x3d8c</run_address>
         <size>0x65e</size>
         <input_file_ref idref="fl-4"/>
      </object_component>
      <object_component id="oc-82">
         <name>.debug_info</name>
         <load_address>0x43ea</load_address>
         <run_address>0x43ea</run_address>
         <size>0x103</size>
         <input_file_ref idref="fl-4"/>
      </object_component>
      <object_component id="oc-1a4">
         <name>.debug_info</name>
         <load_address>0x44ed</load_address>
         <run_address>0x44ed</run_address>
         <size>0x5bb</size>
         <input_file_ref idref="fl-4"/>
      </object_component>
      <object_component id="oc-31">
         <name>.debug_info</name>
         <load_address>0x4aa8</load_address>
         <run_address>0x4aa8</run_address>
         <size>0x193</size>
         <input_file_ref idref="fl-4"/>
      </object_component>
      <object_component id="oc-9a">
         <name>.debug_info</name>
         <load_address>0x4c3b</load_address>
         <run_address>0x4c3b</run_address>
         <size>0x218</size>
         <input_file_ref idref="fl-4"/>
      </object_component>
      <object_component id="oc-14e">
         <name>.debug_info</name>
         <load_address>0x4e53</load_address>
         <run_address>0x4e53</run_address>
         <size>0x20f</size>
         <input_file_ref idref="fl-4"/>
      </object_component>
      <object_component id="oc-b3">
         <name>.debug_info</name>
         <load_address>0x5062</load_address>
         <run_address>0x5062</run_address>
         <size>0xc79</size>
         <input_file_ref idref="fl-5"/>
      </object_component>
      <object_component id="oc-b0">
         <name>.debug_info</name>
         <load_address>0x5cdb</load_address>
         <run_address>0x5cdb</run_address>
         <size>0xf2</size>
         <input_file_ref idref="fl-5"/>
      </object_component>
      <object_component id="oc-d2">
         <name>.debug_info</name>
         <load_address>0x5dcd</load_address>
         <run_address>0x5dcd</run_address>
         <size>0xe4</size>
         <input_file_ref idref="fl-5"/>
      </object_component>
      <object_component id="oc-da">
         <name>.debug_info</name>
         <load_address>0x5eb1</load_address>
         <run_address>0x5eb1</run_address>
         <size>0xe4</size>
         <input_file_ref idref="fl-5"/>
      </object_component>
      <object_component id="oc-d6">
         <name>.debug_info</name>
         <load_address>0x5f95</load_address>
         <run_address>0x5f95</run_address>
         <size>0xe4</size>
         <input_file_ref idref="fl-5"/>
      </object_component>
      <object_component id="oc-de">
         <name>.debug_info</name>
         <load_address>0x6079</load_address>
         <run_address>0x6079</run_address>
         <size>0xe4</size>
         <input_file_ref idref="fl-5"/>
      </object_component>
      <object_component id="oc-c5">
         <name>.debug_info</name>
         <load_address>0x615d</load_address>
         <run_address>0x615d</run_address>
         <size>0xe4</size>
         <input_file_ref idref="fl-5"/>
      </object_component>
      <object_component id="oc-b9">
         <name>.debug_info</name>
         <load_address>0x6241</load_address>
         <run_address>0x6241</run_address>
         <size>0xe4</size>
         <input_file_ref idref="fl-5"/>
      </object_component>
      <object_component id="oc-c9">
         <name>.debug_info</name>
         <load_address>0x6325</load_address>
         <run_address>0x6325</run_address>
         <size>0xe4</size>
         <input_file_ref idref="fl-5"/>
      </object_component>
      <object_component id="oc-bf">
         <name>.debug_info</name>
         <load_address>0x6409</load_address>
         <run_address>0x6409</run_address>
         <size>0xe4</size>
         <input_file_ref idref="fl-5"/>
      </object_component>
      <object_component id="oc-ce">
         <name>.debug_info</name>
         <load_address>0x64ed</load_address>
         <run_address>0x64ed</run_address>
         <size>0xe4</size>
         <input_file_ref idref="fl-5"/>
      </object_component>
      <object_component id="oc-b6">
         <name>.debug_info</name>
         <load_address>0x65d1</load_address>
         <run_address>0x65d1</run_address>
         <size>0x120</size>
         <input_file_ref idref="fl-5"/>
      </object_component>
      <object_component id="oc-38">
         <name>.debug_info</name>
         <load_address>0x66f1</load_address>
         <run_address>0x66f1</run_address>
         <size>0x34f</size>
         <input_file_ref idref="fl-5"/>
      </object_component>
      <object_component id="oc-3e">
         <name>.debug_info</name>
         <load_address>0x6a40</load_address>
         <run_address>0x6a40</run_address>
         <size>0x24e</size>
         <input_file_ref idref="fl-5"/>
      </object_component>
      <object_component id="oc-1df">
         <name>.debug_info</name>
         <load_address>0x6c8e</load_address>
         <run_address>0x6c8e</run_address>
         <size>0xdf</size>
         <input_file_ref idref="fl-5"/>
      </object_component>
      <object_component id="oc-1e4">
         <name>.debug_info</name>
         <load_address>0x6d6d</load_address>
         <run_address>0x6d6d</run_address>
         <size>0x186</size>
         <input_file_ref idref="fl-5"/>
      </object_component>
      <object_component id="oc-1e9">
         <name>.debug_info</name>
         <load_address>0x6ef3</load_address>
         <run_address>0x6ef3</run_address>
         <size>0xbf</size>
         <input_file_ref idref="fl-5"/>
      </object_component>
      <object_component id="oc-2b1">
         <name>.debug_info</name>
         <load_address>0x6fb2</load_address>
         <run_address>0x6fb2</run_address>
         <size>0x2c</size>
         <input_file_ref idref="fl-5"/>
      </object_component>
      <object_component id="oc-1cc">
         <name>.debug_info</name>
         <load_address>0x6fde</load_address>
         <run_address>0x6fde</run_address>
         <size>0x669</size>
         <input_file_ref idref="fl-6"/>
      </object_component>
      <object_component id="oc-a6">
         <name>.debug_info</name>
         <load_address>0x7647</load_address>
         <run_address>0x7647</run_address>
         <size>0x47f</size>
         <input_file_ref idref="fl-6"/>
      </object_component>
      <object_component id="oc-1c7">
         <name>.debug_info</name>
         <load_address>0x7ac6</load_address>
         <run_address>0x7ac6</run_address>
         <size>0x4cc</size>
         <input_file_ref idref="fl-6"/>
      </object_component>
      <object_component id="oc-1cd">
         <name>.debug_info</name>
         <load_address>0x7f92</load_address>
         <run_address>0x7f92</run_address>
         <size>0x53</size>
         <input_file_ref idref="fl-6"/>
      </object_component>
      <object_component id="oc-187">
         <name>.debug_info</name>
         <load_address>0x7fe5</load_address>
         <run_address>0x7fe5</run_address>
         <size>0x6b0</size>
         <input_file_ref idref="fl-24"/>
      </object_component>
      <object_component id="oc-178">
         <name>.debug_info</name>
         <load_address>0x8695</load_address>
         <run_address>0x8695</run_address>
         <size>0x152</size>
         <input_file_ref idref="fl-24"/>
      </object_component>
      <object_component id="oc-17e">
         <name>.debug_info</name>
         <load_address>0x87e7</load_address>
         <run_address>0x87e7</run_address>
         <size>0x161</size>
         <input_file_ref idref="fl-24"/>
      </object_component>
      <object_component id="oc-91">
         <name>.debug_info</name>
         <load_address>0x8948</load_address>
         <run_address>0x8948</run_address>
         <size>0x199</size>
         <input_file_ref idref="fl-24"/>
      </object_component>
      <object_component id="oc-2c7">
         <name>.debug_info</name>
         <load_address>0x8ae1</load_address>
         <run_address>0x8ae1</run_address>
         <size>0xb2</size>
         <input_file_ref idref="fl-24"/>
      </object_component>
      <object_component id="oc-2b0">
         <name>.debug_info</name>
         <load_address>0x8b93</load_address>
         <run_address>0x8b93</run_address>
         <size>0x80e</size>
         <input_file_ref idref="fl-25"/>
      </object_component>
      <object_component id="oc-26e">
         <name>.debug_info</name>
         <load_address>0x93a1</load_address>
         <run_address>0x93a1</run_address>
         <size>0x26b</size>
         <input_file_ref idref="fl-25"/>
      </object_component>
      <object_component id="oc-274">
         <name>.debug_info</name>
         <load_address>0x960c</load_address>
         <run_address>0x960c</run_address>
         <size>0x222</size>
         <input_file_ref idref="fl-25"/>
      </object_component>
      <object_component id="oc-32d">
         <name>.debug_info</name>
         <load_address>0x982e</load_address>
         <run_address>0x982e</run_address>
         <size>0x1a9</size>
         <input_file_ref idref="fl-25"/>
      </object_component>
      <object_component id="oc-333">
         <name>.debug_info</name>
         <load_address>0x99d7</load_address>
         <run_address>0x99d7</run_address>
         <size>0x21a</size>
         <input_file_ref idref="fl-25"/>
      </object_component>
      <object_component id="oc-286">
         <name>.debug_info</name>
         <load_address>0x9bf1</load_address>
         <run_address>0x9bf1</run_address>
         <size>0x304</size>
         <input_file_ref idref="fl-25"/>
      </object_component>
      <object_component id="oc-33a">
         <name>.debug_info</name>
         <load_address>0x9ef5</load_address>
         <run_address>0x9ef5</run_address>
         <size>0x246</size>
         <input_file_ref idref="fl-25"/>
      </object_component>
      <object_component id="oc-28c">
         <name>.debug_info</name>
         <load_address>0xa13b</load_address>
         <run_address>0xa13b</run_address>
         <size>0x272</size>
         <input_file_ref idref="fl-25"/>
      </object_component>
      <object_component id="oc-292">
         <name>.debug_info</name>
         <load_address>0xa3ad</load_address>
         <run_address>0xa3ad</run_address>
         <size>0x2ec</size>
         <input_file_ref idref="fl-25"/>
      </object_component>
      <object_component id="oc-298">
         <name>.debug_info</name>
         <load_address>0xa699</load_address>
         <run_address>0xa699</run_address>
         <size>0x4ac</size>
         <input_file_ref idref="fl-25"/>
      </object_component>
      <object_component id="oc-184">
         <name>.debug_info</name>
         <load_address>0xab45</load_address>
         <run_address>0xab45</run_address>
         <size>0x6b0</size>
         <input_file_ref idref="fl-25"/>
      </object_component>
      <object_component id="oc-2b6">
         <name>.debug_info</name>
         <load_address>0xb1f5</load_address>
         <run_address>0xb1f5</run_address>
         <size>0x86</size>
         <input_file_ref idref="fl-25"/>
      </object_component>
      <object_component id="oc-35c">
         <name>.debug_info</name>
         <load_address>0xb27b</load_address>
         <run_address>0xb27b</run_address>
         <size>0x39</size>
         <input_file_ref idref="fl-25"/>
      </object_component>
      <object_component id="oc-3d2">
         <name>.debug_info</name>
         <load_address>0xb2b4</load_address>
         <run_address>0xb2b4</run_address>
         <size>0x94</size>
         <input_file_ref idref="fl-25"/>
      </object_component>
      <object_component id="oc-361">
         <name>.debug_info</name>
         <load_address>0xb348</load_address>
         <run_address>0xb348</run_address>
         <size>0x46</size>
         <input_file_ref idref="fl-25"/>
      </object_component>
      <object_component id="oc-2c0">
         <name>.debug_info</name>
         <load_address>0xb38e</load_address>
         <run_address>0xb38e</run_address>
         <size>0x46</size>
         <input_file_ref idref="fl-25"/>
      </object_component>
      <object_component id="oc-2bb">
         <name>.debug_info</name>
         <load_address>0xb3d4</load_address>
         <run_address>0xb3d4</run_address>
         <size>0x2c</size>
         <input_file_ref idref="fl-25"/>
      </object_component>
      <object_component id="oc-19c">
         <name>.debug_info</name>
         <load_address>0xb400</load_address>
         <run_address>0xb400</run_address>
         <size>0x612</size>
         <input_file_ref idref="fl-26"/>
      </object_component>
      <object_component id="oc-18e">
         <name>.debug_info</name>
         <load_address>0xba12</load_address>
         <run_address>0xba12</run_address>
         <size>0x17a</size>
         <input_file_ref idref="fl-26"/>
      </object_component>
      <object_component id="oc-95">
         <name>.debug_info</name>
         <load_address>0xbb8c</load_address>
         <run_address>0xbb8c</run_address>
         <size>0x204</size>
         <input_file_ref idref="fl-26"/>
      </object_component>
      <object_component id="oc-306">
         <name>.debug_info</name>
         <load_address>0xbd90</load_address>
         <run_address>0xbd90</run_address>
         <size>0x64e</size>
         <input_file_ref idref="fl-27"/>
      </object_component>
      <object_component id="oc-259">
         <name>.debug_info</name>
         <load_address>0xc3de</load_address>
         <run_address>0xc3de</run_address>
         <size>0x213</size>
         <input_file_ref idref="fl-27"/>
      </object_component>
      <object_component id="oc-308">
         <name>.debug_info</name>
         <load_address>0xc5f1</load_address>
         <run_address>0xc5f1</run_address>
         <size>0x65f</size>
         <input_file_ref idref="fl-28"/>
      </object_component>
      <object_component id="oc-260">
         <name>.debug_info</name>
         <load_address>0xcc50</load_address>
         <run_address>0xcc50</run_address>
         <size>0x326</size>
         <input_file_ref idref="fl-28"/>
      </object_component>
      <object_component id="oc-213">
         <name>.debug_info</name>
         <load_address>0xcf76</load_address>
         <run_address>0xcf76</run_address>
         <size>0x2c</size>
         <input_file_ref idref="fl-28"/>
      </object_component>
      <object_component id="oc-38b">
         <name>.debug_info</name>
         <load_address>0xcfa2</load_address>
         <run_address>0xcfa2</run_address>
         <size>0x5ca</size>
         <input_file_ref idref="fl-29"/>
      </object_component>
      <object_component id="oc-303">
         <name>.debug_info</name>
         <load_address>0xd56c</load_address>
         <run_address>0xd56c</run_address>
         <size>0x18c</size>
         <input_file_ref idref="fl-29"/>
      </object_component>
      <object_component id="oc-404">
         <name>.debug_info</name>
         <load_address>0xd6f8</load_address>
         <run_address>0xd6f8</run_address>
         <size>0xbf</size>
         <input_file_ref idref="fl-29"/>
      </object_component>
      <object_component id="oc-403">
         <name>.debug_info</name>
         <load_address>0xd7b7</load_address>
         <run_address>0xd7b7</run_address>
         <size>0x634</size>
         <input_file_ref idref="fl-2a"/>
      </object_component>
      <object_component id="oc-387">
         <name>.debug_info</name>
         <load_address>0xddeb</load_address>
         <run_address>0xddeb</run_address>
         <size>0x22c</size>
         <input_file_ref idref="fl-2a"/>
      </object_component>
      <object_component id="oc-189">
         <name>.debug_info</name>
         <load_address>0xe017</load_address>
         <run_address>0xe017</run_address>
         <size>0x10f</size>
         <input_file_ref idref="fl-2b"/>
      </object_component>
      <object_component id="oc-194">
         <name>.debug_info</name>
         <load_address>0xe126</load_address>
         <run_address>0xe126</run_address>
         <size>0x10d</size>
         <input_file_ref idref="fl-2b"/>
      </object_component>
      <object_component id="oc-1a0">
         <name>.debug_info</name>
         <load_address>0xe233</load_address>
         <run_address>0xe233</run_address>
         <size>0x115</size>
         <input_file_ref idref="fl-2c"/>
      </object_component>
      <object_component id="oc-4c">
         <name>.debug_info</name>
         <load_address>0xe348</load_address>
         <run_address>0xe348</run_address>
         <size>0x122</size>
         <input_file_ref idref="fl-2d"/>
      </object_component>
      <object_component id="oc-1ac">
         <name>.debug_info</name>
         <load_address>0xe46a</load_address>
         <run_address>0xe46a</run_address>
         <size>0x115</size>
         <input_file_ref idref="fl-2e"/>
      </object_component>
      <object_component id="oc-ee">
         <name>.debug_info</name>
         <load_address>0xe57f</load_address>
         <run_address>0xe57f</run_address>
         <size>0x5df</size>
         <input_file_ref idref="fl-2f"/>
      </object_component>
      <object_component id="oc-44">
         <name>.debug_info</name>
         <load_address>0xeb5e</load_address>
         <run_address>0xeb5e</run_address>
         <size>0xf6</size>
         <input_file_ref idref="fl-2f"/>
      </object_component>
      <object_component id="oc-26">
         <name>.debug_info</name>
         <load_address>0xec54</load_address>
         <run_address>0xec54</run_address>
         <size>0x183</size>
         <input_file_ref idref="fl-2f"/>
      </object_component>
      <object_component id="oc-3aa">
         <name>.debug_info</name>
         <load_address>0xedd7</load_address>
         <run_address>0xedd7</run_address>
         <size>0x554</size>
         <input_file_ref idref="fl-30"/>
      </object_component>
      <object_component id="oc-318">
         <name>.debug_info</name>
         <load_address>0xf32b</load_address>
         <run_address>0xf32b</run_address>
         <size>0x1d6</size>
         <input_file_ref idref="fl-30"/>
      </object_component>
      <object_component id="oc-3a8">
         <name>.debug_info</name>
         <load_address>0xf501</load_address>
         <run_address>0xf501</run_address>
         <size>0x574</size>
         <input_file_ref idref="fl-31"/>
      </object_component>
      <object_component id="oc-39e">
         <name>.debug_info</name>
         <load_address>0xfa75</load_address>
         <run_address>0xfa75</run_address>
         <size>0x184</size>
         <input_file_ref idref="fl-31"/>
      </object_component>
      <object_component id="oc-311">
         <name>.debug_info</name>
         <load_address>0xfbf9</load_address>
         <run_address>0xfbf9</run_address>
         <size>0x26a</size>
[...]
         <name>H_filt_poly_h1_21</name>
         <value>0x11809180</value>
      </symbol>
      <symbol id="sm-20e">
         <name>H_filt_poly_g0_20</name>
         <value>0x11808fc0</value>
      </symbol>
      <symbol id="sm-20f">
         <name>H_filt_poly_g0_21</name>
         <value>0x11809000</value>
      </symbol>
      <symbol id="sm-210">
         <name>H_filt_poly_g1_20</name>
         <value>0x11809040</value>
      </symbol>
      <symbol id="sm-211">
         <name>H_filt_poly_g1_21</name>
         <value>0x11809080</value>
      </symbol>
      <symbol id="sm-212">
         <name>idx</name>
         <value>0x118091fc</value>
      </symbol>
      <symbol id="sm-213">
         <name>outData</name>
         <value>0x118091f0</value>
      </symbol>
      <symbol id="sm-214">
         <name>x_0</name>
         <value>0x118091fe</value>
      </symbol>
      <symbol id="sm-215">
         <name>x_1</name>
         <value>0x11809200</value>
      </symbol>
      <symbol id="sm-216">
         <name>dec_filtered</name>
         <value>0x118091d8</value>
      </symbol>
      <symbol id="sm-217">
         <name>int_filtered</name>
         <value>0x118091e8</value>
      </symbol>
      <symbol id="sm-218">
         <name>h1_21</name>
         <value>0x11808e18</value>
         <object_component_ref idref="oc-dd"/>
      </symbol>
      <symbol id="sm-219">
         <name>h1_20</name>
         <value>0x11808dd8</value>
         <object_component_ref idref="oc-d5"/>
      </symbol>
      <symbol id="sm-21a">
         <name>dacInt</name>
         <value>0x11802d20</value>
         <object_component_ref idref="oc-3d"/>
      </symbol>
      <symbol id="sm-21b">
         <name>INT_sel</name>
         <value>0x80002238</value>
      </symbol>
      <symbol id="sm-21c">
         <name>g0_21</name>
         <value>0x11808c98</value>
         <object_component_ref idref="oc-b8"/>
      </symbol>
      <symbol id="sm-21d">
         <name>g0_20</name>
         <value>0x11808c58</value>
         <object_component_ref idref="oc-c4"/>
      </symbol>
      <symbol id="sm-21e">
         <name>h0_21</name>
         <value>0x11808d98</value>
         <object_component_ref idref="oc-d9"/>
      </symbol>
      <symbol id="sm-21f">
         <name>h0_20</name>
         <value>0x11808d58</value>
         <object_component_ref idref="oc-d1"/>
      </symbol>
      <symbol id="sm-220">
         <name>adcInt</name>
         <value>0x11802fbc</value>
         <object_component_ref idref="oc-3d"/>
      </symbol>
      <symbol id="sm-221">
         <name>INT_init</name>
         <value>0x80002200</value>
      </symbol>
      <symbol id="sm-222">
         <name>INT_start</name>
         <value>0x800022f4</value>
      </symbol>
      <symbol id="sm-223">
         <name>main</name>
         <value>0x118049e4</value>
         <object_component_ref idref="oc-37"/>
      </symbol>
      <symbol id="sm-224">
         <name>INT_vectorTable</name>
         <value>0x11e00000</value>
      </symbol>
      <symbol id="sm-225">
         <name>PRU_addaRegs</name>
         <value>0x11809204</value>
         <object_component_ref idref="oc-b5"/>
      </symbol>
      <symbol id="sm-226">
         <name>INT_instFunc</name>
         <value>0x80002294</value>
      </symbol>
      <symbol id="sm-227">
         <name>UNIDAQ2_init</name>
         <value>0x80001180</value>
      </symbol>
      <symbol id="sm-228">
         <name>System_puts</name>
         <value>0x118049c0</value>
         <object_component_ref idref="oc-37"/>
      </symbol>
      <symbol id="sm-229">
         <name>PRU_addaCode</name>
         <value>0xc0001580</value>
         <object_component_ref idref="oc-af"/>
      </symbol>
      <symbol id="sm-22a">
         <name>sData</name>
         <value>0x11f01040</value>
         <object_component_ref idref="oc-cd"/>
      </symbol>
      <symbol id="sm-22b">
         <name>g1_21</name>
         <value>0x11808d18</value>
         <object_component_ref idref="oc-be"/>
      </symbol>
      <symbol id="sm-22c">
         <name>g1_20</name>
         <value>0x11808cd8</value>
         <object_component_ref idref="oc-c8"/>
      </symbol>
      <symbol id="sm-24b">
         <name>PRU_run</name>
         <value>0xc0001240</value>
         <object_component_ref idref="oc-a5"/>
      </symbol>
      <symbol id="sm-24c">
         <name>PRU_halt</name>
         <value>0xc0001384</value>
         <object_component_ref idref="oc-a5"/>
      </symbol>
      <symbol id="sm-24d">
         <name>PRU_init</name>
         <value>0xc0001300</value>
         <object_component_ref idref="oc-a5"/>
      </symbol>
      <symbol id="sm-24e">
         <name>PRU_load</name>
         <value>0xc00012c0</value>
         <object_component_ref idref="oc-a5"/>
      </symbol>
      <symbol id="sm-279">
         <name>printf</name>
         <value>0x11806720</value>
         <object_component_ref idref="oc-8d"/>
      </symbol>
      <symbol id="sm-493">
         <name>__TI_printfi</name>
         <value>0x11800000</value>
         <object_component_ref idref="oc-180"/>
      </symbol>
      <symbol id="sm-4b8">
         <name>__TI_doflush</name>
         <value>0x11806dc0</value>
         <object_component_ref idref="oc-18d"/>
      </symbol>
      <symbol id="sm-4b9">
         <name>fflush</name>
         <value>0x11805e20</value>
         <object_component_ref idref="oc-93"/>
      </symbol>
      <symbol id="sm-4d8">
         <name>putc</name>
         <value>0x11804d80</value>
         <object_component_ref idref="oc-257"/>
      </symbol>
      <symbol id="sm-4d9">
         <name>fputc</name>
         <value>0x11804d80</value>
         <object_component_ref idref="oc-257"/>
      </symbol>
      <symbol id="sm-50d">
         <name>fputs</name>
         <value>0x11803d40</value>
         <object_component_ref idref="oc-25e"/>
      </symbol>
      <symbol id="sm-523">
         <name>__TI_wrt_ok</name>
         <value>0x118063a0</value>
         <object_component_ref idref="oc-2ff"/>
      </symbol>
      <symbol id="sm-53f">
         <name>setvbuf</name>
         <value>0x11805480</value>
         <object_component_ref idref="oc-384"/>
      </symbol>
      <symbol id="sm-54d">
         <name>__c6xabi_push_rts</name>
         <value>0x118077a0</value>
         <object_component_ref idref="oc-188"/>
      </symbol>
      <symbol id="sm-54e">
         <name>__pop_rts</name>
         <value>0x11807780</value>
         <object_component_ref idref="oc-193"/>
      </symbol>
      <symbol id="sm-54f">
         <name>__c6xabi_pop_rts</name>
         <value>0x11807780</value>
         <object_component_ref idref="oc-193"/>
      </symbol>
      <symbol id="sm-550">
         <name>__push_rts</name>
         <value>0x118077a0</value>
         <object_component_ref idref="oc-188"/>
      </symbol>
      <symbol id="sm-559">
         <name>__c6xabi_divu</name>
         <value>0x11806a40</value>
         <object_component_ref idref="oc-19d"/>
      </symbol>
      <symbol id="sm-55a">
         <name>__divu</name>
         <value>0x11806a40</value>
         <object_component_ref idref="oc-19d"/>
      </symbol>
      <symbol id="sm-564">
         <name>memcpy</name>
         <value>0x11807040</value>
         <object_component_ref idref="oc-49"/>
      </symbol>
      <symbol id="sm-56e">
         <name>__remu</name>
         <value>0x11806e60</value>
         <object_component_ref idref="oc-1a9"/>
      </symbol>
      <symbol id="sm-56f">
         <name>__c6xabi_remu</name>
         <value>0x11806e60</value>
         <object_component_ref idref="oc-1a9"/>
      </symbol>
      <symbol id="sm-586">
         <name>_c_int00</name>
         <value>0x11807280</value>
         <object_component_ref idref="oc-24"/>
      </symbol>
      <symbol id="sm-587">
         <name>_stack</name>
         <value>0x11f00040</value>
         <object_component_ref idref="oc-43"/>
      </symbol>
      <symbol id="sm-598">
         <name>__c6xabi_divul</name>
         <value>0x11804bc0</value>
         <object_component_ref idref="oc-314"/>
      </symbol>
      <symbol id="sm-5b4">
         <name>_subcull</name>
         <value>0x118074a0</value>
         <object_component_ref idref="oc-39b"/>
      </symbol>
      <symbol id="sm-5b5">
         <name>__c6xabi_divull</name>
         <value>0x11804560</value>
         <object_component_ref idref="oc-30e"/>
      </symbol>
      <symbol id="sm-5d5">
         <name>__c6xabi_llshru</name>
         <value>0x11807440</value>
         <object_component_ref idref="oc-3a1"/>
      </symbol>
      <symbol id="sm-5d6">
         <name>__c6xabi_llshl</name>
         <value>0x11807200</value>
         <object_component_ref idref="oc-395"/>
      </symbol>
      <symbol id="sm-5e6">
         <name>memset</name>
         <value>0x11806640</value>
         <object_component_ref idref="oc-fa"/>
      </symbol>
      <symbol id="sm-60b">
         <name>__TI_auto_init_nobinit_nopinit</name>
         <value>0x11806980</value>
         <object_component_ref idref="oc-11c"/>
      </symbol>
      <symbol id="sm-614">
         <name>_system_pre_init</name>
         <value>0x11807860</value>
         <object_component_ref idref="oc-79"/>
      </symbol>
      <symbol id="sm-61d">
         <name>_system_post_cinit</name>
         <value>0x11807840</value>
         <object_component_ref idref="oc-22c"/>
      </symbol>
      <symbol id="sm-636">
         <name>__TI_decompress_none</name>
         <value>0x118078a0</value>
         <object_component_ref idref="oc-17"/>
      </symbol>
      <symbol id="sm-661">
         <name>__TI_decompress_rle24</name>
         <value>0x118078c0</value>
         <object_component_ref idref="oc-1d"/>
      </symbol>
      <symbol id="sm-675">
         <name>frexpl</name>
         <value>0x11804f40</value>
         <object_component_ref idref="oc-33f"/>
      </symbol>
      <symbol id="sm-676">
         <name>frexp</name>
         <value>0x11804f40</value>
         <object_component_ref idref="oc-33f"/>
      </symbol>
      <symbol id="sm-693">
         <name>__c6xabi_isinf</name>
         <value>0x11807660</value>
         <object_component_ref idref="oc-277"/>
      </symbol>
      <symbol id="sm-6a8">
         <name>scalbn</name>
         <value>0x11805100</value>
         <object_component_ref idref="oc-345"/>
      </symbol>
      <symbol id="sm-6a9">
         <name>scalbnl</name>
         <value>0x11805100</value>
         <object_component_ref idref="oc-345"/>
      </symbol>
      <symbol id="sm-6aa">
         <name>ldexpl</name>
         <value>0x11805100</value>
         <object_component_ref idref="oc-345"/>
      </symbol>
      <symbol id="sm-6ab">
         <name>ldexp</name>
         <value>0x11805100</value>
         <object_component_ref idref="oc-345"/>
      </symbol>
      <symbol id="sm-6b4">
         <name>_signbit</name>
         <value>0x11807820</value>
         <object_component_ref idref="oc-27d"/>
      </symbol>
      <symbol id="sm-6d3">
         <name>__c6xabi_divd</name>
         <value>0x11802720</value>
         <object_component_ref idref="oc-31e"/>
      </symbol>
      <symbol id="sm-6e6">
         <name>__TI_frcmpyd_div</name>
         <value>0x11807620</value>
         <object_component_ref idref="oc-3ab"/>
      </symbol>
      <symbol id="sm-707">
         <name>C$$EXIT</name>
         <value>0x11807880</value>
         <object_component_ref idref="oc-113"/>
      </symbol>
      <symbol id="sm-708">
         <name>abort</name>
         <value>0x11807880</value>
         <object_component_ref idref="oc-113"/>
      </symbol>
      <symbol id="sm-709">
         <name>exit</name>
         <value>0x11806560</value>
         <object_component_ref idref="oc-73"/>
      </symbol>
      <symbol id="sm-70a">
         <name>__TI_dtors_ptr</name>
         <value>0x11808e5c</value>
         <object_component_ref idref="oc-110"/>
      </symbol>
      <symbol id="sm-70b">
         <name>__TI_cleanup_ptr</name>
         <value>0x11808e58</value>
         <object_component_ref idref="oc-110"/>
      </symbol>
      <symbol id="sm-70c">
         <name>__TI_enable_exit_profile_output</name>
         <value>0x11808e60</value>
         <object_component_ref idref="oc-110"/>
      </symbol>
      <symbol id="sm-777">
         <name>_sys_memory</name>
         <value>0x11807960</value>
         <object_component_ref idref="oc-46"/>
      </symbol>
      <symbol id="sm-778">
         <name>free</name>
         <value>0x11803680</value>
         <object_component_ref idref="oc-3f0"/>
      </symbol>
      <symbol id="sm-779">
         <name>malloc</name>
         <value>0x118052c0</value>
         <object_component_ref idref="oc-3f6"/>
      </symbol>
      <symbol id="sm-78f">
         <name>_nop</name>
         <value>0x118077c0</value>
         <object_component_ref idref="oc-24c"/>
      </symbol>
      <symbol id="sm-790">
         <name>_lock</name>
         <value>0x11808e6c</value>
         <object_component_ref idref="oc-16e"/>
      </symbol>
      <symbol id="sm-791">
         <name>_unlock</name>
         <value>0x11808e70</value>
         <object_component_ref idref="oc-171"/>
      </symbol>
      <symbol id="sm-7a1">
         <name>__TI_ltoa</name>
         <value>0x118062c0</value>
         <object_component_ref idref="oc-324"/>
      </symbol>
      <symbol id="sm-7b3">
         <name>_args_main</name>
         <value>0x118076e0</value>
         <object_component_ref idref="oc-6d"/>
      </symbol>
      <symbol id="sm-7c7">
         <name>atoi</name>
         <value>0x11805d20</value>
         <object_component_ref idref="oc-265"/>
      </symbol>
      <symbol id="sm-7d1">
         <name>_ctypes_</name>
         <value>0x11809420</value>
         <object_component_ref idref="oc-309"/>
      </symbol>
      <symbol id="sm-7e1">
         <name>__TI_tmpnams</name>
         <value>0x11808e80</value>
      </symbol>
      <symbol id="sm-7e2">
         <name>_ftable</name>
         <value>0x11808960</value>
         <object_component_ref idref="oc-ab"/>
      </symbol>
      <symbol id="sm-7e3">
         <name>__TI_ft_end</name>
         <value>0x11808e74</value>
         <object_component_ref idref="oc-198"/>
      </symbol>
      <symbol id="sm-7f4">
         <name>memccpy</name>
         <value>0x11807560</value>
         <object_component_ref idref="oc-29b"/>
      </symbol>
      <symbol id="sm-817">
         <name>_stream</name>
         <value>0x11808b40</value>
         <object_component_ref idref="oc-366"/>
      </symbol>
      <symbol id="sm-818">
         <name>_device</name>
         <value>0x11808be0</value>
         <object_component_ref idref="oc-3d7"/>
      </symbol>
      <symbol id="sm-819">
         <name>write</name>
         <value>0x118075c0</value>
         <object_component_ref idref="oc-2cd"/>
      </symbol>
      <symbol id="sm-832">
         <name>__TI_tls_init</name>
         <value>0x11806bc0</value>
         <object_component_ref idref="oc-232"/>
      </symbol>
      <symbol id="sm-844">
         <name>__errno</name>
         <value>0x11808e78</value>
         <object_component_ref idref="oc-355"/>
      </symbol>
      <symbol id="sm-845">
         <name>errno</name>
         <value>0x11808e78</value>
         <object_component_ref idref="oc-355"/>
      </symbol>
      <symbol id="sm-846">
         <name>__c6xabi_errno_addr</name>
         <value>0x11807760</value>
         <object_component_ref idref="oc-2a7"/>
      </symbol>
      <symbol id="sm-860">
         <name>wcslen</name>
         <value>0x11807720</value>
         <object_component_ref idref="oc-2a1"/>
      </symbol>
      <symbol id="sm-86e">
         <name>__TI_cleanup</name>
         <value>0x11806d20</value>
         <object_component_ref idref="oc-3fc"/>
      </symbol>
      <symbol id="sm-886">
         <name>fseek</name>
         <value>0x11805f20</value>
         <object_component_ref idref="oc-37e"/>
      </symbol>
      <symbol id="sm-896">
         <name>lseek</name>
         <value>0x11807500</value>
         <object_component_ref idref="oc-3e8"/>
      </symbol>
      <symbol id="sm-8a7">
         <name>HOSTclose</name>
         <value>0x11806c80</value>
         <object_component_ref idref="oc-43b"/>
      </symbol>
      <symbol id="sm-8b7">
         <name>HOSTlseek</name>
         <value>0x11806020</value>
         <object_component_ref idref="oc-44d"/>
      </symbol>
      <symbol id="sm-8cb">
         <name>parmbuf</name>
         <value>0x118091e0</value>
      </symbol>
      <symbol id="sm-8cc">
         <name>HOSTopen</name>
         <value>0x11806100</value>
         <object_component_ref idref="oc-435"/>
      </symbol>
      <symbol id="sm-8dc">
         <name>HOSTread</name>
         <value>0x11806800</value>
         <object_component_ref idref="oc-441"/>
      </symbol>
      <symbol id="sm-8fa">
         <name>HOSTrename</name>
         <value>0x11805640</value>
         <object_component_ref idref="oc-459"/>
      </symbol>
      <symbol id="sm-90d">
         <name>HOSTunlink</name>
         <value>0x118068c0</value>
         <object_component_ref idref="oc-453"/>
      </symbol>
      <symbol id="sm-91d">
         <name>HOSTwrite</name>
         <value>0x118061e0</value>
         <object_component_ref idref="oc-447"/>
      </symbol>
      <symbol id="sm-943">
         <name>__TI_readmsg</name>
         <value>0x11807180</value>
         <object_component_ref idref="oc-499"/>
      </symbol>
      <symbol id="sm-944">
         <name>C$$IO$$</name>
         <value>0x11807438</value>
         <object_component_ref idref="oc-493"/>
      </symbol>
      <symbol id="sm-945">
         <name>__CIOBUF_</name>
         <value>0xc00019f0</value>
         <object_component_ref idref="oc-4c3"/>
      </symbol>
      <symbol id="sm-946">
         <name>__TI_writemsg</name>
         <value>0x118073e0</value>
         <object_component_ref idref="oc-493"/>
      </symbol>
      <symbol id="sm-95f">
         <name>__TI_closefile</name>
         <value>0x11805a20</value>
         <object_component_ref idref="oc-476"/>
      </symbol>
      <symbol id="sm-989">
         <name>finddevice</name>
         <value>0x11806fa0</value>
         <object_component_ref idref="oc-4e7"/>
      </symbol>
      <symbol id="sm-98a">
         <name>getdevice</name>
         <value>0x11805900</value>
         <object_component_ref idref="oc-4d7"/>
      </symbol>
      <symbol id="sm-99c">
         <name>close</name>
         <value>0x11806480</value>
         <object_component_ref idref="oc-4b2"/>
      </symbol>
      <symbol id="sm-9ad">
         <name>unlink</name>
         <value>0x11807300</value>
         <object_component_ref idref="oc-4b8"/>
      </symbol>
      <symbol id="sm-9ae">
         <name>__TI_STATIC_BASE</name>
         <value>0x118091f8</value>
      </symbol>
      <symbol id="sm-9b2">
         <name>__TI_TLS_INIT_Base</name>
         <value>0x0</value>
      </symbol>
      <symbol id="sm-9b3">
         <name>__TI_TLS_INIT_Limit</name>
         <value>0x0</value>
      </symbol>
      <symbol id="sm-9b4">
         <name>remove</name>
         <value>0x11807300</value>
      </symbol>
   </symbol_table>
   <title>Link successful</title>
</link_info>
