******************************************************************************
               TMS320C6x Linker PC v8.3.5                      
******************************************************************************
>> Linked Mon Nov 15 10:50:26 2021

OUTPUT FILE NAME:   <adda_simple.out>
ENTRY POINT SYMBOL: "_c_int00"  address: 11806e80


MEMORY CONFIGURATION

         name            origin    length      used     unused   attr    fill
----------------------  --------  ---------  --------  --------  ----  --------
  L2RAM                 11800000   00040000  00008cdc  00037324  RWIX
  L1PRAM                11e00200   00003e00  000002c0  00003b40  RWIX
  L1DRAM                11f00040   00003fc0  00001040  00002f80  RWIX
  SHAREDRAM             80002400   0001dc00  00000000  0001dc00  RWIX
  SDRAM                 c0000000   04000000  000026e0  03ffd920  RWIX


SEGMENT ALLOCATION MAP

run origin  load origin   length   init length attrs members
----------  ----------- ---------- ----------- ----- -------
11800000    11800000    00007500   00007500    r-x
  11800000    11800000    00007500   00007500    r-x .text
11807500    11807500    0000132c   00000000    rw-
  11807500    11807500    00001000   00000000    rw- .sysmem
  11808500    11808500    0000031c   00000000    rw- .fardata
  11808820    11808820    00000004   00000000    rw- .bss
  11808824    11808824    00000008   00000000    rw- .neardata
11808830    11808830    00000300   00000300    r--
  11808830    11808830    00000300   00000300    r-- .const
11808b30    11808b30    00000160   00000000    rw-
  11808b30    11808b30    00000160   00000000    rw- .far
11808c90    11808c90    00000050   00000050    r--
  11808c90    11808c90    00000050   00000050    r-- .switch
11e00200    11e00200    000002c0   000002c0    r-x
  11e00200    11e00200    000002c0   000002c0    r-x .text_interrupt
11f00040    11f00040    00001040   00000000    rw-
  11f00040    11f00040    00001000   00000000    rw- .stack
  11f01040    11f01040    00000040   00000000    rw- .data_crit
c0000000    c0000000    000024f0   000024f0    r-x
  c0000000    c0000000    00002080   00002080    r-x .text_slow
  c0002080    c0002080    00000470   00000470    r-- .const_slow
c00024f0    c00024f0    00000120   00000000    rw-
  c00024f0    c00024f0    00000120   00000000    rw- .cio
c0002610    c0002610    000000d0   000000d0    r--
  c0002610    c0002610    000000d0   000000d0    r-- .cinit


SECTION ALLOCATION MAP

 output                                  attributes/
section   page    origin      length       input sections
--------  ----  ----------  ----------   ----------------
.text      0    11800000    00007500     
                  11800000    00002040     rts6740_elf.lib : _printfi.c.obj (.text:__TI_printfi)
                  11802040    00000660                     : _printfi.c.obj (.text:_pconv_a)
                  118026a0    000005e0                     : divd.c.obj (.text:__c6xabi_divd)
                  11802c80    00000400                     : _printfi.c.obj (.text:_pconv_g)
                  11803080    000003c0                     : memory.c.obj (.text:free)
                  11803440    00000380     i2c.obj (.text)
                  118037c0    000002e0     rts6740_elf.lib : fputs.c.obj (.text:fputs)
                  11803aa0    000002e0     main.obj (.text)
                  11803d80    000002a0     rts6740_elf.lib : _printfi.c.obj (.text:_pconv_e)
                  11804020    000002a0                     : _printfi.c.obj (.text:fcvt)
                  118042c0    00000260                     : imath64.c.obj (.text:__c6xabi_divull)
                  11804520    00000200                     : _printfi.c.obj (.text:_ltostr)
                  11804720    000001c0                     : imath40.c.obj (.text:__c6xabi_divul)
                  118048e0    000001c0                     : fputc.c.obj (.text:fputc)
                  11804aa0    000001c0                     : frexp.c.obj (.text:frexp)
                  11804c60    000001c0                     : memory.c.obj (.text:malloc)
                  11804e20    000001c0                     : setvbuf.c.obj (.text:setvbuf)
                  11804fe0    000001a0                     : hostrename.c.obj (.text:HOSTrename)
                  11805180    00000180                     : ldexp.c.obj (.text:ldexp)
                  11805300    00000120                     : _printfi.c.obj (.text:_pconv_f)
                  11805420    00000120                     : getdevice.c.obj (.text:getdevice)
                  11805540    00000100                     : fclose.c.obj (.text:__TI_closefile)
                  11805640    00000100                     : copy_decompress_rle.c.obj (.text:__TI_decompress_rle_core)
                  11805740    00000100                     : _printfi.c.obj (.text:_mcpy)
                  11805840    00000100                     : atoi.c.obj (.text:atoi)
                  11805940    00000100                     : fflush.c.obj (.text:fflush)
                  11805a40    00000100                     : fseek.c.obj (.text:fseek)
                  11805b40    000000e0                     : hostlseek.c.obj (.text:HOSTlseek)
                  11805c20    000000e0                     : hostopen.c.obj (.text:HOSTopen)
                  11805d00    000000e0                     : hostwrite.c.obj (.text:HOSTwrite)
                  11805de0    000000e0                     : _ltoa.c.obj (.text:__TI_ltoa)
                  11805ec0    000000e0                     : _io_perm.c.obj (.text:__TI_wrt_ok)
                  11805fa0    000000e0                     : close.c.obj (.text:close)
                  11806080    000000e0                     : exit.c.obj (.text:exit)
                  11806160    000000e0                     : memset.c.obj (.text:memset)
                  11806240    000000e0                     : printf.c.obj (.text:printf)
                  11806320    000000c0                     : hostread.c.obj (.text:HOSTread)
                  118063e0    000000c0                     : hostunlink.c.obj (.text:HOSTunlink)
                  118064a0    000000c0                     : autoinit.c.obj (.text:__TI_auto_init_nobinit_nopinit:__TI_auto_init_nobinit_nopinit)
                  11806560    000000c0                     : fflush.c.obj (.text:__TI_doflush)
                  11806620    000000c0                     : divu.asm.obj (.text:__divu)
                  118066e0    000000c0                     : memory.c.obj (.text:mremove)
                  118067a0    000000c0     main.obj (.text:retain)
                  11806860    000000c0     rts6740_elf.lib : tls.c.obj (.text:tls:init:__TI_tls_init)
                  11806920    000000a0                     : hostclose.c.obj (.text:HOSTclose)
                  118069c0    000000a0                     : fopen.c.obj (.text:__TI_cleanup)
                  11806a60    000000a0                     : remu.asm.obj (.text:__remu)
                  11806b00    000000a0                     : _printfi.c.obj (.text:_ecpy)
                  11806ba0    000000a0                     : getdevice.c.obj (.text:finddevice)
                  11806c40    000000a0                     : memcpy64.asm.obj (.text:memcpy)
                  11806ce0    000000a0                     : memory.c.obj (.text:minsert)
                  11806d80    00000080                     : trgmsg.c.obj (.text:__TI_readmsg)
                  11806e00    00000080                     : llshift.c.obj (.text:__c6xabi_llshl)
                  11806e80    00000080                     : boot.c.obj (.text:_c_int00)
                  11806f00    00000080                     : unlink.c.obj (.text:unlink)
                  11806f80    00000060                     : trgmsg.c.obj (.text:__TI_writemsg)
                  11806fe0    00000060                     : llshift.c.obj (.text:__c6xabi_llshru)
                  11807040    00000060                     : imath64.c.obj (.text:_subcull)
                  118070a0    00000060                     : lseek.c.obj (.text:lseek)
                  11807100    00000060                     : memccpy.c.obj (.text:memccpy)
                  11807160    00000060                     : write.c.obj (.text:write)
                  118071c0    00000040                     : frcmpyd_div.c.obj (.text:__TI_frcmpyd_div)
                  11807200    00000040                     : isinf.c.obj (.text:__c6xabi_isinf)
                  11807240    00000040                     : _printfi.c.obj (.text:__c6xabi_isnan)
                  11807280    00000040                     : args_main.c.obj (.text:_args_main)
                  118072c0    00000040                     : wcslen.c.obj (.text:wcslen)
                  11807300    00000020                     : errno.c.obj (.text:__c6xabi_errno_addr)
                  11807320    00000020                     : push.asm.obj (.text:__pop_rts)
                  11807340    00000020                     : push.asm.obj (.text:__push_rts)
                  11807360    00000020                     : _lock.c.obj (.text:_nop)
                  11807380    00000020                     : printf.c.obj (.text:_outc)
                  118073a0    00000020                     : printf.c.obj (.text:_outs)
                  118073c0    00000020                     : signbit.c.obj (.text:_signbit)
                  118073e0    00000020                     : startup.c.obj (.text:_system_post_cinit)
                  11807400    00000020                     : pre_init.c.obj (.text:_system_pre_init)
                  11807420    00000020                     : exit.c.obj (.text:abort)
                  11807440    00000020                     : copy_decompress_none.c.obj (.text:decompress:none:__TI_decompress_none)
                  11807460    00000020                     : copy_decompress_rle.c.obj (.text:decompress:rle24:__TI_decompress_rle24)
                  11807480    00000010     adda.obj ($Tramp$S$$ADC_start)
                  11807490    00000010     adda.obj ($Tramp$S$$DAC_start)
                  118074a0    00000010     pru.obj ($Tramp$S$$PRU_run)
                  118074b0    00000010     pru.obj ($Tramp$S$$PRU_load)
                  118074c0    00000010     pru.obj ($Tramp$S$$PRU_init)
                  118074d0    00000010     adda.obj ($Tramp$S$$DAC_config)
                  118074e0    00000010     adda.obj ($Tramp$S$$ADC_config)
                  118074f0    00000010     i2c.obj ($Tramp$S$$I2C_init)

.sysmem    0    11807500    00001000     UNINITIALIZED
                  11807500    00000008     rts6740_elf.lib : memory.c.obj (.sysmem)
                  11807508    00000ff8     --HOLE--

.fardata   0    11808500    0000031c     UNINITIALIZED
                  11808500    000001e0     rts6740_elf.lib : defs.c.obj (.fardata:_ftable)
                  118086e0    000000a0                     : write.c.obj (.fardata:_stream)
                  11808780    00000078                     : write.c.obj (.fardata:_device)
                  118087f8    0000000c                     : exit.c.obj (.fardata)
                  11808804    00000008                     : memory.c.obj (.fardata)
                  1180880c    00000004                     : _lock.c.obj (.fardata:_lock)
                  11808810    00000004                     : _lock.c.obj (.fardata:_unlock)
                  11808814    00000004                     : defs.c.obj (.fardata)
                  11808818    00000004                     : errno.c.obj (.fardata)

.bss       0    11808820    00000004     UNINITIALIZED
                  11808820    00000004     (.common:DAC_trigSrc)

.neardata 
*          0    11808824    00000008     UNINITIALIZED
                  11808824    00000004     i2c.obj (.neardata)
                  11808828    00000004     main.obj (.neardata)

.rodata    0    1180882c    00000000     UNINITIALIZED

.const     0    11808830    00000300     
                  11808830    000001d8     main.obj (.const:.string)
                  11808a08    00000101     rts6740_elf.lib : ctype.c.obj (.const:.string:_ctypes_)
                  11808b09    00000003     --HOLE-- [fill = 0]
                  11808b0c    00000024                     : _printfi.c.obj (.const:.string)

.far       0    11808b30    00000160     UNINITIALIZED
                  11808b30    00000140     (.common:__TI_tmpnams)
                  11808c70    00000014     (.common:I2C_globals)
                  11808c84    00000004     --HOLE--
                  11808c88    00000008     (.common:parmbuf)

.switch    0    11808c90    00000050     
                  11808c90    00000038     rts6740_elf.lib : _printfi.c.obj (.switch:__TI_printfi)
                  11808cc8    00000018     i2c.obj (.switch:I2C_int)

.text_interrupt 
*          0    11e00200    000002c0     
                  11e00200    000002c0     i2c.obj (.text_interrupt:retain)

.stack     0    11f00040    00001000     UNINITIALIZED
                  11f00040    00000008     rts6740_elf.lib : boot.c.obj (.stack)
                  11f00048    00000ff8     --HOLE--

.cinit     0    c0002610    000000d0     
                  c0002610    0000006e     (.cinit..fardata.load) [load image, compression = rle]
                  c000267e    0000000e     (.cinit..neardata.load) [load image, compression = rle]
                  c000268c    0000000b     (.cinit..far.load) [load image, compression = rle]
                  c0002697    00000009     (.cinit..bss.load) [load image, compression = rle]
                  c00026a0    00000009     (.cinit..data_crit.load) [load image, compression = rle]
                  c00026a9    00000003     --HOLE-- [fill = 0]
                  c00026ac    00000008     (__TI_handler_table)
                  c00026b4    00000004     --HOLE-- [fill = 0]
                  c00026b8    00000028     (__TI_cinit_table)

.init_array 
*          0    c0000000    00000000     UNINITIALIZED

.cio       0    c00024f0    00000120     UNINITIALIZED
                  c00024f0    00000120     rts6740_elf.lib : trgmsg.c.obj (.cio)

.data_crit 
*          0    11f01040    00000040     UNINITIALIZED
                  11f01040    00000040     main.obj (.data_crit)

.text_slow 
*          0    c0000000    00002080     
                  c0000000    00001b80     adda.obj (.text_slow)
                  c0001b80    00000260     i2c.obj (.text_slow)
                  c0001de0    00000240     pru.obj (.text_slow)
                  c0002020    00000010     i2c.obj ($Tramp$S$$I2C_writeRead)
                  c0002030    00000010     i2c.obj ($Tramp$S$$I2C_write)
                  c0002040    00000010     rts6740_elf.lib : remu.asm.obj ($Tramp$S$$__c6xabi_remu)
                  c0002050    00000010                     : divu.asm.obj ($Tramp$S$$__c6xabi_divu)
                  c0002060    00000010                     : memcpy64.asm.obj ($Tramp$S$$memcpy)
                  c0002070    00000010     --HOLE-- [fill = 00000000]

.const_slow 
*          0    c0002080    00000470     
                  c0002080    00000470     main.obj (.const_slow)

MODULE SUMMARY

       Module                       code    ro data   rw data
       ------                       ----    -------   -------
    .\
       adda.obj                     7104    0         4      
       main.obj                     928     1608      68     
       i2c.obj                      2256    24        24     
       pru.obj                      624     0         0      
    +--+----------------------------+-------+---------+---------+
       Total:                       10912   1632      96     
                                                             
    C:\ti\ccs930\ccs\tools\compiler\ti-cgt-c6000_8.3.5\lib\rts6740_elf.lib
       _printfi.c.obj               13536   92        0      
       memory.c.obj                 1760    0         8      
       divd.c.obj                   1504    0         0      
       defs.c.obj                   0       0         804    
       fputs.c.obj                  736     0         0      
       imath64.c.obj                704     0         0      
       trgmsg.c.obj                 224     0         288    
       fflush.c.obj                 448     0         0      
       fputc.c.obj                  448     0         0      
       frexp.c.obj                  448     0         0      
       getdevice.c.obj              448     0         0      
       imath40.c.obj                448     0         0      
       setvbuf.c.obj                448     0         0      
       hostrename.c.obj             416     0         0      
       ldexp.c.obj                  384     0         0      
       write.c.obj                  96      0         280    
       copy_decompress_rle.c.obj    288     0         0      
       printf.c.obj                 288     0         0      
       exit.c.obj                   256     0         12     
       ctype.c.obj                  0       257       0      
       atoi.c.obj                   256     0         0      
       fclose.c.obj                 256     0         0      
       fseek.c.obj                  256     0         0      
       hostopen.c.obj               224     0         8      
       _io_perm.c.obj               224     0         0      
       _ltoa.c.obj                  224     0         0      
       close.c.obj                  224     0         0      
       hostlseek.c.obj              224     0         0      
       hostwrite.c.obj              224     0         0      
       llshift.c.obj                224     0         0      
       memset.c.obj                 224     0         0      
       divu.asm.obj                 208     0         0      
       autoinit.c.obj               192     0         0      
       hostread.c.obj               192     0         0      
       hostunlink.c.obj             192     0         0      
       tls.c.obj                    192     0         0      
       memcpy64.asm.obj             176     0         0      
       remu.asm.obj                 176     0         0      
       fopen.c.obj                  160     0         0      
       hostclose.c.obj              160     0         0      
       boot.c.obj                   128     0         0      
       unlink.c.obj                 128     0         0      
       lseek.c.obj                  96      0         0      
       memccpy.c.obj                96      0         0      
       args_main.c.obj              64      0         0      
       frcmpyd_div.c.obj            64      0         0      
       isinf.c.obj                  64      0         0      
       push.asm.obj                 64      0         0      
       wcslen.c.obj                 64      0         0      
       _lock.c.obj                  32      0         8      
       errno.c.obj                  32      0         4      
       copy_decompress_none.c.obj   32      0         0      
       pre_init.c.obj               32      0         0      
       signbit.c.obj                32      0         0      
       startup.c.obj                32      0         0      
    +--+----------------------------+-------+---------+---------+
       Total:                       28048   349       1412   
                                                             
       Heap:                        0       0         4096   
       Stack:                       0       0         4096   
       Linker Generated:            0       201       0      
    +--+----------------------------+-------+---------+---------+
       Grand Total:                 38960   2182      9700   


LINKER GENERATED COPY TABLES

__TI_cinit_table @ c00026b8 records: 5, size/record: 8, table size: 40
	.fardata: load addr=c0002610, load size=0000006e bytes, run addr=11808500, run size=0000031c bytes, compression=rle
	.neardata: load addr=c000267e, load size=0000000e bytes, run addr=11808824, run size=00000008 bytes, compression=rle
	.far: load addr=c000268c, load size=0000000b bytes, run addr=11808b30, run size=00000160 bytes, compression=rle
	.bss: load addr=c0002697, load size=00000009 bytes, run addr=11808820, run size=00000004 bytes, compression=rle
	.data_crit: load addr=c00026a0, load size=00000009 bytes, run addr=11f01040, run size=00000040 bytes, compression=rle


LINKER GENERATED HANDLER TABLE

__TI_handler_table @ c00026ac records: 2, size/record: 4, table size: 8
	index: 0, handler: __TI_decompress_rle24
	index: 1, handler: __TI_decompress_none


FAR CALL TRAMPOLINES

callee name               trampoline name
   callee addr  tramp addr   call addr  call info
--------------  -----------  ---------  ----------------
$.text_slow:adda.obj$0x1278  $Tramp$S$$ADC_start
   c0001278     11807480     11803c94   main.obj (.text)
$.text_slow:adda.obj$0x288  $Tramp$S$$DAC_start
   c0000288     11807490     11803c90   main.obj (.text)
$.text_slow:pru.obj$0x0   $Tramp$S$$PRU_run
   c0001de0     118074a0     11803c54   main.obj (.text)
$.text_slow:pru.obj$0x90  $Tramp$S$$PRU_load
   c0001e70     118074b0     11803c44   main.obj (.text)
$.text_slow:pru.obj$0xf0  $Tramp$S$$PRU_init
   c0001ed0     118074c0     11803c30   main.obj (.text)
$.text_slow:adda.obj$0x54c  $Tramp$S$$DAC_config
   c000054c     118074d0     11803c08   main.obj (.text)
$.text_slow:adda.obj$0x130c  $Tramp$S$$ADC_config
   c000130c     118074e0     11803be0   main.obj (.text)
$.text_slow:i2c.obj$0x0   $Tramp$S$$I2C_init
   c0001b80     118074f0     11803af8   main.obj (.text)
$.text:i2c.obj$0x0        $Tramp$S$$I2C_writeRead
   11803440     c0002020     c0000094   adda.obj (.text_slow)
                             c0000194   adda.obj (.text_slow)
                             c000036c   adda.obj (.text_slow)
                             c0000458   adda.obj (.text_slow)
                             c0000574   adda.obj (.text_slow)
                             c0000680   adda.obj (.text_slow)
                             c0000774   adda.obj (.text_slow)
                             c0000acc   adda.obj (.text_slow)
                             c000132c   adda.obj (.text_slow)
                             c0001440   adda.obj (.text_slow)
                             c0001534   adda.obj (.text_slow)
                             c0001848   adda.obj (.text_slow)
$.text:i2c.obj$0x114      $Tramp$S$$I2C_write
   11803554     c0002030     c0000118   adda.obj (.text_slow)
                             c0000204   adda.obj (.text_slow)
                             c00003e4   adda.obj (.text_slow)
                             c00004c8   adda.obj (.text_slow)
                             c0000600   adda.obj (.text_slow)
                             c00006f8   adda.obj (.text_slow)
                             c00007ec   adda.obj (.text_slow)
                             c0000858   adda.obj (.text_slow)
                             c0000b38   adda.obj (.text_slow)
                             c00013c8   adda.obj (.text_slow)
                             c00014bc   adda.obj (.text_slow)
                             c00015a4   adda.obj (.text_slow)
                             c0001618   adda.obj (.text_slow)
                             c00018c4   adda.obj (.text_slow)
$.text:__remu:rts6740_elf.lib<remu.asm.obj>$0x0  $Tramp$S$$__c6xabi_remu
   11806a60     c0002040     c00010a0   adda.obj (.text_slow)
                             c000112c   adda.obj (.text_slow)
                             c00016ec   adda.obj (.text_slow)
                             c0001798   adda.obj (.text_slow)
$.text:__divu:rts6740_elf.lib<divu.asm.obj>$0x0  $Tramp$S$$__c6xabi_divu
   11806620     c0002050     c00010bc   adda.obj (.text_slow)
                             c0001150   adda.obj (.text_slow)
                             c000170c   adda.obj (.text_slow)
                             c00017c0   adda.obj (.text_slow)
                             c0001b88   i2c.obj (.text_slow)
$.text:memcpy:rts6740_elf.lib<memcpy64.asm.obj>$0x0  $Tramp$S$$memcpy
   11806c40     c0002060     c0001ec8   pru.obj (.text_slow)

[13 trampolines]
[44 trampoline calls]


GLOBAL SYMBOLS: SORTED ALPHABETICALLY BY Name 

address   name                           
-------   ----                           
c000130c  ADC_config                     
c0001278  ADC_start                      
c0001208  ADC_stop                       
11807420  C$$EXIT                        
11806fd8  C$$IO$$                        
c000054c  DAC_config                     
c0000288  DAC_start                      
c0000000  DAC_stop                       
11808820  DAC_trigSrc                    
11806920  HOSTclose                      
11805b40  HOSTlseek                      
11805c20  HOSTopen                       
11806320  HOSTread                       
11804fe0  HOSTrename                     
118063e0  HOSTunlink                     
11805d00  HOSTwrite                      
11808c70  I2C_globals                    
c0001b80  I2C_init                       
11e00200  I2C_int                        
118036d4  I2C_read                       
1180362c  I2C_recover                    
11803554  I2C_write                      
11803440  I2C_writeRead                  
80002200  INT_init                       
80002294  INT_instFunc                   
80002238  INT_sel                        
800022f4  INT_start                      
11e00000  INT_vectorTable                
c0002080  PRU_addaCode                   
11808828  PRU_addaRegs                   
c0001fc4  PRU_halt                       
c0001ed0  PRU_init                       
c0001e70  PRU_load                       
c0001de0  PRU_run                        
11803aa0  System_puts                    
80001180  UNIDAQ2_init                   
c00024f0  __CIOBUF_                      
c00026b8  __TI_CINIT_Base                
c00026e0  __TI_CINIT_Limit               
c00026ac  __TI_Handler_Table_Base        
c00026b4  __TI_Handler_Table_Limit       
11f01040  __TI_STACK_END                 
00001000  __TI_STACK_SIZE                
11808820  __TI_STATIC_BASE               
00001000  __TI_SYSMEM_SIZE               
UNDEFED   __TI_TLS_INIT_Base             
UNDEFED   __TI_TLS_INIT_Limit            
118064a0  __TI_auto_init_nobinit_nopinit 
118069c0  __TI_cleanup                   
118087f8  __TI_cleanup_ptr               
11805540  __TI_closefile                 
11807440  __TI_decompress_none           
11807460  __TI_decompress_rle24          
11806560  __TI_doflush                   
118087fc  __TI_dtors_ptr                 
11808800  __TI_enable_exit_profile_output
118071c0  __TI_frcmpyd_div               
11808814  __TI_ft_end                    
11805de0  __TI_ltoa                      
ffffffff  __TI_pprof_out_hndl            
11800000  __TI_printfi                   
ffffffff  __TI_prof_data_size            
ffffffff  __TI_prof_data_start           
11806d80  __TI_readmsg                   
11806860  __TI_tls_init                  
11808b30  __TI_tmpnams                   
11806f80  __TI_writemsg                  
11805ec0  __TI_wrt_ok                    
ffffffff  __binit__                      
118026a0  __c6xabi_divd                  
11806620  __c6xabi_divu                  
11804720  __c6xabi_divul                 
118042c0  __c6xabi_divull                
11807300  __c6xabi_errno_addr            
11807200  __c6xabi_isinf                 
11806e00  __c6xabi_llshl                 
11806fe0  __c6xabi_llshru                
11807320  __c6xabi_pop_rts               
11807340  __c6xabi_push_rts              
11806a60  __c6xabi_remu                  
ffffffff  __c_args__                     
11806620  __divu                         
11808818  __errno                        
11807320  __pop_rts                      
11807340  __push_rts                     
11806a60  __remu                         
11807280  _args_main                     
11806e80  _c_int00                       
11808a08  _ctypes_                       
11808780  _device                        
11808500  _ftable                        
1180880c  _lock                          
11807360  _nop                           
118073c0  _signbit                       
11f00040  _stack                         
118086e0  _stream                        
11807040  _subcull                       
11807500  _sys_memory                    
118073e0  _system_post_cinit             
11807400  _system_pre_init               
11808810  _unlock                        
11807420  abort                          
118067e8  adcInt                         
11805840  atoi                           
ffffffff  binit                          
11805fa0  close                          
118067a0  dacInt                         
11808818  errno                          
11806080  exit                           
11805940  fflush                         
11806ba0  finddevice                     
118048e0  fputc                          
118037c0  fputs                          
11803080  free                           
11804aa0  frexp                          
11804aa0  frexpl                         
11805a40  fseek                          
11f01040  gData                          
11805420  getdevice                      
11808824  i2cRegs                        
11805180  ldexp                          
11805180  ldexpl                         
118070a0  lseek                          
11803ac4  main                           
11804c60  malloc                         
11807100  memccpy                        
11806c40  memcpy                         
11806160  memset                         
11808c88  parmbuf                        
11806240  printf                         
118048e0  putc                           
11806f00  remove                         
11805180  scalbn                         
11805180  scalbnl                        
11804e20  setvbuf                        
11806f00  unlink                         
118072c0  wcslen                         
11807160  write                          


GLOBAL SYMBOLS: SORTED BY Symbol Address 

address   name                           
-------   ----                           
00001000  __TI_STACK_SIZE                
00001000  __TI_SYSMEM_SIZE               
11800000  __TI_printfi                   
118026a0  __c6xabi_divd                  
11803080  free                           
11803440  I2C_writeRead                  
11803554  I2C_write                      
1180362c  I2C_recover                    
118036d4  I2C_read                       
118037c0  fputs                          
11803aa0  System_puts                    
11803ac4  main                           
118042c0  __c6xabi_divull                
11804720  __c6xabi_divul                 
118048e0  fputc                          
118048e0  putc                           
11804aa0  frexp                          
11804aa0  frexpl                         
11804c60  malloc                         
11804e20  setvbuf                        
11804fe0  HOSTrename                     
11805180  ldexp                          
11805180  ldexpl                         
11805180  scalbn                         
11805180  scalbnl                        
11805420  getdevice                      
11805540  __TI_closefile                 
11805840  atoi                           
11805940  fflush                         
11805a40  fseek                          
11805b40  HOSTlseek                      
11805c20  HOSTopen                       
11805d00  HOSTwrite                      
11805de0  __TI_ltoa                      
11805ec0  __TI_wrt_ok                    
11805fa0  close                          
11806080  exit                           
11806160  memset                         
11806240  printf                         
11806320  HOSTread                       
118063e0  HOSTunlink                     
118064a0  __TI_auto_init_nobinit_nopinit 
11806560  __TI_doflush                   
11806620  __c6xabi_divu                  
11806620  __divu                         
118067a0  dacInt                         
118067e8  adcInt                         
11806860  __TI_tls_init                  
11806920  HOSTclose                      
118069c0  __TI_cleanup                   
11806a60  __c6xabi_remu                  
11806a60  __remu                         
11806ba0  finddevice                     
11806c40  memcpy                         
11806d80  __TI_readmsg                   
11806e00  __c6xabi_llshl                 
11806e80  _c_int00                       
11806f00  remove                         
11806f00  unlink                         
11806f80  __TI_writemsg                  
11806fd8  C$$IO$$                        
11806fe0  __c6xabi_llshru                
11807040  _subcull                       
118070a0  lseek                          
11807100  memccpy                        
11807160  write                          
118071c0  __TI_frcmpyd_div               
11807200  __c6xabi_isinf                 
11807280  _args_main                     
118072c0  wcslen                         
11807300  __c6xabi_errno_addr            
11807320  __c6xabi_pop_rts               
11807320  __pop_rts                      
11807340  __c6xabi_push_rts              
11807340  __push_rts                     
11807360  _nop                           
118073c0  _signbit                       
118073e0  _system_post_cinit             
11807400  _system_pre_init               
11807420  C$$EXIT                        
11807420  abort                          
11807440  __TI_decompress_none           
11807460  __TI_decompress_rle24          
11807500  _sys_memory                    
11808500  _ftable                        
118086e0  _stream                        
11808780  _device                        
118087f8  __TI_cleanup_ptr               
118087fc  __TI_dtors_ptr                 
11808800  __TI_enable_exit_profile_output
1180880c  _lock                          
11808810  _unlock                        
11808814  __TI_ft_end                    
11808818  __errno                        
11808818  errno                          
11808820  DAC_trigSrc                    
11808820  __TI_STATIC_BASE               
11808824  i2cRegs                        
11808828  PRU_addaRegs                   
11808a08  _ctypes_                       
11808b30  __TI_tmpnams                   
11808c70  I2C_globals                    
11808c88  parmbuf                        
11e00000  INT_vectorTable                
11e00200  I2C_int                        
11f00040  _stack                         
11f01040  __TI_STACK_END                 
11f01040  gData                          
80001180  UNIDAQ2_init                   
80002200  INT_init                       
80002238  INT_sel                        
80002294  INT_instFunc                   
800022f4  INT_start                      
c0000000  DAC_stop                       
c0000288  DAC_start                      
c000054c  DAC_config                     
c0001208  ADC_stop                       
c0001278  ADC_start                      
c000130c  ADC_config                     
c0001b80  I2C_init                       
c0001de0  PRU_run                        
c0001e70  PRU_load                       
c0001ed0  PRU_init                       
c0001fc4  PRU_halt                       
c0002080  PRU_addaCode                   
c00024f0  __CIOBUF_                      
c00026ac  __TI_Handler_Table_Base        
c00026b4  __TI_Handler_Table_Limit       
c00026b8  __TI_CINIT_Base                
c00026e0  __TI_CINIT_Limit               
ffffffff  __TI_pprof_out_hndl            
ffffffff  __TI_prof_data_size            
ffffffff  __TI_prof_data_start           
ffffffff  __binit__                      
ffffffff  __c_args__                     
ffffffff  binit                          
UNDEFED   __TI_TLS_INIT_Base             
UNDEFED   __TI_TLS_INIT_Limit            

[138 symbols]
