<?xml version="1.0" encoding="ISO-8859-1" ?>
<link_info>
   <banner>TMS320C6x Linker PC v8.3.12</banner>
   <copyright>Copyright (c) 1996-2018 Texas Instruments Incorporated</copyright>
   <link_time>0x6578245a</link_time>
   <link_errors>0x0</link_errors>
   <output_file>adda_simple.out</output_file>
   <entry_point>
      <name>_c_int00</name>
      <address>0x118073c0</address>
   </entry_point>
   <input_file_list>
      <input_file id="fl-2">
         <path>.\</path>
         <kind>object</kind>
         <file>FIR_filter_asm_sc.obj</file>
         <name>FIR_filter_asm_sc.obj</name>
      </input_file>
      <input_file id="fl-3">
         <path>.\</path>
         <kind>object</kind>
         <file>adda.obj</file>
         <name>adda.obj</name>
      </input_file>
      <input_file id="fl-4">
         <path>.\</path>
         <kind>object</kind>
         <file>i2c.obj</file>
         <name>i2c.obj</name>
      </input_file>
      <input_file id="fl-5">
         <path>.\</path>
         <kind>object</kind>
         <file>main_adda_Lab3.obj</file>
         <name>main_adda_Lab3.obj</name>
      </input_file>
      <input_file id="fl-6">
         <path>.\</path>
         <kind>object</kind>
         <file>pru.obj</file>
         <name>pru.obj</name>
      </input_file>
      <input_file id="fl-a">
         <kind>object</kind>
         <file>&lt;internal&gt;</file>
         <name>&lt;internal&gt;</name>
      </input_file>
      <input_file id="fl-24">
         <path>C:\ti\ccs1230\ccs\tools\compiler\ti-cgt-c6000_8.3.12\lib\</path>
         <kind>archive</kind>
         <file>rts6740_elf.lib</file>
         <name>printf.c.obj</name>
      </input_file>
      <input_file id="fl-25">
         <path>C:\ti\ccs1230\ccs\tools\compiler\ti-cgt-c6000_8.3.12\lib\</path>
         <kind>archive</kind>
         <file>rts6740_elf.lib</file>
         <name>_printfi.c.obj</name>
      </input_file>
      <input_file id="fl-26">
         <path>C:\ti\ccs1230\ccs\tools\compiler\ti-cgt-c6000_8.3.12\lib\</path>
         <kind>archive</kind>
         <file>rts6740_elf.lib</file>
         <name>fflush.c.obj</name>
      </input_file>
      <input_file id="fl-27">
         <path>C:\ti\ccs1230\ccs\tools\compiler\ti-cgt-c6000_8.3.12\lib\</path>
         <kind>archive</kind>
         <file>rts6740_elf.lib</file>
         <name>fputc.c.obj</name>
      </input_file>
      <input_file id="fl-28">
         <path>C:\ti\ccs1230\ccs\tools\compiler\ti-cgt-c6000_8.3.12\lib\</path>
         <kind>archive</kind>
         <file>rts6740_elf.lib</file>
         <name>fputs.c.obj</name>
      </input_file>
      <input_file id="fl-29">
         <path>C:\ti\ccs1230\ccs\tools\compiler\ti-cgt-c6000_8.3.12\lib\</path>
         <kind>archive</kind>
         <file>rts6740_elf.lib</file>
         <name>_io_perm.c.obj</name>
      </input_file>
      <input_file id="fl-2a">
         <path>C:\ti\ccs1230\ccs\tools\compiler\ti-cgt-c6000_8.3.12\lib\</path>
         <kind>archive</kind>
         <file>rts6740_elf.lib</file>
         <name>setvbuf.c.obj</name>
      </input_file>
      <input_file id="fl-2b">
         <path>C:\ti\ccs1230\ccs\tools\compiler\ti-cgt-c6000_8.3.12\lib\</path>
         <kind>archive</kind>
         <file>rts6740_elf.lib</file>
         <name>push.asm.obj</name>
      </input_file>
      <input_file id="fl-2c">
         <path>C:\ti\ccs1230\ccs\tools\compiler\ti-cgt-c6000_8.3.12\lib\</path>
         <kind>archive</kind>
         <file>rts6740_elf.lib</file>
         <name>divu.asm.obj</name>
      </input_file>
      <input_file id="fl-2d">
         <path>C:\ti\ccs1230\ccs\tools\compiler\ti-cgt-c6000_8.3.12\lib\</path>
         <kind>archive</kind>
         <file>rts6740_elf.lib</file>
         <name>memcpy64.asm.obj</name>
      </input_file>
      <input_file id="fl-2e">
         <path>C:\ti\ccs1230\ccs\tools\compiler\ti-cgt-c6000_8.3.12\lib\</path>
         <kind>archive</kind>
         <file>rts6740_elf.lib</file>
         <name>remu.asm.obj</name>
      </input_file>
      <input_file id="fl-2f">
         <path>C:\ti\ccs1230\ccs\tools\compiler\ti-cgt-c6000_8.3.12\lib\</path>
         <kind>archive</kind>
         <file>rts6740_elf.lib</file>
         <name>boot.c.obj</name>
      </input_file>
      <input_file id="fl-30">
         <path>C:\ti\ccs1230\ccs\tools\compiler\ti-cgt-c6000_8.3.12\lib\</path>
         <kind>archive</kind>
         <file>rts6740_elf.lib</file>
         <name>imath40.c.obj</name>
      </input_file>
      <input_file id="fl-31">
         <path>C:\ti\ccs1230\ccs\tools\compiler\ti-cgt-c6000_8.3.12\lib\</path>
         <kind>archive</kind>
         <file>rts6740_elf.lib</file>
         <name>imath64.c.obj</name>
      </input_file>
      <input_file id="fl-32">
         <path>C:\ti\ccs1230\ccs\tools\compiler\ti-cgt-c6000_8.3.12\lib\</path>
         <kind>archive</kind>
         <file>rts6740_elf.lib</file>
         <name>llshift.c.obj</name>
      </input_file>
      <input_file id="fl-33">
         <path>C:\ti\ccs1230\ccs\tools\compiler\ti-cgt-c6000_8.3.12\lib\</path>
         <kind>archive</kind>
         <file>rts6740_elf.lib</file>
         <name>memset.c.obj</name>
      </input_file>
      <input_file id="fl-34">
         <path>C:\ti\ccs1230\ccs\tools\compiler\ti-cgt-c6000_8.3.12\lib\</path>
         <kind>archive</kind>
         <file>rts6740_elf.lib</file>
         <name>autoinit.c.obj</name>
      </input_file>
      <input_file id="fl-35">
         <path>C:\ti\ccs1230\ccs\tools\compiler\ti-cgt-c6000_8.3.12\lib\</path>
         <kind>archive</kind>
         <file>rts6740_elf.lib</file>
         <name>pre_init.c.obj</name>
      </input_file>
      <input_file id="fl-36">
         <path>C:\ti\ccs1230\ccs\tools\compiler\ti-cgt-c6000_8.3.12\lib\</path>
         <kind>archive</kind>
         <file>rts6740_elf.lib</file>
         <name>startup.c.obj</name>
      </input_file>
      <input_file id="fl-37">
         <path>C:\ti\ccs1230\ccs\tools\compiler\ti-cgt-c6000_8.3.12\lib\</path>
         <kind>archive</kind>
         <file>rts6740_elf.lib</file>
         <name>cpy_tbl.c.obj</name>
      </input_file>
      <input_file id="fl-38">
         <path>C:\ti\ccs1230\ccs\tools\compiler\ti-cgt-c6000_8.3.12\lib\</path>
         <kind>archive</kind>
         <file>rts6740_elf.lib</file>
         <name>copy_zero_init.c.obj</name>
      </input_file>
      <input_file id="fl-39">
         <path>C:\ti\ccs1230\ccs\tools\compiler\ti-cgt-c6000_8.3.12\lib\</path>
         <kind>archive</kind>
         <file>rts6740_elf.lib</file>
         <name>copy_decompress_none.c.obj</name>
      </input_file>
      <input_file id="fl-3a">
         <path>C:\ti\ccs1230\ccs\tools\compiler\ti-cgt-c6000_8.3.12\lib\</path>
         <kind>archive</kind>
         <file>rts6740_elf.lib</file>
         <name>copy_decompress_rle.c.obj</name>
      </input_file>
      <input_file id="fl-3b">
         <path>C:\ti\ccs1230\ccs\tools\compiler\ti-cgt-c6000_8.3.12\lib\</path>
         <kind>archive</kind>
         <file>rts6740_elf.lib</file>
         <name>frexp.c.obj</name>
      </input_file>
      <input_file id="fl-3c">
         <path>C:\ti\ccs1230\ccs\tools\compiler\ti-cgt-c6000_8.3.12\lib\</path>
         <kind>archive</kind>
         <file>rts6740_elf.lib</file>
         <name>isinf.c.obj</name>
      </input_file>
      <input_file id="fl-3d">
         <path>C:\ti\ccs1230\ccs\tools\compiler\ti-cgt-c6000_8.3.12\lib\</path>
         <kind>archive</kind>
         <file>rts6740_elf.lib</file>
         <name>ldexp.c.obj</name>
      </input_file>
      <input_file id="fl-3e">
         <path>C:\ti\ccs1230\ccs\tools\compiler\ti-cgt-c6000_8.3.12\lib\</path>
         <kind>archive</kind>
         <file>rts6740_elf.lib</file>
         <name>signbit.c.obj</name>
      </input_file>
      <input_file id="fl-3f">
         <path>C:\ti\ccs1230\ccs\tools\compiler\ti-cgt-c6000_8.3.12\lib\</path>
         <kind>archive</kind>
         <file>rts6740_elf.lib</file>
         <name>divd.c.obj</name>
      </input_file>
      <input_file id="fl-40">
         <path>C:\ti\ccs1230\ccs\tools\compiler\ti-cgt-c6000_8.3.12\lib\</path>
         <kind>archive</kind>
         <file>rts6740_elf.lib</file>
         <name>frcmpyd_div.c.obj</name>
      </input_file>
      <input_file id="fl-41">
         <path>C:\ti\ccs1230\ccs\tools\compiler\ti-cgt-c6000_8.3.12\lib\</path>
         <kind>archive</kind>
         <file>rts6740_elf.lib</file>
         <name>exit.c.obj</name>
      </input_file>
      <input_file id="fl-42">
         <path>C:\ti\ccs1230\ccs\tools\compiler\ti-cgt-c6000_8.3.12\lib\</path>
         <kind>archive</kind>
         <file>rts6740_elf.lib</file>
         <name>memory.c.obj</name>
      </input_file>
      <input_file id="fl-43">
         <path>C:\ti\ccs1230\ccs\tools\compiler\ti-cgt-c6000_8.3.12\lib\</path>
         <kind>archive</kind>
         <file>rts6740_elf.lib</file>
         <name>_lock.c.obj</name>
      </input_file>
      <input_file id="fl-44">
         <path>C:\ti\ccs1230\ccs\tools\compiler\ti-cgt-c6000_8.3.12\lib\</path>
         <kind>archive</kind>
         <file>rts6740_elf.lib</file>
         <name>_ltoa.c.obj</name>
      </input_file>
      <input_file id="fl-45">
         <path>C:\ti\ccs1230\ccs\tools\compiler\ti-cgt-c6000_8.3.12\lib\</path>
         <kind>archive</kind>
         <file>rts6740_elf.lib</file>
         <name>args_main.c.obj</name>
      </input_file>
      <input_file id="fl-46">
         <path>C:\ti\ccs1230\ccs\tools\compiler\ti-cgt-c6000_8.3.12\lib\</path>
         <kind>archive</kind>
         <file>rts6740_elf.lib</file>
         <name>atoi.c.obj</name>
      </input_file>
      <input_file id="fl-47">
         <path>C:\ti\ccs1230\ccs\tools\compiler\ti-cgt-c6000_8.3.12\lib\</path>
         <kind>archive</kind>
         <file>rts6740_elf.lib</file>
         <name>ctype.c.obj</name>
      </input_file>
      <input_file id="fl-48">
         <path>C:\ti\ccs1230\ccs\tools\compiler\ti-cgt-c6000_8.3.12\lib\</path>
         <kind>archive</kind>
         <file>rts6740_elf.lib</file>
         <name>defs.c.obj</name>
      </input_file>
      <input_file id="fl-49">
         <path>C:\ti\ccs1230\ccs\tools\compiler\ti-cgt-c6000_8.3.12\lib\</path>
         <kind>archive</kind>
         <file>rts6740_elf.lib</file>
         <name>memccpy.c.obj</name>
      </input_file>
      <input_file id="fl-4a">
         <path>C:\ti\ccs1230\ccs\tools\compiler\ti-cgt-c6000_8.3.12\lib\</path>
         <kind>archive</kind>
         <file>rts6740_elf.lib</file>
         <name>write.c.obj</name>
      </input_file>
      <input_file id="fl-4b">
         <path>C:\ti\ccs1230\ccs\tools\compiler\ti-cgt-c6000_8.3.12\lib\</path>
         <kind>archive</kind>
         <file>rts6740_elf.lib</file>
         <name>tls.c.obj</name>
      </input_file>
      <input_file id="fl-4c">
         <path>C:\ti\ccs1230\ccs\tools\compiler\ti-cgt-c6000_8.3.12\lib\</path>
         <kind>archive</kind>
         <file>rts6740_elf.lib</file>
         <name>llabs.c.obj</name>
      </input_file>
      <input_file id="fl-4d">
         <path>C:\ti\ccs1230\ccs\tools\compiler\ti-cgt-c6000_8.3.12\lib\</path>
         <kind>archive</kind>
         <file>rts6740_elf.lib</file>
         <name>errno.c.obj</name>
      </input_file>
      <input_file id="fl-4e">
         <path>C:\ti\ccs1230\ccs\tools\compiler\ti-cgt-c6000_8.3.12\lib\</path>
         <kind>archive</kind>
         <file>rts6740_elf.lib</file>
         <name>wcslen.c.obj</name>
      </input_file>
      <input_file id="fl-4f">
         <path>C:\ti\ccs1230\ccs\tools\compiler\ti-cgt-c6000_8.3.12\lib\</path>
         <kind>archive</kind>
         <file>rts6740_elf.lib</file>
         <name>fopen.c.obj</name>
      </input_file>
      <input_file id="fl-50">
         <path>C:\ti\ccs1230\ccs\tools\compiler\ti-cgt-c6000_8.3.12\lib\</path>
         <kind>archive</kind>
         <file>rts6740_elf.lib</file>
         <name>fseek.c.obj</name>
      </input_file>
      <input_file id="fl-51">
         <path>C:\ti\ccs1230\ccs\tools\compiler\ti-cgt-c6000_8.3.12\lib\</path>
         <kind>archive</kind>
         <file>rts6740_elf.lib</file>
         <name>tls_get_tp.asm.obj</name>
      </input_file>
      <input_file id="fl-52">
         <path>C:\ti\ccs1230\ccs\tools\compiler\ti-cgt-c6000_8.3.12\lib\</path>
         <kind>archive</kind>
         <file>rts6740_elf.lib</file>
         <name>lseek.c.obj</name>
      </input_file>
      <input_file id="fl-53">
         <path>C:\ti\ccs1230\ccs\tools\compiler\ti-cgt-c6000_8.3.12\lib\</path>
         <kind>archive</kind>
         <file>rts6740_elf.lib</file>
         <name>open.c.obj</name>
      </input_file>
      <input_file id="fl-54">
         <path>C:\ti\ccs1230\ccs\tools\compiler\ti-cgt-c6000_8.3.12\lib\</path>
         <kind>archive</kind>
         <file>rts6740_elf.lib</file>
         <name>hostclose.c.obj</name>
      </input_file>
      <input_file id="fl-55">
         <path>C:\ti\ccs1230\ccs\tools\compiler\ti-cgt-c6000_8.3.12\lib\</path>
         <kind>archive</kind>
         <file>rts6740_elf.lib</file>
         <name>hostlseek.c.obj</name>
      </input_file>
      <input_file id="fl-56">
         <path>C:\ti\ccs1230\ccs\tools\compiler\ti-cgt-c6000_8.3.12\lib\</path>
         <kind>archive</kind>
         <file>rts6740_elf.lib</file>
         <name>hostopen.c.obj</name>
      </input_file>
      <input_file id="fl-57">
         <path>C:\ti\ccs1230\ccs\tools\compiler\ti-cgt-c6000_8.3.12\lib\</path>
         <kind>archive</kind>
         <file>rts6740_elf.lib</file>
         <name>hostread.c.obj</name>
      </input_file>
      <input_file id="fl-58">
         <path>C:\ti\ccs1230\ccs\tools\compiler\ti-cgt-c6000_8.3.12\lib\</path>
         <kind>archive</kind>
         <file>rts6740_elf.lib</file>
         <name>hostrename.c.obj</name>
      </input_file>
      <input_file id="fl-59">
         <path>C:\ti\ccs1230\ccs\tools\compiler\ti-cgt-c6000_8.3.12\lib\</path>
         <kind>archive</kind>
         <file>rts6740_elf.lib</file>
         <name>hostunlink.c.obj</name>
      </input_file>
      <input_file id="fl-5a">
         <path>C:\ti\ccs1230\ccs\tools\compiler\ti-cgt-c6000_8.3.12\lib\</path>
         <kind>archive</kind>
         <file>rts6740_elf.lib</file>
         <name>hostwrite.c.obj</name>
      </input_file>
      <input_file id="fl-5b">
         <path>C:\ti\ccs1230\ccs\tools\compiler\ti-cgt-c6000_8.3.12\lib\</path>
         <kind>archive</kind>
         <file>rts6740_elf.lib</file>
         <name>trgmsg.c.obj</name>
      </input_file>
      <input_file id="fl-5c">
         <path>C:\ti\ccs1230\ccs\tools\compiler\ti-cgt-c6000_8.3.12\lib\</path>
         <kind>archive</kind>
         <file>rts6740_elf.lib</file>
         <name>fclose.c.obj</name>
      </input_file>
      <input_file id="fl-5d">
         <path>C:\ti\ccs1230\ccs\tools\compiler\ti-cgt-c6000_8.3.12\lib\</path>
         <kind>archive</kind>
         <file>rts6740_elf.lib</file>
         <name>getdevice.c.obj</name>
      </input_file>
      <input_file id="fl-5e">
         <path>C:\ti\ccs1230\ccs\tools\compiler\ti-cgt-c6000_8.3.12\lib\</path>
         <kind>archive</kind>
         <file>rts6740_elf.lib</file>
         <name>close.c.obj</name>
      </input_file>
      <input_file id="fl-5f">
         <path>C:\ti\ccs1230\ccs\tools\compiler\ti-cgt-c6000_8.3.12\lib\</path>
         <kind>archive</kind>
         <file>rts6740_elf.lib</file>
         <name>remove.c.obj</name>
      </input_file>
      <input_file id="fl-60">
         <path>C:\ti\ccs1230\ccs\tools\compiler\ti-cgt-c6000_8.3.12\lib\</path>
         <kind>archive</kind>
         <file>rts6740_elf.lib</file>
         <name>unlink.c.obj</name>
      </input_file>
   </input_file_list>
   <object_component_list>
      <object_component id="oc-17b">
         <name>.text:__TI_printfi</name>
         <load_address>0x11800000</load_address>
         <run_address>0x11800000</run_address>
         <size>0x20c0</size>
         <input_file_ref idref="fl-25"/>
      </object_component>
      <object_component id="oc-28f">
         <name>.text:_pconv_a</name>
         <load_address>0x118020c0</load_address>
         <run_address>0x118020c0</run_address>
         <size>0x660</size>
         <input_file_ref idref="fl-25"/>
      </object_component>
      <object_component id="oc-318">
         <name>.text:__c6xabi_divd</name>
         <load_address>0x11802720</load_address>
         <run_address>0x11802720</run_address>
         <size>0x600</size>
         <input_file_ref idref="fl-3f"/>
      </object_component>
      <object_component id="oc-3d">
         <name>.text:retain</name>
         <load_address>0x11802d20</load_address>
         <run_address>0x11802d20</run_address>
         <size>0x4e0</size>
         <input_file_ref idref="fl-5"/>
      </object_component>
      <object_component id="oc-27d">
         <name>.text:_pconv_g</name>
         <load_address>0x11803200</load_address>
         <run_address>0x11803200</run_address>
         <size>0x400</size>
         <input_file_ref idref="fl-25"/>
      </object_component>
      <object_component id="oc-3ea">
         <name>.text:free</name>
         <load_address>0x11803600</load_address>
         <run_address>0x11803600</run_address>
         <size>0x3c0</size>
         <input_file_ref idref="fl-42"/>
      </object_component>
      <object_component id="oc-37">
         <name>.text</name>
         <load_address>0x118039c0</load_address>
         <run_address>0x118039c0</run_address>
         <size>0x3c0</size>
         <input_file_ref idref="fl-5"/>
      </object_component>
      <object_component id="oc-19e">
         <name>.text</name>
         <load_address>0x11803d80</load_address>
         <run_address>0x11803d80</run_address>
         <size>0x300</size>
         <input_file_ref idref="fl-4"/>
      </object_component>
      <object_component id="oc-258">
         <name>.text:fputs</name>
         <load_address>0x11804080</load_address>
         <run_address>0x11804080</run_address>
         <size>0x2e0</size>
         <input_file_ref idref="fl-28"/>
      </object_component>
      <object_component id="oc-289">
         <name>.text:_pconv_e</name>
         <load_address>0x11804360</load_address>
         <run_address>0x11804360</run_address>
         <size>0x2a0</size>
         <input_file_ref idref="fl-25"/>
      </object_component>
      <object_component id="oc-331">
         <name>.text:fcvt</name>
         <load_address>0x11804600</load_address>
         <run_address>0x11804600</run_address>
         <size>0x2a0</size>
         <input_file_ref idref="fl-25"/>
      </object_component>
      <object_component id="oc-308">
         <name>.text:__c6xabi_divull</name>
         <load_address>0x118048a0</load_address>
         <run_address>0x118048a0</run_address>
         <size>0x260</size>
         <input_file_ref idref="fl-31"/>
      </object_component>
      <object_component id="oc-265">
         <name>.text:_ltostr</name>
         <load_address>0x11804b00</load_address>
         <run_address>0x11804b00</run_address>
         <size>0x200</size>
         <input_file_ref idref="fl-25"/>
      </object_component>
      <object_component id="oc-30e">
         <name>.text:__c6xabi_divul</name>
         <load_address>0x11804d00</load_address>
         <run_address>0x11804d00</run_address>
         <size>0x1c0</size>
         <input_file_ref idref="fl-30"/>
      </object_component>
      <object_component id="oc-251">
         <name>.text:fputc</name>
         <load_address>0x11804ec0</load_address>
         <run_address>0x11804ec0</run_address>
         <size>0x1c0</size>
         <input_file_ref idref="fl-27"/>
      </object_component>
      <object_component id="oc-339">
         <name>.text:frexp</name>
         <load_address>0x11805080</load_address>
         <run_address>0x11805080</run_address>
         <size>0x1c0</size>
         <input_file_ref idref="fl-3b"/>
      </object_component>
      <object_component id="oc-33f">
         <name>.text:ldexp</name>
         <load_address>0x11805240</load_address>
         <run_address>0x11805240</run_address>
         <size>0x1c0</size>
         <input_file_ref idref="fl-3d"/>
      </object_component>
      <object_component id="oc-3f0">
         <name>.text:malloc</name>
         <load_address>0x11805400</load_address>
         <run_address>0x11805400</run_address>
         <size>0x1c0</size>
         <input_file_ref idref="fl-42"/>
      </object_component>
      <object_component id="oc-37e">
         <name>.text:setvbuf</name>
         <load_address>0x118055c0</load_address>
         <run_address>0x118055c0</run_address>
         <size>0x1c0</size>
         <input_file_ref idref="fl-2a"/>
      </object_component>
      <object_component id="oc-453">
         <name>.text:HOSTrename</name>
         <load_address>0x11805780</load_address>
         <run_address>0x11805780</run_address>
         <size>0x1a0</size>
         <input_file_ref idref="fl-58"/>
      </object_component>
      <object_component id="oc-283">
         <name>.text:_pconv_f</name>
         <load_address>0x11805920</load_address>
         <run_address>0x11805920</run_address>
         <size>0x120</size>
         <input_file_ref idref="fl-25"/>
      </object_component>
      <object_component id="oc-4d1">
         <name>.text:getdevice</name>
         <load_address>0x11805a40</load_address>
         <run_address>0x11805a40</run_address>
         <size>0x120</size>
         <input_file_ref idref="fl-5d"/>
      </object_component>
      <object_component id="oc-470">
         <name>.text:__TI_closefile</name>
         <load_address>0x11805b60</load_address>
         <run_address>0x11805b60</run_address>
         <size>0x100</size>
         <input_file_ref idref="fl-5c"/>
      </object_component>
      <object_component id="oc-56">
         <name>.text:__TI_decompress_rle_core</name>
         <load_address>0x11805c60</load_address>
         <run_address>0x11805c60</run_address>
         <size>0x100</size>
         <input_file_ref idref="fl-3a"/>
      </object_component>
      <object_component id="oc-32a">
         <name>.text:_mcpy</name>
         <load_address>0x11805d60</load_address>
         <run_address>0x11805d60</run_address>
         <size>0x100</size>
         <input_file_ref idref="fl-25"/>
      </object_component>
      <object_component id="oc-25f">
         <name>.text:atoi</name>
         <load_address>0x11805e60</load_address>
         <run_address>0x11805e60</run_address>
         <size>0x100</size>
         <input_file_ref idref="fl-46"/>
      </object_component>
      <object_component id="oc-94">
         <name>.text:fflush</name>
         <load_address>0x11805f60</load_address>
         <run_address>0x11805f60</run_address>
         <size>0x100</size>
         <input_file_ref idref="fl-26"/>
      </object_component>
      <object_component id="oc-378">
         <name>.text:fseek</name>
         <load_address>0x11806060</load_address>
         <run_address>0x11806060</run_address>
         <size>0x100</size>
         <input_file_ref idref="fl-50"/>
      </object_component>
      <object_component id="oc-447">
         <name>.text:HOSTlseek</name>
         <load_address>0x11806160</load_address>
         <run_address>0x11806160</run_address>
         <size>0xe0</size>
         <input_file_ref idref="fl-55"/>
      </object_component>
      <object_component id="oc-42f">
         <name>.text:HOSTopen</name>
         <load_address>0x11806240</load_address>
         <run_address>0x11806240</run_address>
         <size>0xe0</size>
         <input_file_ref idref="fl-56"/>
      </object_component>
      <object_component id="oc-441">
         <name>.text:HOSTwrite</name>
         <load_address>0x11806320</load_address>
         <run_address>0x11806320</run_address>
         <size>0xe0</size>
         <input_file_ref idref="fl-5a"/>
      </object_component>
      <object_component id="oc-31e">
         <name>.text:__TI_ltoa</name>
         <load_address>0x11806400</load_address>
         <run_address>0x11806400</run_address>
         <size>0xe0</size>
         <input_file_ref idref="fl-44"/>
      </object_component>
      <object_component id="oc-2f9">
         <name>.text:__TI_wrt_ok</name>
         <load_address>0x118064e0</load_address>
         <run_address>0x118064e0</run_address>
         <size>0xe0</size>
         <input_file_ref idref="fl-29"/>
      </object_component>
      <object_component id="oc-4ac">
         <name>.text:close</name>
         <load_address>0x118065c0</load_address>
         <run_address>0x118065c0</run_address>
         <size>0xe0</size>
         <input_file_ref idref="fl-5e"/>
      </object_component>
      <object_component id="oc-74">
         <name>.text:exit</name>
         <load_address>0x118066a0</load_address>
         <run_address>0x118066a0</run_address>
         <size>0xe0</size>
         <input_file_ref idref="fl-41"/>
      </object_component>
      <object_component id="oc-f5">
         <name>.text:memset</name>
         <load_address>0x11806780</load_address>
         <run_address>0x11806780</run_address>
         <size>0xe0</size>
         <input_file_ref idref="fl-33"/>
      </object_component>
      <object_component id="oc-8e">
         <name>.text:printf</name>
         <load_address>0x11806860</load_address>
         <run_address>0x11806860</run_address>
         <size>0xe0</size>
         <input_file_ref idref="fl-24"/>
      </object_component>
      <object_component id="oc-43b">
         <name>.text:HOSTread</name>
         <load_address>0x11806940</load_address>
         <run_address>0x11806940</run_address>
         <size>0xc0</size>
         <input_file_ref idref="fl-57"/>
      </object_component>
      <object_component id="oc-44d">
         <name>.text:HOSTunlink</name>
         <load_address>0x11806a00</load_address>
         <run_address>0x11806a00</run_address>
         <size>0xc0</size>
         <input_file_ref idref="fl-59"/>
      </object_component>
      <object_component id="oc-117">
         <name>.text:__TI_auto_init_nobinit_nopinit:__TI_auto_init_nobinit_nopinit</name>
         <load_address>0x11806ac0</load_address>
         <run_address>0x11806ac0</run_address>
         <size>0xc0</size>
         <input_file_ref idref="fl-34"/>
      </object_component>
      <object_component id="oc-198">
         <name>.text:__divu</name>
         <load_address>0x11806b80</load_address>
         <run_address>0x11806b80</run_address>
         <size>0xc0</size>
         <input_file_ref idref="fl-2c"/>
      </object_component>
      <object_component id="oc-468">
         <name>.text:mremove</name>
         <load_address>0x11806c40</load_address>
         <run_address>0x11806c40</run_address>
         <size>0xc0</size>
         <input_file_ref idref="fl-42"/>
      </object_component>
      <object_component id="oc-22c">
         <name>.text:tls:init:__TI_tls_init</name>
         <load_address>0x11806d00</load_address>
         <run_address>0x11806d00</run_address>
         <size>0xc0</size>
         <input_file_ref idref="fl-4b"/>
      </object_component>
      <object_component id="oc-435">
         <name>.text:HOSTclose</name>
         <load_address>0x11806dc0</load_address>
         <run_address>0x11806dc0</run_address>
         <size>0xa0</size>
         <input_file_ref idref="fl-54"/>
      </object_component>
      <object_component id="oc-3f6">
         <name>.text:__TI_cleanup</name>
         <load_address>0x11806e60</load_address>
         <run_address>0x11806e60</run_address>
         <size>0xa0</size>
         <input_file_ref idref="fl-4f"/>
      </object_component>
      <object_component id="oc-188">
         <name>.text:__TI_doflush</name>
         <load_address>0x11806f00</load_address>
         <run_address>0x11806f00</run_address>
         <size>0xa0</size>
         <input_file_ref idref="fl-26"/>
      </object_component>
      <object_component id="oc-1a4">
         <name>.text:__remu</name>
         <load_address>0x11806fa0</load_address>
         <run_address>0x11806fa0</run_address>
         <size>0xa0</size>
         <input_file_ref idref="fl-2e"/>
      </object_component>
      <object_component id="oc-324">
         <name>.text:_ecpy</name>
         <load_address>0x11807040</load_address>
         <run_address>0x11807040</run_address>
         <size>0xa0</size>
         <input_file_ref idref="fl-25"/>
      </object_component>
      <object_component id="oc-4e1">
         <name>.text:finddevice</name>
         <load_address>0x118070e0</load_address>
         <run_address>0x118070e0</run_address>
         <size>0xa0</size>
         <input_file_ref idref="fl-5d"/>
      </object_component>
      <object_component id="oc-4a">
         <name>.text:memcpy</name>
         <load_address>0x11807180</load_address>
         <run_address>0x11807180</run_address>
         <size>0xa0</size>
         <input_file_ref idref="fl-2d"/>
      </object_component>
      <object_component id="oc-462">
         <name>.text:minsert</name>
         <load_address>0x11807220</load_address>
         <run_address>0x11807220</run_address>
         <size>0xa0</size>
         <input_file_ref idref="fl-42"/>
      </object_component>
      <object_component id="oc-493">
         <name>.text:__TI_readmsg</name>
         <load_address>0x118072c0</load_address>
         <run_address>0x118072c0</run_address>
         <size>0x80</size>
         <input_file_ref idref="fl-5b"/>
      </object_component>
      <object_component id="oc-38f">
         <name>.text:__c6xabi_llshl</name>
         <load_address>0x11807340</load_address>
         <run_address>0x11807340</run_address>
         <size>0x80</size>
         <input_file_ref idref="fl-32"/>
      </object_component>
      <object_component id="oc-24">
         <name>.text:_c_int00</name>
         <load_address>0x118073c0</load_address>
         <run_address>0x118073c0</run_address>
         <size>0x80</size>
         <input_file_ref idref="fl-2f"/>
      </object_component>
      <object_component id="oc-4b2">
         <name>.text:unlink</name>
         <load_address>0x11807440</load_address>
         <run_address>0x11807440</run_address>
         <size>0x80</size>
         <input_file_ref idref="fl-60"/>
      </object_component>
      <object_component id="oc-e1">
         <name>.text</name>
         <load_address>0x118074c0</load_address>
         <run_address>0x118074c0</run_address>
         <size>0x60</size>
         <input_file_ref idref="fl-2"/>
      </object_component>
      <object_component id="oc-48d">
         <name>.text:__TI_writemsg</name>
         <load_address>0x11807520</load_address>
         <run_address>0x11807520</run_address>
         <size>0x60</size>
         <input_file_ref idref="fl-5b"/>
      </object_component>
      <object_component id="oc-39b">
         <name>.text:__c6xabi_llshru</name>
         <load_address>0x11807580</load_address>
         <run_address>0x11807580</run_address>
         <size>0x60</size>
         <input_file_ref idref="fl-32"/>
      </object_component>
      <object_component id="oc-395">
         <name>.text:_subcull</name>
         <load_address>0x118075e0</load_address>
         <run_address>0x118075e0</run_address>
         <size>0x60</size>
         <input_file_ref idref="fl-31"/>
      </object_component>
      <object_component id="oc-3e2">
         <name>.text:lseek</name>
         <load_address>0x11807640</load_address>
         <run_address>0x11807640</run_address>
         <size>0x60</size>
         <input_file_ref idref="fl-52"/>
      </object_component>
      <object_component id="oc-295">
         <name>.text:memccpy</name>
         <load_address>0x118076a0</load_address>
         <run_address>0x118076a0</run_address>
         <size>0x60</size>
         <input_file_ref idref="fl-49"/>
      </object_component>
      <object_component id="oc-2c7">
         <name>.text:write</name>
         <load_address>0x11807700</load_address>
         <run_address>0x11807700</run_address>
         <size>0x60</size>
         <input_file_ref idref="fl-4a"/>
      </object_component>
      <object_component id="oc-3a5">
         <name>.text:__TI_frcmpyd_div</name>
         <load_address>0x11807760</load_address>
         <run_address>0x11807760</run_address>
         <size>0x40</size>
         <input_file_ref idref="fl-40"/>
      </object_component>
      <object_component id="oc-271">
         <name>.text:__c6xabi_isinf</name>
         <load_address>0x118077a0</load_address>
         <run_address>0x118077a0</run_address>
         <size>0x40</size>
         <input_file_ref idref="fl-3c"/>
      </object_component>
      <object_component id="oc-26b">
         <name>.text:__c6xabi_isnan</name>
         <load_address>0x118077e0</load_address>
         <run_address>0x118077e0</run_address>
         <size>0x40</size>
         <input_file_ref idref="fl-25"/>
      </object_component>
      <object_component id="oc-6e">
         <name>.text:_args_main</name>
         <load_address>0x11807820</load_address>
         <run_address>0x11807820</run_address>
         <size>0x40</size>
         <input_file_ref idref="fl-45"/>
      </object_component>
      <object_component id="oc-29b">
         <name>.text:wcslen</name>
         <load_address>0x11807860</load_address>
         <run_address>0x11807860</run_address>
         <size>0x40</size>
         <input_file_ref idref="fl-4e"/>
      </object_component>
      <object_component id="oc-2a1">
         <name>.text:__c6xabi_errno_addr</name>
         <load_address>0x118078a0</load_address>
         <run_address>0x118078a0</run_address>
         <size>0x20</size>
         <input_file_ref idref="fl-4d"/>
      </object_component>
      <object_component id="oc-18e">
         <name>.text:__pop_rts</name>
         <load_address>0x118078c0</load_address>
         <run_address>0x118078c0</run_address>
         <size>0x20</size>
         <input_file_ref idref="fl-2b"/>
      </object_component>
      <object_component id="oc-183">
         <name>.text:__push_rts</name>
         <load_address>0x118078e0</load_address>
         <run_address>0x118078e0</run_address>
         <size>0x20</size>
         <input_file_ref idref="fl-2b"/>
      </object_component>
      <object_component id="oc-246">
         <name>.text:_nop</name>
         <load_address>0x11807900</load_address>
         <run_address>0x11807900</run_address>
         <size>0x20</size>
         <input_file_ref idref="fl-43"/>
      </object_component>
      <object_component id="oc-16f">
         <name>.text:_outc</name>
         <load_address>0x11807920</load_address>
         <run_address>0x11807920</run_address>
         <size>0x20</size>
         <input_file_ref idref="fl-24"/>
      </object_component>
      <object_component id="oc-175">
         <name>.text:_outs</name>
         <load_address>0x11807940</load_address>
         <run_address>0x11807940</run_address>
         <size>0x20</size>
         <input_file_ref idref="fl-24"/>
      </object_component>
      <object_component id="oc-277">
         <name>.text:_signbit</name>
         <load_address>0x11807960</load_address>
         <run_address>0x11807960</run_address>
         <size>0x20</size>
         <input_file_ref idref="fl-3e"/>
      </object_component>
      <object_component id="oc-226">
         <name>.text:_system_post_cinit</name>
         <load_address>0x11807980</load_address>
         <run_address>0x11807980</run_address>
         <size>0x20</size>
         <input_file_ref idref="fl-36"/>
      </object_component>
      <object_component id="oc-7a">
         <name>.text:_system_pre_init</name>
         <load_address>0x118079a0</load_address>
         <run_address>0x118079a0</run_address>
         <size>0x20</size>
         <input_file_ref idref="fl-35"/>
      </object_component>
      <object_component id="oc-10e">
         <name>.text:abort</name>
         <load_address>0x118079c0</load_address>
         <run_address>0x118079c0</run_address>
         <size>0x20</size>
         <input_file_ref idref="fl-41"/>
      </object_component>
      <object_component id="oc-17">
         <name>.text:decompress:none:__TI_decompress_none</name>
         <load_address>0x118079e0</load_address>
         <run_address>0x118079e0</run_address>
         <size>0x20</size>
         <input_file_ref idref="fl-39"/>
      </object_component>
      <object_component id="oc-1d">
         <name>.text:decompress:rle24:__TI_decompress_rle24</name>
         <load_address>0x11807a00</load_address>
         <run_address>0x11807a00</run_address>
         <size>0x20</size>
         <input_file_ref idref="fl-3a"/>
      </object_component>
      <object_component id="oc-52a">
         <name>$Tramp$S$$ADC_start</name>
         <load_address>0x11807a20</load_address>
         <run_address>0x11807a20</run_address>
         <size>0x10</size>
         <input_file_ref idref="fl-3"/>
      </object_component>
      <object_component id="oc-529">
         <name>$Tramp$S$$DAC_start</name>
         <load_address>0x11807a30</load_address>
         <run_address>0x11807a30</run_address>
         <size>0x10</size>
         <input_file_ref idref="fl-3"/>
      </object_component>
      <object_component id="oc-528">
         <name>$Tramp$S$$PRU_run</name>
         <load_address>0x11807a40</load_address>
         <run_address>0x11807a40</run_address>
         <size>0x10</size>
         <input_file_ref idref="fl-6"/>
      </object_component>
      <object_component id="oc-527">
         <name>$Tramp$S$$PRU_load</name>
         <load_address>0x11807a50</load_address>
         <run_address>0x11807a50</run_address>
         <size>0x10</size>
         <input_file_ref idref="fl-6"/>
      </object_component>
      <object_component id="oc-526">
         <name>$Tramp$S$$PRU_init</name>
         <load_address>0x11807a60</load_address>
         <run_address>0x11807a60</run_address>
         <size>0x10</size>
         <input_file_ref idref="fl-6"/>
      </object_component>
      <object_component id="oc-525">
         <name>$Tramp$S$$DAC_config</name>
         <load_address>0x11807a70</load_address>
         <run_address>0x11807a70</run_address>
         <size>0x10</size>
         <input_file_ref idref="fl-3"/>
      </object_component>
      <object_component id="oc-524">
         <name>$Tramp$S$$ADC_config</name>
         <load_address>0x11807a80</load_address>
         <run_address>0x11807a80</run_address>
         <size>0x10</size>
         <input_file_ref idref="fl-3"/>
      </object_component>
      <object_component id="oc-523">
         <name>$Tramp$S$$I2C_init</name>
         <load_address>0x11807a90</load_address>
         <run_address>0x11807a90</run_address>
         <size>0x10</size>
         <input_file_ref idref="fl-4"/>
      </object_component>
      <object_component id="oc-85">
         <name>.common:I2C_globals</name>
         <uninitialized>true</uninitialized>
         <run_address>0x1180969c</run_address>
         <size>0x14</size>
      </object_component>
      <object_component id="oc-c4">
         <name>.common:H_filt_poly_40_Dec</name>
         <uninitialized>true</uninitialized>
         <run_address>0x118096b0</run_address>
         <size>0xa</size>
      </object_component>
      <object_component id="oc-cf">
         <name>.common:H_filt_poly_40_Int</name>
         <uninitialized>true</uninitialized>
         <run_address>0x118096c0</run_address>
         <size>0xa</size>
      </object_component>
      <object_component id="oc-d4">
         <name>.common:H_filt_poly_41_Dec</name>
         <uninitialized>true</uninitialized>
         <run_address>0x118096d0</run_address>
         <size>0xa</size>
      </object_component>
      <object_component id="oc-df">
         <name>.common:H_filt_poly_41_Int</name>
         <uninitialized>true</uninitialized>
         <run_address>0x118096e0</run_address>
         <size>0xa</size>
      </object_component>
      <object_component id="oc-d9">
         <name>.common:H_filt_poly_42_Dec</name>
         <uninitialized>true</uninitialized>
         <run_address>0x118096f0</run_address>
         <size>0xa</size>
      </object_component>
      <object_component id="oc-dd">
         <name>.common:H_filt_poly_42_Int</name>
         <uninitialized>true</uninitialized>
         <run_address>0x11809700</run_address>
         <size>0xa</size>
      </object_component>
      <object_component id="oc-de">
         <name>.common:H_filt_poly_43_Dec</name>
         <uninitialized>true</uninitialized>
         <run_address>0x11809710</run_address>
         <size>0x8</size>
      </object_component>
      <object_component id="oc-d8">
         <name>.common:H_filt_poly_43_Int</name>
         <uninitialized>true</uninitialized>
         <run_address>0x11809718</run_address>
         <size>0x8</size>
      </object_component>
      <object_component id="oc-cd">
         <name>.common:H_filt_Kernel</name>
         <uninitialized>true</uninitialized>
         <run_address>0x118095b0</run_address>
         <size>0xea</size>
      </object_component>
      <object_component id="oc-e0">
         <name>.common:buffer</name>
         <uninitialized>true</uninitialized>
         <run_address>0x11808aa0</run_address>
         <size>0x7d0</size>
      </object_component>
      <object_component id="oc-af">
         <name>.common:ringbuf</name>
         <uninitialized>true</uninitialized>
         <run_address>0x11809270</run_address>
         <size>0x200</size>
      </object_component>
      <object_component id="oc-bd">
         <name>.common:sDataOut</name>
         <uninitialized>true</uninitialized>
         <run_address>0x11809730</run_address>
         <size>0x4</size>
      </object_component>
      <object_component id="oc-c8">
         <name>.common:decData</name>
         <uninitialized>true</uninitialized>
         <run_address>0x11809720</run_address>
         <size>0x8</size>
      </object_component>
      <object_component id="oc-4b8">
         <name>.common:__TI_tmpnams</name>
         <uninitialized>true</uninitialized>
         <run_address>0x11809470</run_address>
         <size>0x140</size>
      </object_component>
      <object_component id="oc-48a">
         <name>.common:parmbuf</name>
         <uninitialized>true</uninitialized>
         <run_address>0x11809728</run_address>
         <size>0x8</size>
      </object_component>
      <object_component id="oc-2a8">
         <name>.switch:__TI_printfi</name>
         <load_address>0x11809ec0</load_address>
         <run_address>0x11809ec0</run_address>
         <size>0x38</size>
         <input_file_ref idref="fl-25"/>
      </object_component>
      <object_component id="oc-31">
         <name>.switch:I2C_int</name>
         <load_address>0x11809ef8</load_address>
         <run_address>0x11809ef8</run_address>
         <size>0x18</size>
         <input_file_ref idref="fl-4"/>
      </object_component>
      <object_component id="oc-41">
         <name>.switch:adcInt</name>
         <load_address>0x11809f10</load_address>
         <run_address>0x11809f10</run_address>
         <size>0x10</size>
         <input_file_ref idref="fl-5"/>
      </object_component>
      <object_component id="oc-44">
         <name>.stack</name>
         <uninitialized>true</uninitialized>
         <run_address>0x11f00040</run_address>
         <size>0x8</size>
         <input_file_ref idref="fl-2f"/>
      </object_component>
      <object_component id="oc-521">
         <name>.stack</name>
         <uninitialized>true</uninitialized>
         <run_address>0x11f00040</run_address>
         <size>0x0</size>
      </object_component>
      <object_component id="oc-47">
         <name>.sysmem</name>
         <uninitialized>true</uninitialized>
         <run_address>0x11807aa0</run_address>
         <size>0x8</size>
         <input_file_ref idref="fl-42"/>
      </object_component>
      <object_component id="oc-522">
         <name>.sysmem</name>
         <uninitialized>true</uninitialized>
         <run_address>0x11807aa0</run_address>
         <size>0x0</size>
      </object_component>
      <object_component id="oc-51d">
         <name>.cinit..fardata.load</name>
         <load_address>0xc0001b10</load_address>
         <run_address>0xc0001b10</run_address>
         <size>0x186</size>
      </object_component>
      <object_component id="oc-51f">
         <name>.cinit..neardata.load</name>
         <load_address>0xc0001c96</load_address>
         <run_address>0xc0001c96</run_address>
         <size>0x10</size>
      </object_component>
      <object_component id="oc-51c">
         <name>.cinit..far.load</name>
         <load_address>0xc0001ca6</load_address>
         <run_address>0xc0001ca6</run_address>
         <size>0xb</size>
      </object_component>
      <object_component id="oc-51e">
         <name>.cinit..bss.load</name>
         <load_address>0xc0001cb1</load_address>
         <run_address>0xc0001cb1</run_address>
         <size>0x9</size>
      </object_component>
      <object_component id="oc-520">
         <name>.cinit..data_crit.load</name>
         <load_address>0xc0001cba</load_address>
         <run_address>0xc0001cba</run_address>
         <size>0x9</size>
      </object_component>
      <object_component id="oc-51a">
         <name>__TI_handler_table</name>
         <load_address>0xc0001cc4</load_address>
         <run_address>0xc0001cc4</run_address>
         <size>0x8</size>
      </object_component>
      <object_component id="oc-51b">
         <name>__TI_cinit_table</name>
         <load_address>0xc0001cd0</load_address>
         <run_address>0xc0001cd0</run_address>
         <size>0x28</size>
      </object_component>
      <object_component id="oc-4bd">
         <name>.cio</name>
         <uninitialized>true</uninitialized>
         <run_address>0xc00019f0</run_address>
         <size>0x120</size>
         <input_file_ref idref="fl-5b"/>
      </object_component>
      <object_component id="oc-c5">
         <name>.fardata:b_poly_40_Dec_Int</name>
         <load_address>0x11809b30</load_address>
         <run_address>0x11809b30</run_address>
         <size>0xa</size>
         <input_file_ref idref="fl-5"/>
      </object_component>
      <object_component id="oc-d1">
         <name>.fardata:b_poly_41_Dec_Int</name>
         <load_address>0x11809b40</load_address>
         <run_address>0x11809b40</run_address>
         <size>0xa</size>
         <input_file_ref idref="fl-5"/>
      </object_component>
      <object_component id="oc-da">
         <name>.fardata:b_poly_42_Dec_Int</name>
         <load_address>0x11809b50</load_address>
         <run_address>0x11809b50</run_address>
         <size>0xa</size>
         <input_file_ref idref="fl-5"/>
      </object_component>
      <object_component id="oc-d5">
         <name>.fardata:b_poly_43_Dec_Int</name>
         <load_address>0x11809b60</load_address>
         <run_address>0x11809b60</run_address>
         <size>0x8</size>
         <input_file_ref idref="fl-5"/>
      </object_component>
      <object_component id="oc-ca">
         <name>.fardata:b_Kernel</name>
         <load_address>0x11809918</load_address>
         <run_address>0x11809918</run_address>
         <size>0xea</size>
         <input_file_ref idref="fl-5"/>
      </object_component>
      <object_component id="oc-10b">
         <name>.fardata</name>
         <load_address>0x11809b20</load_address>
         <run_address>0x11809b20</run_address>
         <size>0xc</size>
         <input_file_ref idref="fl-41"/>
      </object_component>
      <object_component id="oc-45f">
         <name>.fardata</name>
         <load_address>0x11809b68</load_address>
         <run_address>0x11809b68</run_address>
         <size>0x8</size>
         <input_file_ref idref="fl-42"/>
      </object_component>
      <object_component id="oc-169">
         <name>.fardata:_lock</name>
         <load_address>0x11809a04</load_address>
         <run_address>0x11809a04</run_address>
         <size>0x4</size>
         <input_file_ref idref="fl-43"/>
      </object_component>
      <object_component id="oc-16c">
         <name>.fardata:_unlock</name>
         <load_address>0x11809b2c</load_address>
         <run_address>0x11809b2c</run_address>
         <size>0x4</size>
         <input_file_ref idref="fl-43"/>
      </object_component>
      <object_component id="oc-ac">
         <name>.fardata:_ftable</name>
         <load_address>0x11809738</load_address>
         <run_address>0x11809738</run_address>
         <size>0x1e0</size>
         <input_file_ref idref="fl-48"/>
      </object_component>
      <object_component id="oc-193">
         <name>.fardata</name>
         <load_address>0x11809b3c</load_address>
         <run_address>0x11809b3c</run_address>
         <size>0x4</size>
         <input_file_ref idref="fl-48"/>
      </object_component>
      <object_component id="oc-3d1">
         <name>.fardata:_device</name>
         <load_address>0x11809aa8</load_address>
         <run_address>0x11809aa8</run_address>
         <size>0x78</size>
         <input_file_ref idref="fl-4a"/>
      </object_component>
      <object_component id="oc-360">
         <name>.fardata:_stream</name>
         <load_address>0x11809a08</load_address>
         <run_address>0x11809a08</run_address>
         <size>0xa0</size>
         <input_file_ref idref="fl-4a"/>
      </object_component>
      <object_component id="oc-34f">
         <name>.fardata</name>
         <load_address>0x11809b4c</load_address>
         <run_address>0x11809b4c</run_address>
         <size>0x4</size>
         <input_file_ref idref="fl-4d"/>
      </object_component>
      <object_component id="oc-1a9">
         <name>.common:DAC_trigSrc</name>
         <uninitialized>true</uninitialized>
         <run_address>0x11809b70</run_address>
         <size>0x4</size>
      </object_component>
      <object_component id="oc-bc">
         <name>.common:idx</name>
         <uninitialized>true</uninitialized>
         <run_address>0x11809b74</run_address>
         <size>0x2</size>
      </object_component>
      <object_component id="oc-ce">
         <name>.common:kernelOut</name>
         <uninitialized>true</uninitialized>
         <run_address>0x11809b76</run_address>
         <size>0x2</size>
      </object_component>
      <object_component id="oc-c9">
         <name>.common:yDecOut</name>
         <uninitialized>true</uninitialized>
         <run_address>0x11809b78</run_address>
         <size>0x2</size>
      </object_component>
      <object_component id="oc-d0">
         <name>.common:yIntOut</name>
         <uninitialized>true</uninitialized>
         <run_address>0x11809b7a</run_address>
         <size>0x2</size>
      </object_component>
      <object_component id="oc-be">
         <name>.neardata</name>
         <load_address>0x11809b7c</load_address>
         <run_address>0x11809b7c</run_address>
         <size>0x10</size>
         <input_file_ref idref="fl-5"/>
      </object_component>
      <object_component id="oc-82">
         <name>.neardata</name>
         <load_address>0x11809b8c</load_address>
         <run_address>0x11809b8c</run_address>
         <size>0x4</size>
         <input_file_ref idref="fl-4"/>
      </object_component>
      <object_component id="oc-b2">
         <name>.const:.string</name>
         <load_address>0x11809b90</load_address>
         <run_address>0x11809b90</run_address>
         <size>0x208</size>
         <input_file_ref idref="fl-5"/>
      </object_component>
      <object_component id="oc-303">
         <name>.const:.string:_ctypes_</name>
         <load_address>0x11809d98</load_address>
         <run_address>0x11809d98</run_address>
         <size>0x101</size>
         <input_file_ref idref="fl-47"/>
      </object_component>
      <object_component id="oc-2a7">
         <name>.const:.string</name>
         <load_address>0x11809e9c</load_address>
         <run_address>0x11809e9c</run_address>
         <size>0x24</size>
         <input_file_ref idref="fl-25"/>
      </object_component>
      <object_component id="oc-30">
         <name>.text_interrupt:retain</name>
         <load_address>0x11e00200</load_address>
         <run_address>0x11e00200</run_address>
         <size>0x200</size>
         <input_file_ref idref="fl-4"/>
      </object_component>
      <object_component id="oc-c1">
         <name>.data_crit</name>
         <uninitialized>true</uninitialized>
         <run_address>0x11f01040</run_address>
         <size>0x20</size>
         <input_file_ref idref="fl-5"/>
      </object_component>
      <object_component id="oc-a0">
         <name>.text_slow</name>
         <load_address>0xc0000000</load_address>
         <run_address>0xc0000000</run_address>
         <size>0x1240</size>
         <input_file_ref idref="fl-3"/>
      </object_component>
      <object_component id="oc-a6">
         <name>.text_slow</name>
         <load_address>0xc0001240</load_address>
         <run_address>0xc0001240</run_address>
         <size>0x180</size>
         <input_file_ref idref="fl-6"/>
      </object_component>
      <object_component id="oc-9a">
         <name>.text_slow</name>
         <load_address>0xc00013c0</load_address>
         <run_address>0xc00013c0</run_address>
         <size>0x160</size>
         <input_file_ref idref="fl-4"/>
      </object_component>
      <object_component id="oc-52b">
         <name>$Tramp$S$$I2C_writeRead</name>
         <load_address>0xc0001520</load_address>
         <run_address>0xc0001520</run_address>
         <size>0x10</size>
         <input_file_ref idref="fl-4"/>
      </object_component>
      <object_component id="oc-52c">
         <name>$Tramp$S$$I2C_write</name>
         <load_address>0xc0001530</load_address>
         <run_address>0xc0001530</run_address>
         <size>0x10</size>
         <input_file_ref idref="fl-4"/>
      </object_component>
      <object_component id="oc-52d">
         <name>$Tramp$S$$__c6xabi_remu</name>
         <load_address>0xc0001540</load_address>
         <run_address>0xc0001540</run_address>
         <size>0x10</size>
         <input_file_ref idref="fl-2e"/>
      </object_component>
      <object_component id="oc-52e">
         <name>$Tramp$S$$__c6xabi_divu</name>
         <load_address>0xc0001550</load_address>
         <run_address>0xc0001550</run_address>
         <size>0x10</size>
         <input_file_ref idref="fl-2c"/>
      </object_component>
      <object_component id="oc-52f">
         <name>$Tramp$S$$memcpy</name>
         <load_address>0xc0001560</load_address>
         <run_address>0xc0001560</run_address>
         <size>0x10</size>
         <input_file_ref idref="fl-2d"/>
      </object_component>
      <object_component id="oc-b3">
         <name>.const_slow</name>
         <load_address>0xc0001580</load_address>
         <run_address>0xc0001580</run_address>
         <size>0x470</size>
         <input_file_ref idref="fl-5"/>
      </object_component>
      <object_component id="oc-e2">
         <name>.debug_info</name>
         <load_address>0x0</load_address>
         <run_address>0x0</run_address>
         <size>0xf2</size>
         <input_file_ref idref="fl-2"/>
      </object_component>
      <object_component id="oc-1aa">
         <name>.debug_info</name>
         <load_address>0xf2</load_address>
         <run_address>0xf2</run_address>
         <size>0x890</size>
         <input_file_ref idref="fl-3"/>
      </object_component>
      <object_component id="oc-a4">
         <name>.debug_info</name>
         <load_address>0x982</load_address>
         <run_address>0x982</run_address>
         <size>0xc34</size>
         <input_file_ref idref="fl-3"/>
      </object_component>
      <object_component id="oc-1ad">
         <name>.debug_info</name>
         <load_address>0x15b6</load_address>
         <run_address>0x15b6</run_address>
         <size>0x37b</size>
         <input_file_ref idref="fl-3"/>
      </object_component>
      <object_component id="oc-150">
         <name>.debug_info</name>
         <load_address>0x1931</load_address>
         <run_address>0x1931</run_address>
         <size>0x3ff</size>
         <input_file_ref idref="fl-3"/>
      </object_component>
      <object_component id="oc-15f">
         <name>.debug_info</name>
         <load_address>0x1d30</load_address>
         <run_address>0x1d30</run_address>
         <size>0xae</size>
         <input_file_ref idref="fl-3"/>
      </object_component>
      <object_component id="oc-1b2">
         <name>.debug_info</name>
         <load_address>0x1dde</load_address>
         <run_address>0x1dde</run_address>
         <size>0xac1</size>
         <input_file_ref idref="fl-3"/>
      </object_component>
      <object_component id="oc-1b7">
         <name>.debug_info</name>
         <load_address>0x289f</load_address>
         <run_address>0x289f</run_address>
         <size>0x24b</size>
         <input_file_ref idref="fl-3"/>
      </object_component>
      <object_component id="oc-1bc">
         <name>.debug_info</name>
         <load_address>0x2aea</load_address>
         <run_address>0x2aea</run_address>
         <size>0xa5b</size>
         <input_file_ref idref="fl-3"/>
      </object_component>
      <object_component id="oc-1d3">
         <name>.debug_info</name>
         <load_address>0x3545</load_address>
         <run_address>0x3545</run_address>
         <size>0x110</size>
         <input_file_ref idref="fl-3"/>
      </object_component>
      <object_component id="oc-15a">
         <name>.debug_info</name>
         <load_address>0x3655</load_address>
         <run_address>0x3655</run_address>
         <size>0x26b</size>
         <input_file_ref idref="fl-3"/>
      </object_component>
      <object_component id="oc-b7">
         <name>.debug_info</name>
         <load_address>0x38c0</load_address>
         <run_address>0x38c0</run_address>
         <size>0xc0</size>
         <input_file_ref idref="fl-3"/>
      </object_component>
      <object_component id="oc-155">
         <name>.debug_info</name>
         <load_address>0x3980</load_address>
         <run_address>0x3980</run_address>
         <size>0xbb</size>
         <input_file_ref idref="fl-3"/>
      </object_component>
      <object_component id="oc-164">
         <name>.debug_info</name>
         <load_address>0x3a3b</load_address>
         <run_address>0x3a3b</run_address>
         <size>0x275</size>
         <input_file_ref idref="fl-3"/>
      </object_component>
      <object_component id="oc-89">
         <name>.debug_info</name>
         <load_address>0x3cb0</load_address>
         <run_address>0x3cb0</run_address>
         <size>0xbb</size>
         <input_file_ref idref="fl-3"/>
      </object_component>
      <object_component id="oc-86">
         <name>.debug_info</name>
         <load_address>0x3d6b</load_address>
         <run_address>0x3d6b</run_address>
         <size>0x653</size>
         <input_file_ref idref="fl-4"/>
      </object_component>
      <object_component id="oc-83">
         <name>.debug_info</name>
         <load_address>0x43be</load_address>
         <run_address>0x43be</run_address>
         <size>0xf8</size>
         <input_file_ref idref="fl-4"/>
      </object_component>
      <object_component id="oc-19f">
         <name>.debug_info</name>
         <load_address>0x44b6</load_address>
         <run_address>0x44b6</run_address>
         <size>0x5b0</size>
         <input_file_ref idref="fl-4"/>
      </object_component>
      <object_component id="oc-32">
         <name>.debug_info</name>
         <load_address>0x4a66</load_address>
         <run_address>0x4a66</run_address>
         <size>0x188</size>
         <input_file_ref idref="fl-4"/>
      </object_component>
      <object_component id="oc-9b">
         <name>.debug_info</name>
         <load_address>0x4bee</load_address>
         <run_address>0x4bee</run_address>
         <size>0x20d</size>
         <input_file_ref idref="fl-4"/>
      </object_component>
      <object_component id="oc-149">
         <name>.debug_info</name>
         <load_address>0x4dfb</load_address>
         <run_address>0x4dfb</run_address>
         <size>0x20f</size>
         <input_file_ref idref="fl-4"/>
      </object_component>
      <object_component id="oc-b0">
         <name>.debug_info</name>
         <load_address>0x500a</load_address>
         <run_address>0x500a</run_address>
         <size>0xd03</size>
         <input_file_ref idref="fl-5"/>
      </object_component>
      <object_component id="oc-b4">
         <name>.debug_info</name>
         <load_address>0x5d0d</load_address>
         <run_address>0x5d0d</run_address>
         <size>0xe3</size>
         <input_file_ref idref="fl-5"/>
      </object_component>
      <object_component id="oc-c6">
         <name>.debug_info</name>
         <load_address>0x5df0</load_address>
         <run_address>0x5df0</run_address>
         <size>0xed</size>
         <input_file_ref idref="fl-5"/>
      </object_component>
      <object_component id="oc-d2">
         <name>.debug_info</name>
         <load_address>0x5edd</load_address>
         <run_address>0x5edd</run_address>
         <size>0xed</size>
         <input_file_ref idref="fl-5"/>
      </object_component>
      <object_component id="oc-db">
         <name>.debug_info</name>
         <load_address>0x5fca</load_address>
         <run_address>0x5fca</run_address>
         <size>0xed</size>
         <input_file_ref idref="fl-5"/>
      </object_component>
      <object_component id="oc-d6">
         <name>.debug_info</name>
         <load_address>0x60b7</load_address>
         <run_address>0x60b7</run_address>
         <size>0xed</size>
         <input_file_ref idref="fl-5"/>
      </object_component>
      <object_component id="oc-cb">
         <name>.debug_info</name>
         <load_address>0x61a4</load_address>
         <run_address>0x61a4</run_address>
         <size>0xdb</size>
         <input_file_ref idref="fl-5"/>
      </object_component>
      <object_component id="oc-c2">
         <name>.debug_info</name>
         <load_address>0x627f</load_address>
         <run_address>0x627f</run_address>
         <size>0xd5</size>
         <input_file_ref idref="fl-5"/>
      </object_component>
      <object_component id="oc-bf">
         <name>.debug_info</name>
         <load_address>0x6354</load_address>
         <run_address>0x6354</run_address>
         <size>0x121</size>
         <input_file_ref idref="fl-5"/>
      </object_component>
      <object_component id="oc-38">
         <name>.debug_info</name>
         <load_address>0x6475</load_address>
         <run_address>0x6475</run_address>
         <size>0x60a</size>
         <input_file_ref idref="fl-5"/>
      </object_component>
      <object_component id="oc-3e">
         <name>.debug_info</name>
         <load_address>0x6a7f</load_address>
         <run_address>0x6a7f</run_address>
         <size>0x2a1</size>
         <input_file_ref idref="fl-5"/>
      </object_component>
      <object_component id="oc-1d8">
         <name>.debug_info</name>
         <load_address>0x6d20</load_address>
         <run_address>0x6d20</run_address>
         <size>0x75</size>
         <input_file_ref idref="fl-5"/>
      </object_component>
      <object_component id="oc-1dd">
         <name>.debug_info</name>
         <load_address>0x6d95</load_address>
         <run_address>0x6d95</run_address>
         <size>0xdf</size>
         <input_file_ref idref="fl-5"/>
      </object_component>
      <object_component id="oc-1e2">
         <name>.debug_info</name>
         <load_address>0x6e74</load_address>
         <run_address>0x6e74</run_address>
         <size>0x186</size>
         <input_file_ref idref="fl-5"/>
      </object_component>
      <object_component id="oc-1e7">
         <name>.debug_info</name>
         <load_address>0x6ffa</load_address>
         <run_address>0x6ffa</run_address>
         <size>0xbf</size>
         <input_file_ref idref="fl-5"/>
      </object_component>
      <object_component id="oc-2ab">
         <name>.debug_info</name>
         <load_address>0x70b9</load_address>
         <run_address>0x70b9</run_address>
         <size>0x2c</size>
         <input_file_ref idref="fl-5"/>
      </object_component>
      <object_component id="oc-1c7">
         <name>.debug_info</name>
         <load_address>0x70e5</load_address>
         <run_address>0x70e5</run_address>
         <size>0x65e</size>
         <input_file_ref idref="fl-6"/>
      </object_component>
      <object_component id="oc-a7">
         <name>.debug_info</name>
         <load_address>0x7743</load_address>
         <run_address>0x7743</run_address>
         <size>0x474</size>
         <input_file_ref idref="fl-6"/>
      </object_component>
      <object_component id="oc-1c2">
         <name>.debug_info</name>
         <load_address>0x7bb7</load_address>
         <run_address>0x7bb7</run_address>
         <size>0x4cc</size>
         <input_file_ref idref="fl-6"/>
      </object_component>
      <object_component id="oc-1c8">
         <name>.debug_info</name>
         <load_address>0x8083</load_address>
         <run_address>0x8083</run_address>
         <size>0x53</size>
         <input_file_ref idref="fl-6"/>
      </object_component>
      <object_component id="oc-182">
         <name>.debug_info</name>
         <load_address>0x80d6</load_address>
         <run_address>0x80d6</run_address>
         <size>0x6b0</size>
         <input_file_ref idref="fl-24"/>
      </object_component>
      <object_component id="oc-170">
         <name>.debug_info</name>
         <load_address>0x8786</load_address>
         <run_address>0x8786</run_address>
         <size>0x152</size>
         <input_file_ref idref="fl-24"/>
      </object_component>
      <object_component id="oc-176">
         <name>.debug_info</name>
         <load_address>0x88d8</load_address>
         <run_address>0x88d8</run_address>
         <size>0x161</size>
         <input_file_ref idref="fl-24"/>
      </object_component>
      <object_component id="oc-8f">
         <name>.debug_info</name>
         <load_address>0x8a39</load_address>
         <run_address>0x8a39</run_address>
         <size>0x199</size>
         <input_file_ref idref="fl-24"/>
      </object_component>
      <object_component id="oc-2c1">
         <name>.debug_info</name>
         <load_address>0x8bd2</load_address>
         <run_address>0x8bd2</run_address>
         <size>0xb2</size>
         <input_file_ref idref="fl-24"/>
      </object_component>
      <object_component id="oc-2aa">
         <name>.debug_info</name>
         <load_address>0x8c84</load_address>
         <run_address>0x8c84</run_address>
         <size>0x80e</size>
         <input_file_ref idref="fl-25"/>
      </object_component>
      <object_component id="oc-269">
         <name>.debug_info</name>
         <load_address>0x9492</load_address>
         <run_address>0x9492</run_address>
         <size>0x26b</size>
         <input_file_ref idref="fl-25"/>
      </object_component>
      <object_component id="oc-26e">
         <name>.debug_info</name>
         <load_address>0x96fd</load_address>
         <run_address>0x96fd</run_address>
         <size>0x222</size>
         <input_file_ref idref="fl-25"/>
      </object_component>
      <object_component id="oc-327">
         <name>.debug_info</name>
         <load_address>0x991f</load_address>
         <run_address>0x991f</run_address>
         <size>0x1a9</size>
         <input_file_ref idref="fl-25"/>
      </object_component>
      <object_component id="oc-32d">
         <name>.debug_info</name>
         <load_address>0x9ac8</load_address>
         <run_address>0x9ac8</run_address>
         <size>0x21a</size>
         <input_file_ref idref="fl-25"/>
      </object_component>
      <object_component id="oc-280">
         <name>.debug_info</name>
         <load_address>0x9ce2</load_address>
         <run_address>0x9ce2</run_address>
         <size>0x304</size>
         <input_file_ref idref="fl-25"/>
      </object_component>
      <object_component id="oc-334">
         <name>.debug_info</name>
         <load_address>0x9fe6</load_address>
         <run_address>0x9fe6</run_address>
         <size>0x246</size>
         <input_file_ref idref="fl-25"/>
      </object_component>
      <object_component id="oc-286">
         <name>.debug_info</name>
         <load_address>0xa22c</load_address>
         <run_address>0xa22c</run_address>
         <size>0x272</size>
         <input_file_ref idref="fl-25"/>
      </object_component>
      <object_component id="oc-28c">
         <name>.debug_info</name>
         <load_address>0xa49e</load_address>
         <run_address>0xa49e</run_address>
         <size>0x2ec</size>
         <input_file_ref idref="fl-25"/>
      </object_component>
      <object_component id="oc-292">
         <name>.debug_info</name>
         <load_address>0xa78a</load_address>
         <run_address>0xa78a</run_address>
         <size>0x4ac</size>
         <input_file_ref idref="fl-25"/>
      </object_component>
      <object_component id="oc-17e">
         <name>.debug_info</name>
         <load_address>0xac36</load_address>
         <run_address>0xac36</run_address>
         <size>0x6b0</size>
         <input_file_ref idref="fl-25"/>
      </object_component>
      <object_component id="oc-2b0">
         <name>.debug_info</name>
         <load_address>0xb2e6</load_address>
         <run_address>0xb2e6</run_address>
         <size>0x86</size>
         <input_file_ref idref="fl-25"/>
      </object_component>
      <object_component id="oc-356">
         <name>.debug_info</name>
         <load_address>0xb36c</load_address>
         <run_address>0xb36c</run_address>
         <size>0x39</size>
         <input_file_ref idref="fl-25"/>
      </object_component>
      <object_component id="oc-3cc">
         <name>.debug_info</name>
         <load_address>0xb3a5</load_address>
         <run_address>0xb3a5</run_address>
         <size>0x94</size>
         <input_file_ref idref="fl-25"/>
      </object_component>
      <object_component id="oc-35b">
         <name>.debug_info</name>
         <load_address>0xb439</load_address>
         <run_address>0xb439</run_address>
         <size>0x46</size>
         <input_file_ref idref="fl-25"/>
      </object_component>
      <object_component id="oc-2ba">
         <name>.debug_info</name>
         <load_address>0xb47f</load_address>
         <run_address>0xb47f</run_address>
         <size>0x46</size>
         <input_file_ref idref="fl-25"/>
      </object_component>
      <object_component id="oc-2b5">
         <name>.debug_info</name>
         <load_address>0xb4c5</load_address>
         <run_address>0xb4c5</run_address>
         <size>0x2c</size>
         <input_file_ref idref="fl-25"/>
      </object_component>
      <object_component id="oc-197">
         <name>.debug_info</name>
         <load_address>0xb4f1</load_address>
         <run_address>0xb4f1</run_address>
         <size>0x612</size>
         <input_file_ref idref="fl-26"/>
      </object_component>
      <object_component id="oc-189">
         <name>.debug_info</name>
         <load_address>0xbb03</load_address>
         <run_address>0xbb03</run_address>
         <size>0x17a</size>
         <input_file_ref idref="fl-26"/>
      </object_component>
      <object_component id="oc-95">
         <name>.debug_info</name>
         <load_address>0xbc7d</load_address>
         <run_address>0xbc7d</run_address>
         <size>0x204</size>
         <input_file_ref idref="fl-26"/>
      </object_component>
      <object_component id="oc-300">
         <name>.debug_info</name>
         <load_address>0xbe81</load_address>
         <run_address>0xbe81</run_address>
         <size>0x64e</size>
         <input_file_ref idref="fl-27"/>
      </object_component>
      <object_component id="oc-255">
         <name>.debug_info</name>
         <load_address>0xc4cf</load_address>
         <run_address>0xc4cf</run_address>
         <size>0x213</size>
         <input_file_ref idref="fl-27"/>
      </object_component>
      <object_component id="oc-302">
         <name>.debug_info</name>
         <load_address>0xc6e2</load_address>
         <run_address>0xc6e2</run_address>
         <size>0x65f</size>
         <input_file_ref idref="fl-28"/>
      </object_component>
      <object_component id="oc-259">
         <name>.debug_info</name>
         <load_address>0xcd41</load_address>
         <run_address>0xcd41</run_address>
         <size>0x326</size>
         <input_file_ref idref="fl-28"/>
      </object_component>
      <object_component id="oc-20d">
         <name>.debug_info</name>
         <load_address>0xd067</load_address>
         <run_address>0xd067</run_address>
         <size>0x2c</size>
         <input_file_ref idref="fl-28"/>
      </object_component>
      <object_component id="oc-385">
         <name>.debug_info</name>
         <load_address>0xd093</load_address>
         <run_address>0xd093</run_address>
         <size>0x5ca</size>
         <input_file_ref idref="fl-29"/>
      </object_component>
      <object_component id="oc-2fa">
         <name>.debug_info</name>
         <load_address>0xd65d</load_address>
         <run_address>0xd65d</run_address>
         <size>0x18c</size>
         <input_file_ref idref="fl-29"/>
      </object_component>
      <object_component id="oc-3fe">
         <name>.debug_info</name>
         <load_address>0xd7e9</load_address>
         <run_address>0xd7e9</run_address>
         <size>0xbf</size>
         <input_file_ref idref="fl-29"/>
      </object_component>
      <object_component id="oc-3fd">
         <name>.debug_info</name>
         <load_address>0xd8a8</load_address>
         <run_address>0xd8a8</run_address>
         <size>0x634</size>
         <input_file_ref idref="fl-2a"/>
      </object_component>
      <object_component id="oc-37f">
         <name>.debug_info</name>
         <load_address>0xdedc</load_address>
         <run_address>0xdedc</run_address>
         <size>0x22c</size>
         <input_file_ref idref="fl-2a"/>
      </object_component>
      <object_component id="oc-185">
         <name>.debug_info</name>
         <load_address>0xe108</load_address>
         <run_address>0xe108</run_address>
         <size>0x10f</size>
         <input_file_ref idref="fl-2b"/>
      </object_component>
      <object_component id="oc-190">
         <name>.debug_info</name>
         <load_address>0xe217</load_address>
         <run_address>0xe217</run_address>
         <size>0x10d</size>
         <input_file_ref idref="fl-2b"/>
      </object_component>
      <object_component id="oc-199">
         <name>.debug_info</name>
         <load_address>0xe324</load_address>
         <run_address>0xe324</run_address>
         <size>0x115</size>
         <input_file_ref idref="fl-2c"/>
      </object_component>
      <object_component id="oc-4b">
         <name>.debug_info</name>
         <load_address>0xe439</load_address>
         <run_address>0xe439</run_address>
         <size>0x122</size>
         <input_file_ref idref="fl-2d"/>
      </object_component>
      <object_component id="oc-1a7">
         <name>.debug_info</name>
         <load_address>0xe55b</load_address>
         <run_address>0xe55b</run_address>
         <size>0x115</size>
         <input_file_ref idref="fl-2e"/>
      </object_component>
      <object_component id="oc-e9">
         <name>.debug_info</name>
         <load_address>0xe670</load_address>
         <run_address>0xe670</run_address>
         <size>0x5df</size>
         <input_file_ref idref="fl-2f"/>
      </object_component>
      <object_component id="oc-45">
         <name>.debug_info</name>
         <load_address>0xec4f</load_address>
         <run_address>0xec4f</run_address>
         <size>0xf6</size>
         <input_file_ref idref="fl-2f"/>
      </object_component>
      <object_component id="oc-25">
         <name>.debug_info</name>
         <load_address>0xed45</load_address>
         <run_address>0xed45</run_address>
         <size>0x183</size>
         <input_file_ref idref="fl-2f"/>
      </object_component>
      <object_component id="oc-3a4">
         <name>.debug_info</name>
         <load_address>0xeec8</load_address>
         <run_address>0xeec8</run_address>
         <size>0x554</size>
         <input_file_ref idref="fl-30"/>
      </object_component>
      <object_component id="oc-30f">
         <name>.debug_info</name>
         <load_address>0xf41c</load_address>
         <run_address>0xf41c</run_address>
         <size>0x1d6</size>
         <input_file_ref idref="fl-30"/>
      </object_component>
      <object_component id="oc-3a2">
         <name>.debug_info</name>
         <load_address>0xf5f2</load_address>
         <run_address>0xf5f2</run_address>
         <size>0x574</size>
         <input_file_ref idref="fl-31"/>
      </object_component>
      <object_component id="oc-396">
         <name>.debug_info</name>
         <load_address>0xfb66</load_address>
         <run_address>0xfb66</run_address>
         <size>0x184</size>
         <input_file_ref idref="fl-31"/>
      </object_component>
      <object_component id="oc-309">
         <name>.debug_info</name>
         <load_address>0xfcea</load_address>
         <run_address>0xfcea</run_address>
         <size>0x26a</size>
         <input_file_ref idref="fl-31"/>
      </object_component>
      <object_component id="oc-40d">
         <name>.debug_info</name>
         <load_address>0xff54</load_address>
         <run_address>0xff54</run_address>
         <size>0x554</size>
         <input_file_ref idref="fl-32"/>
      </object_component>
[...]
         <name>sDataOut</name>
         <value>0x11809730</value>
      </symbol>
      <symbol id="sm-21e">
         <name>decData</name>
         <value>0x11809720</value>
      </symbol>
      <symbol id="sm-21f">
         <name>yDecOut</name>
         <value>0x11809b78</value>
      </symbol>
      <symbol id="sm-220">
         <name>kernelOut</name>
         <value>0x11809b76</value>
      </symbol>
      <symbol id="sm-221">
         <name>yIntOut</name>
         <value>0x11809b7a</value>
      </symbol>
      <symbol id="sm-222">
         <name>enqueue</name>
         <value>0x11803c64</value>
         <object_component_ref idref="oc-37"/>
      </symbol>
      <symbol id="sm-223">
         <name>b_poly_41_Dec_Int</name>
         <value>0x11809b40</value>
         <object_component_ref idref="oc-d1"/>
      </symbol>
      <symbol id="sm-224">
         <name>dacInt</name>
         <value>0x11802d20</value>
         <object_component_ref idref="oc-3d"/>
      </symbol>
      <symbol id="sm-225">
         <name>INT_sel</name>
         <value>0x80002238</value>
      </symbol>
      <symbol id="sm-226">
         <name>buffCount</name>
         <value>0x11809b80</value>
         <object_component_ref idref="oc-be"/>
      </symbol>
      <symbol id="sm-227">
         <name>b_poly_43_Dec_Int</name>
         <value>0x11809b60</value>
         <object_component_ref idref="oc-d5"/>
      </symbol>
      <symbol id="sm-228">
         <name>dequeue</name>
         <value>0x11803cf0</value>
         <object_component_ref idref="oc-37"/>
      </symbol>
      <symbol id="sm-229">
         <name>rbOut</name>
         <value>0x11809b82</value>
         <object_component_ref idref="oc-be"/>
      </symbol>
      <symbol id="sm-22a">
         <name>adcInt</name>
         <value>0x11802d98</value>
         <object_component_ref idref="oc-3d"/>
      </symbol>
      <symbol id="sm-22b">
         <name>INT_init</name>
         <value>0x80002200</value>
      </symbol>
      <symbol id="sm-22c">
         <name>INT_start</name>
         <value>0x800022f4</value>
      </symbol>
      <symbol id="sm-22d">
         <name>main</name>
         <value>0x118039f8</value>
         <object_component_ref idref="oc-37"/>
      </symbol>
      <symbol id="sm-22e">
         <name>INT_vectorTable</name>
         <value>0x11e00000</value>
      </symbol>
      <symbol id="sm-22f">
         <name>initializeBuffer</name>
         <value>0x118039c0</value>
         <object_component_ref idref="oc-37"/>
      </symbol>
      <symbol id="sm-230">
         <name>b_poly_40_Dec_Int</name>
         <value>0x11809b30</value>
         <object_component_ref idref="oc-c5"/>
      </symbol>
      <symbol id="sm-231">
         <name>PRU_addaRegs</name>
         <value>0x11809b7c</value>
         <object_component_ref idref="oc-be"/>
      </symbol>
      <symbol id="sm-232">
         <name>isBufferFull</name>
         <value>0x11803be8</value>
         <object_component_ref idref="oc-37"/>
      </symbol>
      <symbol id="sm-233">
         <name>b_Kernel</name>
         <value>0x11809918</value>
         <object_component_ref idref="oc-ca"/>
      </symbol>
      <symbol id="sm-234">
         <name>INT_instFunc</name>
         <value>0x80002294</value>
      </symbol>
      <symbol id="sm-235">
         <name>UNIDAQ2_init</name>
         <value>0x80001180</value>
      </symbol>
      <symbol id="sm-236">
         <name>b_poly_42_Dec_Int</name>
         <value>0x11809b50</value>
         <object_component_ref idref="oc-da"/>
      </symbol>
      <symbol id="sm-237">
         <name>System_puts</name>
         <value>0x118039d4</value>
         <object_component_ref idref="oc-37"/>
      </symbol>
      <symbol id="sm-238">
         <name>isBufferEmpty</name>
         <value>0x11803c4c</value>
         <object_component_ref idref="oc-37"/>
      </symbol>
      <symbol id="sm-239">
         <name>PRU_addaCode</name>
         <value>0xc0001580</value>
         <object_component_ref idref="oc-b3"/>
      </symbol>
      <symbol id="sm-23a">
         <name>sData</name>
         <value>0x11f01040</value>
         <object_component_ref idref="oc-c1"/>
      </symbol>
      <symbol id="sm-259">
         <name>PRU_run</name>
         <value>0xc0001240</value>
         <object_component_ref idref="oc-a6"/>
      </symbol>
      <symbol id="sm-25a">
         <name>PRU_halt</name>
         <value>0xc0001384</value>
         <object_component_ref idref="oc-a6"/>
      </symbol>
      <symbol id="sm-25b">
         <name>PRU_init</name>
         <value>0xc0001300</value>
         <object_component_ref idref="oc-a6"/>
      </symbol>
      <symbol id="sm-25c">
         <name>PRU_load</name>
         <value>0xc00012c0</value>
         <object_component_ref idref="oc-a6"/>
      </symbol>
      <symbol id="sm-287">
         <name>printf</name>
         <value>0x11806860</value>
         <object_component_ref idref="oc-8e"/>
      </symbol>
      <symbol id="sm-4a1">
         <name>__TI_printfi</name>
         <value>0x11800000</value>
         <object_component_ref idref="oc-17b"/>
      </symbol>
      <symbol id="sm-4c6">
         <name>__TI_doflush</name>
         <value>0x11806f00</value>
         <object_component_ref idref="oc-188"/>
      </symbol>
      <symbol id="sm-4c7">
         <name>fflush</name>
         <value>0x11805f60</value>
         <object_component_ref idref="oc-94"/>
      </symbol>
      <symbol id="sm-4e6">
         <name>putc</name>
         <value>0x11804ec0</value>
         <object_component_ref idref="oc-251"/>
      </symbol>
      <symbol id="sm-4e7">
         <name>fputc</name>
         <value>0x11804ec0</value>
         <object_component_ref idref="oc-251"/>
      </symbol>
      <symbol id="sm-51b">
         <name>fputs</name>
         <value>0x11804080</value>
         <object_component_ref idref="oc-258"/>
      </symbol>
      <symbol id="sm-531">
         <name>__TI_wrt_ok</name>
         <value>0x118064e0</value>
         <object_component_ref idref="oc-2f9"/>
      </symbol>
      <symbol id="sm-54d">
         <name>setvbuf</name>
         <value>0x118055c0</value>
         <object_component_ref idref="oc-37e"/>
      </symbol>
      <symbol id="sm-55b">
         <name>__c6xabi_push_rts</name>
         <value>0x118078e0</value>
         <object_component_ref idref="oc-183"/>
      </symbol>
      <symbol id="sm-55c">
         <name>__pop_rts</name>
         <value>0x118078c0</value>
         <object_component_ref idref="oc-18e"/>
      </symbol>
      <symbol id="sm-55d">
         <name>__c6xabi_pop_rts</name>
         <value>0x118078c0</value>
         <object_component_ref idref="oc-18e"/>
      </symbol>
      <symbol id="sm-55e">
         <name>__push_rts</name>
         <value>0x118078e0</value>
         <object_component_ref idref="oc-183"/>
      </symbol>
      <symbol id="sm-567">
         <name>__c6xabi_divu</name>
         <value>0x11806b80</value>
         <object_component_ref idref="oc-198"/>
      </symbol>
      <symbol id="sm-568">
         <name>__divu</name>
         <value>0x11806b80</value>
         <object_component_ref idref="oc-198"/>
      </symbol>
      <symbol id="sm-572">
         <name>memcpy</name>
         <value>0x11807180</value>
         <object_component_ref idref="oc-4a"/>
      </symbol>
      <symbol id="sm-57c">
         <name>__remu</name>
         <value>0x11806fa0</value>
         <object_component_ref idref="oc-1a4"/>
      </symbol>
      <symbol id="sm-57d">
         <name>__c6xabi_remu</name>
         <value>0x11806fa0</value>
         <object_component_ref idref="oc-1a4"/>
      </symbol>
      <symbol id="sm-594">
         <name>_c_int00</name>
         <value>0x118073c0</value>
         <object_component_ref idref="oc-24"/>
      </symbol>
      <symbol id="sm-595">
         <name>_stack</name>
         <value>0x11f00040</value>
         <object_component_ref idref="oc-44"/>
      </symbol>
      <symbol id="sm-5a6">
         <name>__c6xabi_divul</name>
         <value>0x11804d00</value>
         <object_component_ref idref="oc-30e"/>
      </symbol>
      <symbol id="sm-5c2">
         <name>_subcull</name>
         <value>0x118075e0</value>
         <object_component_ref idref="oc-395"/>
      </symbol>
      <symbol id="sm-5c3">
         <name>__c6xabi_divull</name>
         <value>0x118048a0</value>
         <object_component_ref idref="oc-308"/>
      </symbol>
      <symbol id="sm-5e3">
         <name>__c6xabi_llshru</name>
         <value>0x11807580</value>
         <object_component_ref idref="oc-39b"/>
      </symbol>
      <symbol id="sm-5e4">
         <name>__c6xabi_llshl</name>
         <value>0x11807340</value>
         <object_component_ref idref="oc-38f"/>
      </symbol>
      <symbol id="sm-5f4">
         <name>memset</name>
         <value>0x11806780</value>
         <object_component_ref idref="oc-f5"/>
      </symbol>
      <symbol id="sm-619">
         <name>__TI_auto_init_nobinit_nopinit</name>
         <value>0x11806ac0</value>
         <object_component_ref idref="oc-117"/>
      </symbol>
      <symbol id="sm-622">
         <name>_system_pre_init</name>
         <value>0x118079a0</value>
         <object_component_ref idref="oc-7a"/>
      </symbol>
      <symbol id="sm-62b">
         <name>_system_post_cinit</name>
         <value>0x11807980</value>
         <object_component_ref idref="oc-226"/>
      </symbol>
      <symbol id="sm-644">
         <name>__TI_decompress_none</name>
         <value>0x118079e0</value>
         <object_component_ref idref="oc-17"/>
      </symbol>
      <symbol id="sm-66f">
         <name>__TI_decompress_rle24</name>
         <value>0x11807a00</value>
         <object_component_ref idref="oc-1d"/>
      </symbol>
      <symbol id="sm-683">
         <name>frexpl</name>
         <value>0x11805080</value>
         <object_component_ref idref="oc-339"/>
      </symbol>
      <symbol id="sm-684">
         <name>frexp</name>
         <value>0x11805080</value>
         <object_component_ref idref="oc-339"/>
      </symbol>
      <symbol id="sm-6a1">
         <name>__c6xabi_isinf</name>
         <value>0x118077a0</value>
         <object_component_ref idref="oc-271"/>
      </symbol>
      <symbol id="sm-6b6">
         <name>scalbn</name>
         <value>0x11805240</value>
         <object_component_ref idref="oc-33f"/>
      </symbol>
      <symbol id="sm-6b7">
         <name>scalbnl</name>
         <value>0x11805240</value>
         <object_component_ref idref="oc-33f"/>
      </symbol>
      <symbol id="sm-6b8">
         <name>ldexpl</name>
         <value>0x11805240</value>
         <object_component_ref idref="oc-33f"/>
      </symbol>
      <symbol id="sm-6b9">
         <name>ldexp</name>
         <value>0x11805240</value>
         <object_component_ref idref="oc-33f"/>
      </symbol>
      <symbol id="sm-6c2">
         <name>_signbit</name>
         <value>0x11807960</value>
         <object_component_ref idref="oc-277"/>
      </symbol>
      <symbol id="sm-6e1">
         <name>__c6xabi_divd</name>
         <value>0x11802720</value>
         <object_component_ref idref="oc-318"/>
      </symbol>
      <symbol id="sm-6f4">
         <name>__TI_frcmpyd_div</name>
         <value>0x11807760</value>
         <object_component_ref idref="oc-3a5"/>
      </symbol>
      <symbol id="sm-715">
         <name>C$$EXIT</name>
         <value>0x118079c0</value>
         <object_component_ref idref="oc-10e"/>
      </symbol>
      <symbol id="sm-716">
         <name>abort</name>
         <value>0x118079c0</value>
         <object_component_ref idref="oc-10e"/>
      </symbol>
      <symbol id="sm-717">
         <name>exit</name>
         <value>0x118066a0</value>
         <object_component_ref idref="oc-74"/>
      </symbol>
      <symbol id="sm-718">
         <name>__TI_dtors_ptr</name>
         <value>0x11809b24</value>
         <object_component_ref idref="oc-10b"/>
      </symbol>
      <symbol id="sm-719">
         <name>__TI_cleanup_ptr</name>
         <value>0x11809b20</value>
         <object_component_ref idref="oc-10b"/>
      </symbol>
      <symbol id="sm-71a">
         <name>__TI_enable_exit_profile_output</name>
         <value>0x11809b28</value>
         <object_component_ref idref="oc-10b"/>
      </symbol>
      <symbol id="sm-785">
         <name>_sys_memory</name>
         <value>0x11807aa0</value>
         <object_component_ref idref="oc-47"/>
      </symbol>
      <symbol id="sm-786">
         <name>free</name>
         <value>0x11803600</value>
         <object_component_ref idref="oc-3ea"/>
      </symbol>
      <symbol id="sm-787">
         <name>malloc</name>
         <value>0x11805400</value>
         <object_component_ref idref="oc-3f0"/>
      </symbol>
      <symbol id="sm-79d">
         <name>_nop</name>
         <value>0x11807900</value>
         <object_component_ref idref="oc-246"/>
      </symbol>
      <symbol id="sm-79e">
         <name>_lock</name>
         <value>0x11809a04</value>
         <object_component_ref idref="oc-169"/>
      </symbol>
      <symbol id="sm-79f">
         <name>_unlock</name>
         <value>0x11809b2c</value>
         <object_component_ref idref="oc-16c"/>
      </symbol>
      <symbol id="sm-7af">
         <name>__TI_ltoa</name>
         <value>0x11806400</value>
         <object_component_ref idref="oc-31e"/>
      </symbol>
      <symbol id="sm-7c1">
         <name>_args_main</name>
         <value>0x11807820</value>
         <object_component_ref idref="oc-6e"/>
      </symbol>
      <symbol id="sm-7d5">
         <name>atoi</name>
         <value>0x11805e60</value>
         <object_component_ref idref="oc-25f"/>
      </symbol>
      <symbol id="sm-7df">
         <name>_ctypes_</name>
         <value>0x11809d98</value>
         <object_component_ref idref="oc-303"/>
      </symbol>
      <symbol id="sm-7ef">
         <name>__TI_tmpnams</name>
         <value>0x11809470</value>
      </symbol>
      <symbol id="sm-7f0">
         <name>_ftable</name>
         <value>0x11809738</value>
         <object_component_ref idref="oc-ac"/>
      </symbol>
      <symbol id="sm-7f1">
         <name>__TI_ft_end</name>
         <value>0x11809b3c</value>
         <object_component_ref idref="oc-193"/>
      </symbol>
      <symbol id="sm-802">
         <name>memccpy</name>
         <value>0x118076a0</value>
         <object_component_ref idref="oc-295"/>
      </symbol>
      <symbol id="sm-825">
         <name>_stream</name>
         <value>0x11809a08</value>
         <object_component_ref idref="oc-360"/>
      </symbol>
      <symbol id="sm-826">
         <name>_device</name>
         <value>0x11809aa8</value>
         <object_component_ref idref="oc-3d1"/>
      </symbol>
      <symbol id="sm-827">
         <name>write</name>
         <value>0x11807700</value>
         <object_component_ref idref="oc-2c7"/>
      </symbol>
      <symbol id="sm-840">
         <name>__TI_tls_init</name>
         <value>0x11806d00</value>
         <object_component_ref idref="oc-22c"/>
      </symbol>
      <symbol id="sm-852">
         <name>__errno</name>
         <value>0x11809b4c</value>
         <object_component_ref idref="oc-34f"/>
      </symbol>
      <symbol id="sm-853">
         <name>errno</name>
         <value>0x11809b4c</value>
         <object_component_ref idref="oc-34f"/>
      </symbol>
      <symbol id="sm-854">
         <name>__c6xabi_errno_addr</name>
         <value>0x118078a0</value>
         <object_component_ref idref="oc-2a1"/>
      </symbol>
      <symbol id="sm-86e">
         <name>wcslen</name>
         <value>0x11807860</value>
         <object_component_ref idref="oc-29b"/>
      </symbol>
      <symbol id="sm-87c">
         <name>__TI_cleanup</name>
         <value>0x11806e60</value>
         <object_component_ref idref="oc-3f6"/>
      </symbol>
      <symbol id="sm-894">
         <name>fseek</name>
         <value>0x11806060</value>
         <object_component_ref idref="oc-378"/>
      </symbol>
      <symbol id="sm-8a4">
         <name>lseek</name>
         <value>0x11807640</value>
         <object_component_ref idref="oc-3e2"/>
      </symbol>
      <symbol id="sm-8b5">
         <name>HOSTclose</name>
         <value>0x11806dc0</value>
         <object_component_ref idref="oc-435"/>
      </symbol>
      <symbol id="sm-8c5">
         <name>HOSTlseek</name>
         <value>0x11806160</value>
         <object_component_ref idref="oc-447"/>
      </symbol>
      <symbol id="sm-8d9">
         <name>parmbuf</name>
         <value>0x11809728</value>
      </symbol>
      <symbol id="sm-8da">
         <name>HOSTopen</name>
         <value>0x11806240</value>
         <object_component_ref idref="oc-42f"/>
      </symbol>
      <symbol id="sm-8ea">
         <name>HOSTread</name>
         <value>0x11806940</value>
         <object_component_ref idref="oc-43b"/>
      </symbol>
      <symbol id="sm-908">
         <name>HOSTrename</name>
         <value>0x11805780</value>
         <object_component_ref idref="oc-453"/>
      </symbol>
      <symbol id="sm-91b">
         <name>HOSTunlink</name>
         <value>0x11806a00</value>
         <object_component_ref idref="oc-44d"/>
      </symbol>
      <symbol id="sm-92b">
         <name>HOSTwrite</name>
         <value>0x11806320</value>
         <object_component_ref idref="oc-441"/>
      </symbol>
      <symbol id="sm-951">
         <name>__TI_readmsg</name>
         <value>0x118072c0</value>
         <object_component_ref idref="oc-493"/>
      </symbol>
      <symbol id="sm-952">
         <name>C$$IO$$</name>
         <value>0x11807578</value>
         <object_component_ref idref="oc-48d"/>
      </symbol>
      <symbol id="sm-953">
         <name>__CIOBUF_</name>
         <value>0xc00019f0</value>
         <object_component_ref idref="oc-4bd"/>
      </symbol>
      <symbol id="sm-954">
         <name>__TI_writemsg</name>
         <value>0x11807520</value>
         <object_component_ref idref="oc-48d"/>
      </symbol>
      <symbol id="sm-96d">
         <name>__TI_closefile</name>
         <value>0x11805b60</value>
         <object_component_ref idref="oc-470"/>
      </symbol>
      <symbol id="sm-997">
         <name>finddevice</name>
         <value>0x118070e0</value>
         <object_component_ref idref="oc-4e1"/>
      </symbol>
      <symbol id="sm-998">
         <name>getdevice</name>
         <value>0x11805a40</value>
         <object_component_ref idref="oc-4d1"/>
      </symbol>
      <symbol id="sm-9aa">
         <name>close</name>
         <value>0x118065c0</value>
         <object_component_ref idref="oc-4ac"/>
      </symbol>
      <symbol id="sm-9bb">
         <name>unlink</name>
         <value>0x11807440</value>
         <object_component_ref idref="oc-4b2"/>
      </symbol>
      <symbol id="sm-9bc">
         <name>__TI_STATIC_BASE</name>
         <value>0x11809b70</value>
      </symbol>
      <symbol id="sm-9c0">
         <name>__TI_TLS_INIT_Base</name>
         <value>0x0</value>
      </symbol>
      <symbol id="sm-9c1">
         <name>__TI_TLS_INIT_Limit</name>
         <value>0x0</value>
      </symbol>
      <symbol id="sm-9c2">
         <name>remove</name>
         <value>0x11807440</value>
      </symbol>
   </symbol_table>
   <title>Link successful</title>
</link_info>
