<?xml version="1.0" encoding="ISO-8859-1" ?>
<link_info>
   <banner>TMS320C6x Linker PC v8.3.12</banner>
   <copyright>Copyright (c) 1996-2018 Texas Instruments Incorporated</copyright>
   <link_time>0x65534c2f</link_time>
   <link_errors>0x0</link_errors>
   <output_file>adda_simple.out</output_file>
   <entry_point>
      <name>_c_int00</name>
      <address>0x11806e20</address>
   </entry_point>
   <input_file_list>
      <input_file id="fl-2">
         <path>.\</path>
         <kind>object</kind>
         <file>FIR_filter_asm_sc.obj</file>
         <name>FIR_filter_asm_sc.obj</name>
      </input_file>
      <input_file id="fl-3">
         <path>.\</path>
         <kind>object</kind>
         <file>adda.obj</file>
         <name>adda.obj</name>
      </input_file>
      <input_file id="fl-4">
         <path>.\</path>
         <kind>object</kind>
         <file>i2c.obj</file>
         <name>i2c.obj</name>
      </input_file>
      <input_file id="fl-5">
         <path>.\</path>
         <kind>object</kind>
         <file>main_adda_simple_Lab2_int.obj</file>
         <name>main_adda_simple_Lab2_int.obj</name>
      </input_file>
      <input_file id="fl-6">
         <path>.\</path>
         <kind>object</kind>
         <file>pru.obj</file>
         <name>pru.obj</name>
      </input_file>
      <input_file id="fl-a">
         <kind>object</kind>
         <file>&lt;internal&gt;</file>
         <name>&lt;internal&gt;</name>
      </input_file>
      <input_file id="fl-24">
         <path>C:\ti\ccs1230\ccs\tools\compiler\ti-cgt-c6000_8.3.12\lib\</path>
         <kind>archive</kind>
         <file>rts6740_elf.lib</file>
         <name>printf.c.obj</name>
      </input_file>
      <input_file id="fl-25">
         <path>C:\ti\ccs1230\ccs\tools\compiler\ti-cgt-c6000_8.3.12\lib\</path>
         <kind>archive</kind>
         <file>rts6740_elf.lib</file>
         <name>_printfi.c.obj</name>
      </input_file>
      <input_file id="fl-26">
         <path>C:\ti\ccs1230\ccs\tools\compiler\ti-cgt-c6000_8.3.12\lib\</path>
         <kind>archive</kind>
         <file>rts6740_elf.lib</file>
         <name>fflush.c.obj</name>
      </input_file>
      <input_file id="fl-27">
         <path>C:\ti\ccs1230\ccs\tools\compiler\ti-cgt-c6000_8.3.12\lib\</path>
         <kind>archive</kind>
         <file>rts6740_elf.lib</file>
         <name>fputc.c.obj</name>
      </input_file>
      <input_file id="fl-28">
         <path>C:\ti\ccs1230\ccs\tools\compiler\ti-cgt-c6000_8.3.12\lib\</path>
         <kind>archive</kind>
         <file>rts6740_elf.lib</file>
         <name>fputs.c.obj</name>
      </input_file>
      <input_file id="fl-29">
         <path>C:\ti\ccs1230\ccs\tools\compiler\ti-cgt-c6000_8.3.12\lib\</path>
         <kind>archive</kind>
         <file>rts6740_elf.lib</file>
         <name>_io_perm.c.obj</name>
      </input_file>
      <input_file id="fl-2a">
         <path>C:\ti\ccs1230\ccs\tools\compiler\ti-cgt-c6000_8.3.12\lib\</path>
         <kind>archive</kind>
         <file>rts6740_elf.lib</file>
         <name>setvbuf.c.obj</name>
      </input_file>
      <input_file id="fl-2b">
         <path>C:\ti\ccs1230\ccs\tools\compiler\ti-cgt-c6000_8.3.12\lib\</path>
         <kind>archive</kind>
         <file>rts6740_elf.lib</file>
         <name>push.asm.obj</name>
      </input_file>
      <input_file id="fl-2c">
         <path>C:\ti\ccs1230\ccs\tools\compiler\ti-cgt-c6000_8.3.12\lib\</path>
         <kind>archive</kind>
         <file>rts6740_elf.lib</file>
         <name>divu.asm.obj</name>
      </input_file>
      <input_file id="fl-2d">
         <path>C:\ti\ccs1230\ccs\tools\compiler\ti-cgt-c6000_8.3.12\lib\</path>
         <kind>archive</kind>
         <file>rts6740_elf.lib</file>
         <name>memcpy64.asm.obj</name>
      </input_file>
      <input_file id="fl-2e">
         <path>C:\ti\ccs1230\ccs\tools\compiler\ti-cgt-c6000_8.3.12\lib\</path>
         <kind>archive</kind>
         <file>rts6740_elf.lib</file>
         <name>remu.asm.obj</name>
      </input_file>
      <input_file id="fl-2f">
         <path>C:\ti\ccs1230\ccs\tools\compiler\ti-cgt-c6000_8.3.12\lib\</path>
         <kind>archive</kind>
         <file>rts6740_elf.lib</file>
         <name>boot.c.obj</name>
      </input_file>
      <input_file id="fl-30">
         <path>C:\ti\ccs1230\ccs\tools\compiler\ti-cgt-c6000_8.3.12\lib\</path>
         <kind>archive</kind>
         <file>rts6740_elf.lib</file>
         <name>imath40.c.obj</name>
      </input_file>
      <input_file id="fl-31">
         <path>C:\ti\ccs1230\ccs\tools\compiler\ti-cgt-c6000_8.3.12\lib\</path>
         <kind>archive</kind>
         <file>rts6740_elf.lib</file>
         <name>imath64.c.obj</name>
      </input_file>
      <input_file id="fl-32">
         <path>C:\ti\ccs1230\ccs\tools\compiler\ti-cgt-c6000_8.3.12\lib\</path>
         <kind>archive</kind>
         <file>rts6740_elf.lib</file>
         <name>llshift.c.obj</name>
      </input_file>
      <input_file id="fl-33">
         <path>C:\ti\ccs1230\ccs\tools\compiler\ti-cgt-c6000_8.3.12\lib\</path>
         <kind>archive</kind>
         <file>rts6740_elf.lib</file>
         <name>memset.c.obj</name>
      </input_file>
      <input_file id="fl-34">
         <path>C:\ti\ccs1230\ccs\tools\compiler\ti-cgt-c6000_8.3.12\lib\</path>
         <kind>archive</kind>
         <file>rts6740_elf.lib</file>
         <name>autoinit.c.obj</name>
      </input_file>
      <input_file id="fl-35">
         <path>C:\ti\ccs1230\ccs\tools\compiler\ti-cgt-c6000_8.3.12\lib\</path>
         <kind>archive</kind>
         <file>rts6740_elf.lib</file>
         <name>pre_init.c.obj</name>
      </input_file>
      <input_file id="fl-36">
         <path>C:\ti\ccs1230\ccs\tools\compiler\ti-cgt-c6000_8.3.12\lib\</path>
         <kind>archive</kind>
         <file>rts6740_elf.lib</file>
         <name>startup.c.obj</name>
      </input_file>
      <input_file id="fl-37">
         <path>C:\ti\ccs1230\ccs\tools\compiler\ti-cgt-c6000_8.3.12\lib\</path>
         <kind>archive</kind>
         <file>rts6740_elf.lib</file>
         <name>cpy_tbl.c.obj</name>
      </input_file>
      <input_file id="fl-38">
         <path>C:\ti\ccs1230\ccs\tools\compiler\ti-cgt-c6000_8.3.12\lib\</path>
         <kind>archive</kind>
         <file>rts6740_elf.lib</file>
         <name>copy_zero_init.c.obj</name>
      </input_file>
      <input_file id="fl-39">
         <path>C:\ti\ccs1230\ccs\tools\compiler\ti-cgt-c6000_8.3.12\lib\</path>
         <kind>archive</kind>
         <file>rts6740_elf.lib</file>
         <name>copy_decompress_none.c.obj</name>
      </input_file>
      <input_file id="fl-3a">
         <path>C:\ti\ccs1230\ccs\tools\compiler\ti-cgt-c6000_8.3.12\lib\</path>
         <kind>archive</kind>
         <file>rts6740_elf.lib</file>
         <name>copy_decompress_rle.c.obj</name>
      </input_file>
      <input_file id="fl-3b">
         <path>C:\ti\ccs1230\ccs\tools\compiler\ti-cgt-c6000_8.3.12\lib\</path>
         <kind>archive</kind>
         <file>rts6740_elf.lib</file>
         <name>frexp.c.obj</name>
      </input_file>
      <input_file id="fl-3c">
         <path>C:\ti\ccs1230\ccs\tools\compiler\ti-cgt-c6000_8.3.12\lib\</path>
         <kind>archive</kind>
         <file>rts6740_elf.lib</file>
         <name>isinf.c.obj</name>
      </input_file>
      <input_file id="fl-3d">
         <path>C:\ti\ccs1230\ccs\tools\compiler\ti-cgt-c6000_8.3.12\lib\</path>
         <kind>archive</kind>
         <file>rts6740_elf.lib</file>
         <name>ldexp.c.obj</name>
      </input_file>
      <input_file id="fl-3e">
         <path>C:\ti\ccs1230\ccs\tools\compiler\ti-cgt-c6000_8.3.12\lib\</path>
         <kind>archive</kind>
         <file>rts6740_elf.lib</file>
         <name>signbit.c.obj</name>
      </input_file>
      <input_file id="fl-3f">
         <path>C:\ti\ccs1230\ccs\tools\compiler\ti-cgt-c6000_8.3.12\lib\</path>
         <kind>archive</kind>
         <file>rts6740_elf.lib</file>
         <name>divd.c.obj</name>
      </input_file>
      <input_file id="fl-40">
         <path>C:\ti\ccs1230\ccs\tools\compiler\ti-cgt-c6000_8.3.12\lib\</path>
         <kind>archive</kind>
         <file>rts6740_elf.lib</file>
         <name>frcmpyd_div.c.obj</name>
      </input_file>
      <input_file id="fl-41">
         <path>C:\ti\ccs1230\ccs\tools\compiler\ti-cgt-c6000_8.3.12\lib\</path>
         <kind>archive</kind>
         <file>rts6740_elf.lib</file>
         <name>exit.c.obj</name>
      </input_file>
      <input_file id="fl-42">
         <path>C:\ti\ccs1230\ccs\tools\compiler\ti-cgt-c6000_8.3.12\lib\</path>
         <kind>archive</kind>
         <file>rts6740_elf.lib</file>
         <name>memory.c.obj</name>
      </input_file>
      <input_file id="fl-43">
         <path>C:\ti\ccs1230\ccs\tools\compiler\ti-cgt-c6000_8.3.12\lib\</path>
         <kind>archive</kind>
         <file>rts6740_elf.lib</file>
         <name>_lock.c.obj</name>
      </input_file>
      <input_file id="fl-44">
         <path>C:\ti\ccs1230\ccs\tools\compiler\ti-cgt-c6000_8.3.12\lib\</path>
         <kind>archive</kind>
         <file>rts6740_elf.lib</file>
         <name>_ltoa.c.obj</name>
      </input_file>
      <input_file id="fl-45">
         <path>C:\ti\ccs1230\ccs\tools\compiler\ti-cgt-c6000_8.3.12\lib\</path>
         <kind>archive</kind>
         <file>rts6740_elf.lib</file>
         <name>args_main.c.obj</name>
      </input_file>
      <input_file id="fl-46">
         <path>C:\ti\ccs1230\ccs\tools\compiler\ti-cgt-c6000_8.3.12\lib\</path>
         <kind>archive</kind>
         <file>rts6740_elf.lib</file>
         <name>atoi.c.obj</name>
      </input_file>
      <input_file id="fl-47">
         <path>C:\ti\ccs1230\ccs\tools\compiler\ti-cgt-c6000_8.3.12\lib\</path>
         <kind>archive</kind>
         <file>rts6740_elf.lib</file>
         <name>ctype.c.obj</name>
      </input_file>
      <input_file id="fl-48">
         <path>C:\ti\ccs1230\ccs\tools\compiler\ti-cgt-c6000_8.3.12\lib\</path>
         <kind>archive</kind>
         <file>rts6740_elf.lib</file>
         <name>defs.c.obj</name>
      </input_file>
      <input_file id="fl-49">
         <path>C:\ti\ccs1230\ccs\tools\compiler\ti-cgt-c6000_8.3.12\lib\</path>
         <kind>archive</kind>
         <file>rts6740_elf.lib</file>
         <name>memccpy.c.obj</name>
      </input_file>
      <input_file id="fl-4a">
         <path>C:\ti\ccs1230\ccs\tools\compiler\ti-cgt-c6000_8.3.12\lib\</path>
         <kind>archive</kind>
         <file>rts6740_elf.lib</file>
         <name>write.c.obj</name>
      </input_file>
      <input_file id="fl-4b">
         <path>C:\ti\ccs1230\ccs\tools\compiler\ti-cgt-c6000_8.3.12\lib\</path>
         <kind>archive</kind>
         <file>rts6740_elf.lib</file>
         <name>tls.c.obj</name>
      </input_file>
      <input_file id="fl-4c">
         <path>C:\ti\ccs1230\ccs\tools\compiler\ti-cgt-c6000_8.3.12\lib\</path>
         <kind>archive</kind>
         <file>rts6740_elf.lib</file>
         <name>llabs.c.obj</name>
      </input_file>
      <input_file id="fl-4d">
         <path>C:\ti\ccs1230\ccs\tools\compiler\ti-cgt-c6000_8.3.12\lib\</path>
         <kind>archive</kind>
         <file>rts6740_elf.lib</file>
         <name>errno.c.obj</name>
      </input_file>
      <input_file id="fl-4e">
         <path>C:\ti\ccs1230\ccs\tools\compiler\ti-cgt-c6000_8.3.12\lib\</path>
         <kind>archive</kind>
         <file>rts6740_elf.lib</file>
         <name>wcslen.c.obj</name>
      </input_file>
      <input_file id="fl-4f">
         <path>C:\ti\ccs1230\ccs\tools\compiler\ti-cgt-c6000_8.3.12\lib\</path>
         <kind>archive</kind>
         <file>rts6740_elf.lib</file>
         <name>fopen.c.obj</name>
      </input_file>
      <input_file id="fl-50">
         <path>C:\ti\ccs1230\ccs\tools\compiler\ti-cgt-c6000_8.3.12\lib\</path>
         <kind>archive</kind>
         <file>rts6740_elf.lib</file>
         <name>fseek.c.obj</name>
      </input_file>
      <input_file id="fl-51">
         <path>C:\ti\ccs1230\ccs\tools\compiler\ti-cgt-c6000_8.3.12\lib\</path>
         <kind>archive</kind>
         <file>rts6740_elf.lib</file>
         <name>tls_get_tp.asm.obj</name>
      </input_file>
      <input_file id="fl-52">
         <path>C:\ti\ccs1230\ccs\tools\compiler\ti-cgt-c6000_8.3.12\lib\</path>
         <kind>archive</kind>
         <file>rts6740_elf.lib</file>
         <name>lseek.c.obj</name>
      </input_file>
      <input_file id="fl-53">
         <path>C:\ti\ccs1230\ccs\tools\compiler\ti-cgt-c6000_8.3.12\lib\</path>
         <kind>archive</kind>
         <file>rts6740_elf.lib</file>
         <name>open.c.obj</name>
      </input_file>
      <input_file id="fl-54">
         <path>C:\ti\ccs1230\ccs\tools\compiler\ti-cgt-c6000_8.3.12\lib\</path>
         <kind>archive</kind>
         <file>rts6740_elf.lib</file>
         <name>hostclose.c.obj</name>
      </input_file>
      <input_file id="fl-55">
         <path>C:\ti\ccs1230\ccs\tools\compiler\ti-cgt-c6000_8.3.12\lib\</path>
         <kind>archive</kind>
         <file>rts6740_elf.lib</file>
         <name>hostlseek.c.obj</name>
      </input_file>
      <input_file id="fl-56">
         <path>C:\ti\ccs1230\ccs\tools\compiler\ti-cgt-c6000_8.3.12\lib\</path>
         <kind>archive</kind>
         <file>rts6740_elf.lib</file>
         <name>hostopen.c.obj</name>
      </input_file>
      <input_file id="fl-57">
         <path>C:\ti\ccs1230\ccs\tools\compiler\ti-cgt-c6000_8.3.12\lib\</path>
         <kind>archive</kind>
         <file>rts6740_elf.lib</file>
         <name>hostread.c.obj</name>
      </input_file>
      <input_file id="fl-58">
         <path>C:\ti\ccs1230\ccs\tools\compiler\ti-cgt-c6000_8.3.12\lib\</path>
         <kind>archive</kind>
         <file>rts6740_elf.lib</file>
         <name>hostrename.c.obj</name>
      </input_file>
      <input_file id="fl-59">
         <path>C:\ti\ccs1230\ccs\tools\compiler\ti-cgt-c6000_8.3.12\lib\</path>
         <kind>archive</kind>
         <file>rts6740_elf.lib</file>
         <name>hostunlink.c.obj</name>
      </input_file>
      <input_file id="fl-5a">
         <path>C:\ti\ccs1230\ccs\tools\compiler\ti-cgt-c6000_8.3.12\lib\</path>
         <kind>archive</kind>
         <file>rts6740_elf.lib</file>
         <name>hostwrite.c.obj</name>
      </input_file>
      <input_file id="fl-5b">
         <path>C:\ti\ccs1230\ccs\tools\compiler\ti-cgt-c6000_8.3.12\lib\</path>
         <kind>archive</kind>
         <file>rts6740_elf.lib</file>
         <name>trgmsg.c.obj</name>
      </input_file>
      <input_file id="fl-5c">
         <path>C:\ti\ccs1230\ccs\tools\compiler\ti-cgt-c6000_8.3.12\lib\</path>
         <kind>archive</kind>
         <file>rts6740_elf.lib</file>
         <name>fclose.c.obj</name>
      </input_file>
      <input_file id="fl-5d">
         <path>C:\ti\ccs1230\ccs\tools\compiler\ti-cgt-c6000_8.3.12\lib\</path>
         <kind>archive</kind>
         <file>rts6740_elf.lib</file>
         <name>getdevice.c.obj</name>
      </input_file>
      <input_file id="fl-5e">
         <path>C:\ti\ccs1230\ccs\tools\compiler\ti-cgt-c6000_8.3.12\lib\</path>
         <kind>archive</kind>
         <file>rts6740_elf.lib</file>
         <name>close.c.obj</name>
      </input_file>
      <input_file id="fl-5f">
         <path>C:\ti\ccs1230\ccs\tools\compiler\ti-cgt-c6000_8.3.12\lib\</path>
         <kind>archive</kind>
         <file>rts6740_elf.lib</file>
         <name>remove.c.obj</name>
      </input_file>
      <input_file id="fl-60">
         <path>C:\ti\ccs1230\ccs\tools\compiler\ti-cgt-c6000_8.3.12\lib\</path>
         <kind>archive</kind>
         <file>rts6740_elf.lib</file>
         <name>unlink.c.obj</name>
      </input_file>
   </input_file_list>
   <object_component_list>
      <object_component id="oc-156">
         <name>.text:__TI_printfi</name>
         <load_address>0x11800000</load_address>
         <run_address>0x11800000</run_address>
         <size>0x20c0</size>
         <input_file_ref idref="fl-25"/>
      </object_component>
      <object_component id="oc-25a">
         <name>.text:_pconv_a</name>
         <load_address>0x118020c0</load_address>
         <run_address>0x118020c0</run_address>
         <size>0x660</size>
         <input_file_ref idref="fl-25"/>
      </object_component>
      <object_component id="oc-2e3">
         <name>.text:__c6xabi_divd</name>
         <load_address>0x11802720</load_address>
         <run_address>0x11802720</run_address>
         <size>0x600</size>
         <input_file_ref idref="fl-3f"/>
      </object_component>
      <object_component id="oc-248">
         <name>.text:_pconv_g</name>
         <load_address>0x11802d20</load_address>
         <run_address>0x11802d20</run_address>
         <size>0x400</size>
         <input_file_ref idref="fl-25"/>
      </object_component>
      <object_component id="oc-3b5">
         <name>.text:free</name>
         <load_address>0x11803120</load_address>
         <run_address>0x11803120</run_address>
         <size>0x3c0</size>
         <input_file_ref idref="fl-42"/>
      </object_component>
      <object_component id="oc-179">
         <name>.text</name>
         <load_address>0x118034e0</load_address>
         <run_address>0x118034e0</run_address>
         <size>0x300</size>
         <input_file_ref idref="fl-4"/>
      </object_component>
      <object_component id="oc-223">
         <name>.text:fputs</name>
         <load_address>0x118037e0</load_address>
         <run_address>0x118037e0</run_address>
         <size>0x2e0</size>
         <input_file_ref idref="fl-28"/>
      </object_component>
      <object_component id="oc-254">
         <name>.text:_pconv_e</name>
         <load_address>0x11803ac0</load_address>
         <run_address>0x11803ac0</run_address>
         <size>0x2a0</size>
         <input_file_ref idref="fl-25"/>
      </object_component>
      <object_component id="oc-2fc">
         <name>.text:fcvt</name>
         <load_address>0x11803d60</load_address>
         <run_address>0x11803d60</run_address>
         <size>0x2a0</size>
         <input_file_ref idref="fl-25"/>
      </object_component>
      <object_component id="oc-2d3">
         <name>.text:__c6xabi_divull</name>
         <load_address>0x11804000</load_address>
         <run_address>0x11804000</run_address>
         <size>0x260</size>
         <input_file_ref idref="fl-31"/>
      </object_component>
      <object_component id="oc-230">
         <name>.text:_ltostr</name>
         <load_address>0x11804260</load_address>
         <run_address>0x11804260</run_address>
         <size>0x200</size>
         <input_file_ref idref="fl-25"/>
      </object_component>
      <object_component id="oc-37">
         <name>.text</name>
         <load_address>0x11804460</load_address>
         <run_address>0x11804460</run_address>
         <size>0x200</size>
         <input_file_ref idref="fl-5"/>
      </object_component>
      <object_component id="oc-2d9">
         <name>.text:__c6xabi_divul</name>
         <load_address>0x11804660</load_address>
         <run_address>0x11804660</run_address>
         <size>0x1c0</size>
         <input_file_ref idref="fl-30"/>
      </object_component>
      <object_component id="oc-21c">
         <name>.text:fputc</name>
         <load_address>0x11804820</load_address>
         <run_address>0x11804820</run_address>
         <size>0x1c0</size>
         <input_file_ref idref="fl-27"/>
      </object_component>
      <object_component id="oc-304">
         <name>.text:frexp</name>
         <load_address>0x118049e0</load_address>
         <run_address>0x118049e0</run_address>
         <size>0x1c0</size>
         <input_file_ref idref="fl-3b"/>
      </object_component>
      <object_component id="oc-30a">
         <name>.text:ldexp</name>
         <load_address>0x11804ba0</load_address>
         <run_address>0x11804ba0</run_address>
         <size>0x1c0</size>
         <input_file_ref idref="fl-3d"/>
      </object_component>
      <object_component id="oc-3bb">
         <name>.text:malloc</name>
         <load_address>0x11804d60</load_address>
         <run_address>0x11804d60</run_address>
         <size>0x1c0</size>
         <input_file_ref idref="fl-42"/>
      </object_component>
      <object_component id="oc-349">
         <name>.text:setvbuf</name>
         <load_address>0x11804f20</load_address>
         <run_address>0x11804f20</run_address>
         <size>0x1c0</size>
         <input_file_ref idref="fl-2a"/>
      </object_component>
      <object_component id="oc-41e">
         <name>.text:HOSTrename</name>
         <load_address>0x118050e0</load_address>
         <run_address>0x118050e0</run_address>
         <size>0x1a0</size>
         <input_file_ref idref="fl-58"/>
      </object_component>
      <object_component id="oc-24e">
         <name>.text:_pconv_f</name>
         <load_address>0x11805280</load_address>
         <run_address>0x11805280</run_address>
         <size>0x120</size>
         <input_file_ref idref="fl-25"/>
      </object_component>
      <object_component id="oc-49c">
         <name>.text:getdevice</name>
         <load_address>0x118053a0</load_address>
         <run_address>0x118053a0</run_address>
         <size>0x120</size>
         <input_file_ref idref="fl-5d"/>
      </object_component>
      <object_component id="oc-43b">
         <name>.text:__TI_closefile</name>
         <load_address>0x118054c0</load_address>
         <run_address>0x118054c0</run_address>
         <size>0x100</size>
         <input_file_ref idref="fl-5c"/>
      </object_component>
      <object_component id="oc-55">
         <name>.text:__TI_decompress_rle_core</name>
         <load_address>0x118055c0</load_address>
         <run_address>0x118055c0</run_address>
         <size>0x100</size>
         <input_file_ref idref="fl-3a"/>
      </object_component>
      <object_component id="oc-2f5">
         <name>.text:_mcpy</name>
         <load_address>0x118056c0</load_address>
         <run_address>0x118056c0</run_address>
         <size>0x100</size>
         <input_file_ref idref="fl-25"/>
      </object_component>
      <object_component id="oc-22a">
         <name>.text:atoi</name>
         <load_address>0x118057c0</load_address>
         <run_address>0x118057c0</run_address>
         <size>0x100</size>
         <input_file_ref idref="fl-46"/>
      </object_component>
      <object_component id="oc-93">
         <name>.text:fflush</name>
         <load_address>0x118058c0</load_address>
         <run_address>0x118058c0</run_address>
         <size>0x100</size>
         <input_file_ref idref="fl-26"/>
      </object_component>
      <object_component id="oc-343">
         <name>.text:fseek</name>
         <load_address>0x118059c0</load_address>
         <run_address>0x118059c0</run_address>
         <size>0x100</size>
         <input_file_ref idref="fl-50"/>
      </object_component>
      <object_component id="oc-3d">
         <name>.text:retain</name>
         <load_address>0x11805ac0</load_address>
         <run_address>0x11805ac0</run_address>
         <size>0x100</size>
         <input_file_ref idref="fl-5"/>
      </object_component>
      <object_component id="oc-412">
         <name>.text:HOSTlseek</name>
         <load_address>0x11805bc0</load_address>
         <run_address>0x11805bc0</run_address>
         <size>0xe0</size>
         <input_file_ref idref="fl-55"/>
      </object_component>
      <object_component id="oc-3fa">
         <name>.text:HOSTopen</name>
         <load_address>0x11805ca0</load_address>
         <run_address>0x11805ca0</run_address>
         <size>0xe0</size>
         <input_file_ref idref="fl-56"/>
      </object_component>
      <object_component id="oc-40c">
         <name>.text:HOSTwrite</name>
         <load_address>0x11805d80</load_address>
         <run_address>0x11805d80</run_address>
         <size>0xe0</size>
         <input_file_ref idref="fl-5a"/>
      </object_component>
      <object_component id="oc-2e9">
         <name>.text:__TI_ltoa</name>
         <load_address>0x11805e60</load_address>
         <run_address>0x11805e60</run_address>
         <size>0xe0</size>
         <input_file_ref idref="fl-44"/>
      </object_component>
      <object_component id="oc-2c4">
         <name>.text:__TI_wrt_ok</name>
         <load_address>0x11805f40</load_address>
         <run_address>0x11805f40</run_address>
         <size>0xe0</size>
         <input_file_ref idref="fl-29"/>
      </object_component>
      <object_component id="oc-477">
         <name>.text:close</name>
         <load_address>0x11806020</load_address>
         <run_address>0x11806020</run_address>
         <size>0xe0</size>
         <input_file_ref idref="fl-5e"/>
      </object_component>
      <object_component id="oc-73">
         <name>.text:exit</name>
         <load_address>0x11806100</load_address>
         <run_address>0x11806100</run_address>
         <size>0xe0</size>
         <input_file_ref idref="fl-41"/>
      </object_component>
      <object_component id="oc-d0">
         <name>.text:memset</name>
         <load_address>0x118061e0</load_address>
         <run_address>0x118061e0</run_address>
         <size>0xe0</size>
         <input_file_ref idref="fl-33"/>
      </object_component>
      <object_component id="oc-8d">
         <name>.text:printf</name>
         <load_address>0x118062c0</load_address>
         <run_address>0x118062c0</run_address>
         <size>0xe0</size>
         <input_file_ref idref="fl-24"/>
      </object_component>
      <object_component id="oc-406">
         <name>.text:HOSTread</name>
         <load_address>0x118063a0</load_address>
         <run_address>0x118063a0</run_address>
         <size>0xc0</size>
         <input_file_ref idref="fl-57"/>
      </object_component>
      <object_component id="oc-418">
         <name>.text:HOSTunlink</name>
         <load_address>0x11806460</load_address>
         <run_address>0x11806460</run_address>
         <size>0xc0</size>
         <input_file_ref idref="fl-59"/>
      </object_component>
      <object_component id="oc-f2">
         <name>.text:__TI_auto_init_nobinit_nopinit:__TI_auto_init_nobinit_nopinit</name>
         <load_address>0x11806520</load_address>
         <run_address>0x11806520</run_address>
         <size>0xc0</size>
         <input_file_ref idref="fl-34"/>
      </object_component>
      <object_component id="oc-173">
         <name>.text:__divu</name>
         <load_address>0x118065e0</load_address>
         <run_address>0x118065e0</run_address>
         <size>0xc0</size>
         <input_file_ref idref="fl-2c"/>
      </object_component>
      <object_component id="oc-433">
         <name>.text:mremove</name>
         <load_address>0x118066a0</load_address>
         <run_address>0x118066a0</run_address>
         <size>0xc0</size>
         <input_file_ref idref="fl-42"/>
      </object_component>
      <object_component id="oc-1f7">
         <name>.text:tls:init:__TI_tls_init</name>
         <load_address>0x11806760</load_address>
         <run_address>0x11806760</run_address>
         <size>0xc0</size>
         <input_file_ref idref="fl-4b"/>
      </object_component>
      <object_component id="oc-400">
         <name>.text:HOSTclose</name>
         <load_address>0x11806820</load_address>
         <run_address>0x11806820</run_address>
         <size>0xa0</size>
         <input_file_ref idref="fl-54"/>
      </object_component>
      <object_component id="oc-3c1">
         <name>.text:__TI_cleanup</name>
         <load_address>0x118068c0</load_address>
         <run_address>0x118068c0</run_address>
         <size>0xa0</size>
         <input_file_ref idref="fl-4f"/>
      </object_component>
      <object_component id="oc-163">
         <name>.text:__TI_doflush</name>
         <load_address>0x11806960</load_address>
         <run_address>0x11806960</run_address>
         <size>0xa0</size>
         <input_file_ref idref="fl-26"/>
      </object_component>
      <object_component id="oc-17f">
         <name>.text:__remu</name>
         <load_address>0x11806a00</load_address>
         <run_address>0x11806a00</run_address>
         <size>0xa0</size>
         <input_file_ref idref="fl-2e"/>
      </object_component>
      <object_component id="oc-2ef">
         <name>.text:_ecpy</name>
         <load_address>0x11806aa0</load_address>
         <run_address>0x11806aa0</run_address>
         <size>0xa0</size>
         <input_file_ref idref="fl-25"/>
      </object_component>
      <object_component id="oc-4ac">
         <name>.text:finddevice</name>
         <load_address>0x11806b40</load_address>
         <run_address>0x11806b40</run_address>
         <size>0xa0</size>
         <input_file_ref idref="fl-5d"/>
      </object_component>
      <object_component id="oc-49">
         <name>.text:memcpy</name>
         <load_address>0x11806be0</load_address>
         <run_address>0x11806be0</run_address>
         <size>0xa0</size>
         <input_file_ref idref="fl-2d"/>
      </object_component>
      <object_component id="oc-42d">
         <name>.text:minsert</name>
         <load_address>0x11806c80</load_address>
         <run_address>0x11806c80</run_address>
         <size>0xa0</size>
         <input_file_ref idref="fl-42"/>
      </object_component>
      <object_component id="oc-45e">
         <name>.text:__TI_readmsg</name>
         <load_address>0x11806d20</load_address>
         <run_address>0x11806d20</run_address>
         <size>0x80</size>
         <input_file_ref idref="fl-5b"/>
      </object_component>
      <object_component id="oc-35a">
         <name>.text:__c6xabi_llshl</name>
         <load_address>0x11806da0</load_address>
         <run_address>0x11806da0</run_address>
         <size>0x80</size>
         <input_file_ref idref="fl-32"/>
      </object_component>
      <object_component id="oc-24">
         <name>.text:_c_int00</name>
         <load_address>0x11806e20</load_address>
         <run_address>0x11806e20</run_address>
         <size>0x80</size>
         <input_file_ref idref="fl-2f"/>
      </object_component>
      <object_component id="oc-47d">
         <name>.text:unlink</name>
         <load_address>0x11806ea0</load_address>
         <run_address>0x11806ea0</run_address>
         <size>0x80</size>
         <input_file_ref idref="fl-60"/>
      </object_component>
      <object_component id="oc-458">
         <name>.text:__TI_writemsg</name>
         <load_address>0x11806f20</load_address>
         <run_address>0x11806f20</run_address>
         <size>0x60</size>
         <input_file_ref idref="fl-5b"/>
      </object_component>
      <object_component id="oc-366">
         <name>.text:__c6xabi_llshru</name>
         <load_address>0x11806f80</load_address>
         <run_address>0x11806f80</run_address>
         <size>0x60</size>
         <input_file_ref idref="fl-32"/>
      </object_component>
      <object_component id="oc-360">
         <name>.text:_subcull</name>
         <load_address>0x11806fe0</load_address>
         <run_address>0x11806fe0</run_address>
         <size>0x60</size>
         <input_file_ref idref="fl-31"/>
      </object_component>
      <object_component id="oc-3ad">
         <name>.text:lseek</name>
         <load_address>0x11807040</load_address>
         <run_address>0x11807040</run_address>
         <size>0x60</size>
         <input_file_ref idref="fl-52"/>
      </object_component>
      <object_component id="oc-260">
         <name>.text:memccpy</name>
         <load_address>0x118070a0</load_address>
         <run_address>0x118070a0</run_address>
         <size>0x60</size>
         <input_file_ref idref="fl-49"/>
      </object_component>
      <object_component id="oc-292">
         <name>.text:write</name>
         <load_address>0x11807100</load_address>
         <run_address>0x11807100</run_address>
         <size>0x60</size>
         <input_file_ref idref="fl-4a"/>
      </object_component>
      <object_component id="oc-370">
         <name>.text:__TI_frcmpyd_div</name>
         <load_address>0x11807160</load_address>
         <run_address>0x11807160</run_address>
         <size>0x40</size>
         <input_file_ref idref="fl-40"/>
      </object_component>
      <object_component id="oc-23c">
         <name>.text:__c6xabi_isinf</name>
         <load_address>0x118071a0</load_address>
         <run_address>0x118071a0</run_address>
         <size>0x40</size>
         <input_file_ref idref="fl-3c"/>
      </object_component>
      <object_component id="oc-236">
         <name>.text:__c6xabi_isnan</name>
         <load_address>0x118071e0</load_address>
         <run_address>0x118071e0</run_address>
         <size>0x40</size>
         <input_file_ref idref="fl-25"/>
      </object_component>
      <object_component id="oc-6d">
         <name>.text:_args_main</name>
         <load_address>0x11807220</load_address>
         <run_address>0x11807220</run_address>
         <size>0x40</size>
         <input_file_ref idref="fl-45"/>
      </object_component>
      <object_component id="oc-266">
         <name>.text:wcslen</name>
         <load_address>0x11807260</load_address>
         <run_address>0x11807260</run_address>
         <size>0x40</size>
         <input_file_ref idref="fl-4e"/>
      </object_component>
      <object_component id="oc-26c">
         <name>.text:__c6xabi_errno_addr</name>
         <load_address>0x118072a0</load_address>
         <run_address>0x118072a0</run_address>
         <size>0x20</size>
         <input_file_ref idref="fl-4d"/>
      </object_component>
      <object_component id="oc-169">
         <name>.text:__pop_rts</name>
         <load_address>0x118072c0</load_address>
         <run_address>0x118072c0</run_address>
         <size>0x20</size>
         <input_file_ref idref="fl-2b"/>
      </object_component>
      <object_component id="oc-15e">
         <name>.text:__push_rts</name>
         <load_address>0x118072e0</load_address>
         <run_address>0x118072e0</run_address>
         <size>0x20</size>
         <input_file_ref idref="fl-2b"/>
      </object_component>
      <object_component id="oc-211">
         <name>.text:_nop</name>
         <load_address>0x11807300</load_address>
         <run_address>0x11807300</run_address>
         <size>0x20</size>
         <input_file_ref idref="fl-43"/>
      </object_component>
      <object_component id="oc-14a">
         <name>.text:_outc</name>
         <load_address>0x11807320</load_address>
         <run_address>0x11807320</run_address>
         <size>0x20</size>
         <input_file_ref idref="fl-24"/>
      </object_component>
      <object_component id="oc-150">
         <name>.text:_outs</name>
         <load_address>0x11807340</load_address>
         <run_address>0x11807340</run_address>
         <size>0x20</size>
         <input_file_ref idref="fl-24"/>
      </object_component>
      <object_component id="oc-242">
         <name>.text:_signbit</name>
         <load_address>0x11807360</load_address>
         <run_address>0x11807360</run_address>
         <size>0x20</size>
         <input_file_ref idref="fl-3e"/>
      </object_component>
      <object_component id="oc-1f1">
         <name>.text:_system_post_cinit</name>
         <load_address>0x11807380</load_address>
         <run_address>0x11807380</run_address>
         <size>0x20</size>
         <input_file_ref idref="fl-36"/>
      </object_component>
      <object_component id="oc-79">
         <name>.text:_system_pre_init</name>
         <load_address>0x118073a0</load_address>
         <run_address>0x118073a0</run_address>
         <size>0x20</size>
         <input_file_ref idref="fl-35"/>
      </object_component>
      <object_component id="oc-e9">
         <name>.text:abort</name>
         <load_address>0x118073c0</load_address>
         <run_address>0x118073c0</run_address>
         <size>0x20</size>
         <input_file_ref idref="fl-41"/>
      </object_component>
      <object_component id="oc-17">
         <name>.text:decompress:none:__TI_decompress_none</name>
         <load_address>0x118073e0</load_address>
         <run_address>0x118073e0</run_address>
         <size>0x20</size>
         <input_file_ref idref="fl-39"/>
      </object_component>
      <object_component id="oc-1d">
         <name>.text:decompress:rle24:__TI_decompress_rle24</name>
         <load_address>0x11807400</load_address>
         <run_address>0x11807400</run_address>
         <size>0x20</size>
         <input_file_ref idref="fl-3a"/>
      </object_component>
      <object_component id="oc-4f5">
         <name>$Tramp$S$$ADC_start</name>
         <load_address>0x11807420</load_address>
         <run_address>0x11807420</run_address>
         <size>0x10</size>
         <input_file_ref idref="fl-3"/>
      </object_component>
      <object_component id="oc-4f4">
         <name>$Tramp$S$$DAC_start</name>
         <load_address>0x11807430</load_address>
         <run_address>0x11807430</run_address>
         <size>0x10</size>
         <input_file_ref idref="fl-3"/>
      </object_component>
      <object_component id="oc-4f3">
         <name>$Tramp$S$$PRU_run</name>
         <load_address>0x11807440</load_address>
         <run_address>0x11807440</run_address>
         <size>0x10</size>
         <input_file_ref idref="fl-6"/>
      </object_component>
      <object_component id="oc-4f2">
         <name>$Tramp$S$$PRU_load</name>
         <load_address>0x11807450</load_address>
         <run_address>0x11807450</run_address>
         <size>0x10</size>
         <input_file_ref idref="fl-6"/>
      </object_component>
      <object_component id="oc-4f1">
         <name>$Tramp$S$$PRU_init</name>
         <load_address>0x11807460</load_address>
         <run_address>0x11807460</run_address>
         <size>0x10</size>
         <input_file_ref idref="fl-6"/>
      </object_component>
      <object_component id="oc-4f0">
         <name>$Tramp$S$$DAC_config</name>
         <load_address>0x11807470</load_address>
         <run_address>0x11807470</run_address>
         <size>0x10</size>
         <input_file_ref idref="fl-3"/>
      </object_component>
      <object_component id="oc-4ef">
         <name>$Tramp$S$$ADC_config</name>
         <load_address>0x11807480</load_address>
         <run_address>0x11807480</run_address>
         <size>0x10</size>
         <input_file_ref idref="fl-3"/>
      </object_component>
      <object_component id="oc-4ee">
         <name>$Tramp$S$$I2C_init</name>
         <load_address>0x11807490</load_address>
         <run_address>0x11807490</run_address>
         <size>0x10</size>
         <input_file_ref idref="fl-4"/>
      </object_component>
      <object_component id="oc-84">
         <name>.common:I2C_globals</name>
         <uninitialized>true</uninitialized>
         <run_address>0x11808c40</run_address>
         <size>0x14</size>
      </object_component>
      <object_component id="oc-483">
         <name>.common:__TI_tmpnams</name>
         <uninitialized>true</uninitialized>
         <run_address>0x11808b00</run_address>
         <size>0x140</size>
      </object_component>
      <object_component id="oc-455">
         <name>.common:parmbuf</name>
         <uninitialized>true</uninitialized>
         <run_address>0x11808c58</run_address>
         <size>0x8</size>
      </object_component>
      <object_component id="oc-273">
         <name>.switch:__TI_printfi</name>
         <load_address>0x11808c60</load_address>
         <run_address>0x11808c60</run_address>
         <size>0x38</size>
         <input_file_ref idref="fl-25"/>
      </object_component>
      <object_component id="oc-31">
         <name>.switch:I2C_int</name>
         <load_address>0x11808c98</load_address>
         <run_address>0x11808c98</run_address>
         <size>0x18</size>
         <input_file_ref idref="fl-4"/>
      </object_component>
      <object_component id="oc-43">
         <name>.stack</name>
         <uninitialized>true</uninitialized>
         <run_address>0x11f00040</run_address>
         <size>0x8</size>
         <input_file_ref idref="fl-2f"/>
      </object_component>
      <object_component id="oc-4ec">
         <name>.stack</name>
         <uninitialized>true</uninitialized>
         <run_address>0x11f00040</run_address>
         <size>0x0</size>
      </object_component>
      <object_component id="oc-46">
         <name>.sysmem</name>
         <uninitialized>true</uninitialized>
         <run_address>0x118074a0</run_address>
         <size>0x8</size>
         <input_file_ref idref="fl-42"/>
      </object_component>
      <object_component id="oc-4ed">
         <name>.sysmem</name>
         <uninitialized>true</uninitialized>
         <run_address>0x118074a0</run_address>
         <size>0x0</size>
      </object_component>
      <object_component id="oc-4e8">
         <name>.cinit..fardata.load</name>
         <load_address>0xc0001b10</load_address>
         <run_address>0xc0001b10</run_address>
         <size>0x6f</size>
      </object_component>
      <object_component id="oc-4ea">
         <name>.cinit..neardata.load</name>
         <load_address>0xc0001b7f</load_address>
         <run_address>0xc0001b7f</run_address>
         <size>0xe</size>
      </object_component>
      <object_component id="oc-4e7">
         <name>.cinit..far.load</name>
         <load_address>0xc0001b8d</load_address>
         <run_address>0xc0001b8d</run_address>
         <size>0xb</size>
      </object_component>
      <object_component id="oc-4e9">
         <name>.cinit..bss.load</name>
         <load_address>0xc0001b98</load_address>
         <run_address>0xc0001b98</run_address>
         <size>0x9</size>
      </object_component>
      <object_component id="oc-4eb">
         <name>.cinit..data_crit.load</name>
         <load_address>0xc0001ba1</load_address>
         <run_address>0xc0001ba1</run_address>
         <size>0x9</size>
      </object_component>
      <object_component id="oc-4e5">
         <name>__TI_handler_table</name>
         <load_address>0xc0001bac</load_address>
         <run_address>0xc0001bac</run_address>
         <size>0x8</size>
      </object_component>
      <object_component id="oc-4e6">
         <name>__TI_cinit_table</name>
         <load_address>0xc0001bb8</load_address>
         <run_address>0xc0001bb8</run_address>
         <size>0x28</size>
      </object_component>
      <object_component id="oc-488">
         <name>.cio</name>
         <uninitialized>true</uninitialized>
         <run_address>0xc00019f0</run_address>
         <size>0x120</size>
         <input_file_ref idref="fl-5b"/>
      </object_component>
      <object_component id="oc-e6">
         <name>.fardata</name>
         <load_address>0x11808ad8</load_address>
         <run_address>0x11808ad8</run_address>
         <size>0xc</size>
         <input_file_ref idref="fl-41"/>
      </object_component>
      <object_component id="oc-42a">
         <name>.fardata</name>
         <load_address>0x11808ae4</load_address>
         <run_address>0x11808ae4</run_address>
         <size>0x8</size>
         <input_file_ref idref="fl-42"/>
      </object_component>
      <object_component id="oc-144">
         <name>.fardata:_lock</name>
         <load_address>0x11808aec</load_address>
         <run_address>0x11808aec</run_address>
         <size>0x4</size>
         <input_file_ref idref="fl-43"/>
      </object_component>
      <object_component id="oc-147">
         <name>.fardata:_unlock</name>
         <load_address>0x11808af0</load_address>
         <run_address>0x11808af0</run_address>
         <size>0x4</size>
         <input_file_ref idref="fl-43"/>
      </object_component>
      <object_component id="oc-ab">
         <name>.fardata:_ftable</name>
         <load_address>0x118087e0</load_address>
         <run_address>0x118087e0</run_address>
         <size>0x1e0</size>
         <input_file_ref idref="fl-48"/>
      </object_component>
      <object_component id="oc-16e">
         <name>.fardata</name>
         <load_address>0x11808af4</load_address>
         <run_address>0x11808af4</run_address>
         <size>0x4</size>
         <input_file_ref idref="fl-48"/>
      </object_component>
      <object_component id="oc-39c">
         <name>.fardata:_device</name>
         <load_address>0x11808a60</load_address>
         <run_address>0x11808a60</run_address>
         <size>0x78</size>
         <input_file_ref idref="fl-4a"/>
      </object_component>
      <object_component id="oc-32b">
         <name>.fardata:_stream</name>
         <load_address>0x118089c0</load_address>
         <run_address>0x118089c0</run_address>
         <size>0xa0</size>
         <input_file_ref idref="fl-4a"/>
      </object_component>
      <object_component id="oc-31a">
         <name>.fardata</name>
         <load_address>0x11808af8</load_address>
         <run_address>0x11808af8</run_address>
         <size>0x4</size>
         <input_file_ref idref="fl-4d"/>
      </object_component>
      <object_component id="oc-184">
         <name>.common:DAC_trigSrc</name>
         <uninitialized>true</uninitialized>
         <run_address>0x118084a0</run_address>
         <size>0x4</size>
      </object_component>
      <object_component id="oc-b5">
         <name>.common:idx</name>
         <uninitialized>true</uninitialized>
         <run_address>0x118084a4</run_address>
         <size>0x2</size>
      </object_component>
      <object_component id="oc-81">
         <name>.neardata</name>
         <load_address>0x118084a8</load_address>
         <run_address>0x118084a8</run_address>
         <size>0x4</size>
         <input_file_ref idref="fl-4"/>
      </object_component>
      <object_component id="oc-b9">
         <name>.neardata</name>
         <load_address>0x118084ac</load_address>
         <run_address>0x118084ac</run_address>
         <size>0x4</size>
         <input_file_ref idref="fl-5"/>
      </object_component>
      <object_component id="oc-ae">
         <name>.const:.string</name>
         <load_address>0x118084b0</load_address>
         <run_address>0x118084b0</run_address>
         <size>0x208</size>
         <input_file_ref idref="fl-5"/>
      </object_component>
      <object_component id="oc-2ce">
         <name>.const:.string:_ctypes_</name>
         <load_address>0x118086b8</load_address>
         <run_address>0x118086b8</run_address>
         <size>0x101</size>
         <input_file_ref idref="fl-47"/>
      </object_component>
      <object_component id="oc-272">
         <name>.const:.string</name>
         <load_address>0x118087bc</load_address>
         <run_address>0x118087bc</run_address>
         <size>0x24</size>
         <input_file_ref idref="fl-25"/>
      </object_component>
      <object_component id="oc-30">
         <name>.text_interrupt:retain</name>
         <load_address>0x11e00200</load_address>
         <run_address>0x11e00200</run_address>
         <size>0x200</size>
         <input_file_ref idref="fl-4"/>
      </object_component>
      <object_component id="oc-b6">
         <name>.data_crit</name>
         <uninitialized>true</uninitialized>
         <run_address>0x11f01040</run_address>
         <size>0x20</size>
         <input_file_ref idref="fl-5"/>
      </object_component>
      <object_component id="oc-9f">
         <name>.text_slow</name>
         <load_address>0xc0000000</load_address>
         <run_address>0xc0000000</run_address>
         <size>0x1240</size>
         <input_file_ref idref="fl-3"/>
      </object_component>
      <object_component id="oc-a5">
         <name>.text_slow</name>
         <load_address>0xc0001240</load_address>
         <run_address>0xc0001240</run_address>
         <size>0x180</size>
         <input_file_ref idref="fl-6"/>
      </object_component>
      <object_component id="oc-99">
         <name>.text_slow</name>
         <load_address>0xc00013c0</load_address>
         <run_address>0xc00013c0</run_address>
         <size>0x160</size>
         <input_file_ref idref="fl-4"/>
      </object_component>
      <object_component id="oc-4f6">
         <name>$Tramp$S$$I2C_writeRead</name>
         <load_address>0xc0001520</load_address>
         <run_address>0xc0001520</run_address>
         <size>0x10</size>
         <input_file_ref idref="fl-4"/>
      </object_component>
      <object_component id="oc-4f7">
         <name>$Tramp$S$$I2C_write</name>
         <load_address>0xc0001530</load_address>
         <run_address>0xc0001530</run_address>
         <size>0x10</size>
         <input_file_ref idref="fl-4"/>
      </object_component>
      <object_component id="oc-4f8">
         <name>$Tramp$S$$__c6xabi_remu</name>
         <load_address>0xc0001540</load_address>
         <run_address>0xc0001540</run_address>
         <size>0x10</size>
         <input_file_ref idref="fl-2e"/>
      </object_component>
      <object_component id="oc-4f9">
         <name>$Tramp$S$$__c6xabi_divu</name>
         <load_address>0xc0001550</load_address>
         <run_address>0xc0001550</run_address>
         <size>0x10</size>
         <input_file_ref idref="fl-2c"/>
      </object_component>
      <object_component id="oc-4fa">
         <name>$Tramp$S$$memcpy</name>
         <load_address>0xc0001560</load_address>
         <run_address>0xc0001560</run_address>
         <size>0x10</size>
         <input_file_ref idref="fl-2d"/>
      </object_component>
      <object_component id="oc-af">
         <name>.const_slow</name>
         <load_address>0xc0001580</load_address>
         <run_address>0xc0001580</run_address>
         <size>0x470</size>
         <input_file_ref idref="fl-5"/>
      </object_component>
      <object_component id="oc-185">
         <name>.debug_info</name>
         <load_address>0x0</load_address>
         <run_address>0x0</run_address>
         <size>0x890</size>
         <input_file_ref idref="fl-3"/>
      </object_component>
      <object_component id="oc-a0">
         <name>.debug_info</name>
         <load_address>0x890</load_address>
         <run_address>0x890</run_address>
         <size>0xc34</size>
         <input_file_ref idref="fl-3"/>
      </object_component>
      <object_component id="oc-188">
         <name>.debug_info</name>
         <load_address>0x14c4</load_address>
         <run_address>0x14c4</run_address>
         <size>0x37b</size>
         <input_file_ref idref="fl-3"/>
      </object_component>
      <object_component id="oc-12b">
         <name>.debug_info</name>
         <load_address>0x183f</load_address>
         <run_address>0x183f</run_address>
         <size>0x3ff</size>
         <input_file_ref idref="fl-3"/>
      </object_component>
      <object_component id="oc-13a">
         <name>.debug_info</name>
         <load_address>0x1c3e</load_address>
         <run_address>0x1c3e</run_address>
         <size>0xae</size>
         <input_file_ref idref="fl-3"/>
      </object_component>
      <object_component id="oc-18d">
         <name>.debug_info</name>
         <load_address>0x1cec</load_address>
         <run_address>0x1cec</run_address>
         <size>0xac1</size>
         <input_file_ref idref="fl-3"/>
      </object_component>
      <object_component id="oc-192">
         <name>.debug_info</name>
         <load_address>0x27ad</load_address>
         <run_address>0x27ad</run_address>
         <size>0x24b</size>
         <input_file_ref idref="fl-3"/>
      </object_component>
      <object_component id="oc-197">
         <name>.debug_info</name>
         <load_address>0x29f8</load_address>
         <run_address>0x29f8</run_address>
         <size>0xa5b</size>
         <input_file_ref idref="fl-3"/>
      </object_component>
      <object_component id="oc-1b0">
         <name>.debug_info</name>
         <load_address>0x3453</load_address>
         <run_address>0x3453</run_address>
         <size>0x110</size>
         <input_file_ref idref="fl-3"/>
      </object_component>
      <object_component id="oc-135">
         <name>.debug_info</name>
         <load_address>0x3563</load_address>
         <run_address>0x3563</run_address>
         <size>0x26b</size>
         <input_file_ref idref="fl-3"/>
      </object_component>
      <object_component id="oc-cb">
         <name>.debug_info</name>
         <load_address>0x37ce</load_address>
         <run_address>0x37ce</run_address>
         <size>0xc0</size>
         <input_file_ref idref="fl-3"/>
      </object_component>
      <object_component id="oc-130">
         <name>.debug_info</name>
         <load_address>0x388e</load_address>
         <run_address>0x388e</run_address>
         <size>0xbb</size>
         <input_file_ref idref="fl-3"/>
      </object_component>
      <object_component id="oc-13f">
         <name>.debug_info</name>
         <load_address>0x3949</load_address>
         <run_address>0x3949</run_address>
         <size>0x275</size>
         <input_file_ref idref="fl-3"/>
      </object_component>
      <object_component id="oc-88">
         <name>.debug_info</name>
         <load_address>0x3bbe</load_address>
         <run_address>0x3bbe</run_address>
         <size>0xbb</size>
         <input_file_ref idref="fl-3"/>
      </object_component>
      <object_component id="oc-85">
         <name>.debug_info</name>
         <load_address>0x3c79</load_address>
         <run_address>0x3c79</run_address>
         <size>0x653</size>
         <input_file_ref idref="fl-4"/>
      </object_component>
      <object_component id="oc-82">
         <name>.debug_info</name>
         <load_address>0x42cc</load_address>
         <run_address>0x42cc</run_address>
         <size>0xf8</size>
         <input_file_ref idref="fl-4"/>
      </object_component>
      <object_component id="oc-17a">
         <name>.debug_info</name>
         <load_address>0x43c4</load_address>
         <run_address>0x43c4</run_address>
         <size>0x5b0</size>
         <input_file_ref idref="fl-4"/>
      </object_component>
      <object_component id="oc-32">
         <name>.debug_info</name>
         <load_address>0x4974</load_address>
         <run_address>0x4974</run_address>
         <size>0x188</size>
         <input_file_ref idref="fl-4"/>
      </object_component>
      <object_component id="oc-9a">
         <name>.debug_info</name>
         <load_address>0x4afc</load_address>
         <run_address>0x4afc</run_address>
         <size>0x20d</size>
         <input_file_ref idref="fl-4"/>
      </object_component>
      <object_component id="oc-124">
         <name>.debug_info</name>
         <load_address>0x4d09</load_address>
         <run_address>0x4d09</run_address>
         <size>0x20f</size>
         <input_file_ref idref="fl-4"/>
      </object_component>
      <object_component id="oc-b3">
         <name>.debug_info</name>
         <load_address>0x4f18</load_address>
         <run_address>0x4f18</run_address>
         <size>0xa5f</size>
         <input_file_ref idref="fl-5"/>
      </object_component>
      <object_component id="oc-b0">
         <name>.debug_info</name>
         <load_address>0x5977</load_address>
         <run_address>0x5977</run_address>
         <size>0xee</size>
         <input_file_ref idref="fl-5"/>
      </object_component>
      <object_component id="oc-b7">
         <name>.debug_info</name>
         <load_address>0x5a65</load_address>
         <run_address>0x5a65</run_address>
         <size>0xe0</size>
         <input_file_ref idref="fl-5"/>
      </object_component>
      <object_component id="oc-ba">
         <name>.debug_info</name>
         <load_address>0x5b45</load_address>
         <run_address>0x5b45</run_address>
         <size>0xee</size>
         <input_file_ref idref="fl-5"/>
      </object_component>
      <object_component id="oc-38">
         <name>.debug_info</name>
         <load_address>0x5c33</load_address>
         <run_address>0x5c33</run_address>
         <size>0x367</size>
         <input_file_ref idref="fl-5"/>
      </object_component>
      <object_component id="oc-3e">
         <name>.debug_info</name>
         <load_address>0x5f9a</load_address>
         <run_address>0x5f9a</run_address>
         <size>0x1a1</size>
         <input_file_ref idref="fl-5"/>
      </object_component>
      <object_component id="oc-1b5">
         <name>.debug_info</name>
         <load_address>0x613b</load_address>
         <run_address>0x613b</run_address>
         <size>0xdf</size>
         <input_file_ref idref="fl-5"/>
      </object_component>
      <object_component id="oc-1ba">
         <name>.debug_info</name>
         <load_address>0x621a</load_address>
         <run_address>0x621a</run_address>
         <size>0x186</size>
         <input_file_ref idref="fl-5"/>
      </object_component>
      <object_component id="oc-1bf">
         <name>.debug_info</name>
         <load_address>0x63a0</load_address>
         <run_address>0x63a0</run_address>
         <size>0xbf</size>
         <input_file_ref idref="fl-5"/>
      </object_component>
      <object_component id="oc-276">
         <name>.debug_info</name>
         <load_address>0x645f</load_address>
         <run_address>0x645f</run_address>
         <size>0x2c</size>
         <input_file_ref idref="fl-5"/>
      </object_component>
      <object_component id="oc-1a2">
         <name>.debug_info</name>
         <load_address>0x648b</load_address>
         <run_address>0x648b</run_address>
         <size>0x65e</size>
         <input_file_ref idref="fl-6"/>
      </object_component>
      <object_component id="oc-a8">
         <name>.debug_info</name>
         <load_address>0x6ae9</load_address>
         <run_address>0x6ae9</run_address>
         <size>0x474</size>
         <input_file_ref idref="fl-6"/>
      </object_component>
      <object_component id="oc-19d">
         <name>.debug_info</name>
         <load_address>0x6f5d</load_address>
         <run_address>0x6f5d</run_address>
         <size>0x4cc</size>
         <input_file_ref idref="fl-6"/>
      </object_component>
      <object_component id="oc-1a3">
         <name>.debug_info</name>
         <load_address>0x7429</load_address>
         <run_address>0x7429</run_address>
         <size>0x53</size>
         <input_file_ref idref="fl-6"/>
      </object_component>
      <object_component id="oc-15d">
         <name>.debug_info</name>
         <load_address>0x747c</load_address>
         <run_address>0x747c</run_address>
         <size>0x6b0</size>
         <input_file_ref idref="fl-24"/>
      </object_component>
      <object_component id="oc-14b">
         <name>.debug_info</name>
         <load_address>0x7b2c</load_address>
         <run_address>0x7b2c</run_address>
         <size>0x152</size>
         <input_file_ref idref="fl-24"/>
      </object_component>
      <object_component id="oc-151">
         <name>.debug_info</name>
         <load_address>0x7c7e</load_address>
         <run_address>0x7c7e</run_address>
         <size>0x161</size>
         <input_file_ref idref="fl-24"/>
      </object_component>
      <object_component id="oc-8f">
         <name>.debug_info</name>
         <load_address>0x7ddf</load_address>
         <run_address>0x7ddf</run_address>
         <size>0x199</size>
         <input_file_ref idref="fl-24"/>
      </object_component>
      <object_component id="oc-28c">
         <name>.debug_info</name>
         <load_address>0x7f78</load_address>
         <run_address>0x7f78</run_address>
         <size>0xb2</size>
         <input_file_ref idref="fl-24"/>
      </object_component>
      <object_component id="oc-275">
         <name>.debug_info</name>
         <load_address>0x802a</load_address>
         <run_address>0x802a</run_address>
         <size>0x80e</size>
         <input_file_ref idref="fl-25"/>
      </object_component>
      <object_component id="oc-234">
         <name>.debug_info</name>
         <load_address>0x8838</load_address>
         <run_address>0x8838</run_address>
         <size>0x26b</size>
         <input_file_ref idref="fl-25"/>
      </object_component>
      <object_component id="oc-23a">
         <name>.debug_info</name>
         <load_address>0x8aa3</load_address>
         <run_address>0x8aa3</run_address>
         <size>0x222</size>
         <input_file_ref idref="fl-25"/>
      </object_component>
      <object_component id="oc-2f3">
         <name>.debug_info</name>
         <load_address>0x8cc5</load_address>
         <run_address>0x8cc5</run_address>
         <size>0x1a9</size>
         <input_file_ref idref="fl-25"/>
      </object_component>
      <object_component id="oc-2f9">
         <name>.debug_info</name>
         <load_address>0x8e6e</load_address>
         <run_address>0x8e6e</run_address>
         <size>0x21a</size>
         <input_file_ref idref="fl-25"/>
      </object_component>
      <object_component id="oc-24c">
         <name>.debug_info</name>
         <load_address>0x9088</load_address>
         <run_address>0x9088</run_address>
         <size>0x304</size>
         <input_file_ref idref="fl-25"/>
      </object_component>
      <object_component id="oc-300">
         <name>.debug_info</name>
         <load_address>0x938c</load_address>
         <run_address>0x938c</run_address>
         <size>0x246</size>
         <input_file_ref idref="fl-25"/>
      </object_component>
      <object_component id="oc-252">
         <name>.debug_info</name>
         <load_address>0x95d2</load_address>
         <run_address>0x95d2</run_address>
         <size>0x272</size>
         <input_file_ref idref="fl-25"/>
      </object_component>
      <object_component id="oc-258">
         <name>.debug_info</name>
         <load_address>0x9844</load_address>
         <run_address>0x9844</run_address>
         <size>0x2ec</size>
         <input_file_ref idref="fl-25"/>
      </object_component>
      <object_component id="oc-25e">
         <name>.debug_info</name>
         <load_address>0x9b30</load_address>
         <run_address>0x9b30</run_address>
         <size>0x4ac</size>
         <input_file_ref idref="fl-25"/>
      </object_component>
      <object_component id="oc-15a">
         <name>.debug_info</name>
         <load_address>0x9fdc</load_address>
         <run_address>0x9fdc</run_address>
         <size>0x6b0</size>
         <input_file_ref idref="fl-25"/>
      </object_component>
      <object_component id="oc-27b">
         <name>.debug_info</name>
         <load_address>0xa68c</load_address>
         <run_address>0xa68c</run_address>
         <size>0x86</size>
         <input_file_ref idref="fl-25"/>
      </object_component>
      <object_component id="oc-321">
         <name>.debug_info</name>
         <load_address>0xa712</load_address>
         <run_address>0xa712</run_address>
         <size>0x39</size>
         <input_file_ref idref="fl-25"/>
      </object_component>
      <object_component id="oc-397">
         <name>.debug_info</name>
         <load_address>0xa74b</load_address>
         <run_address>0xa74b</run_address>
         <size>0x94</size>
         <input_file_ref idref="fl-25"/>
      </object_component>
      <object_component id="oc-326">
         <name>.debug_info</name>
         <load_address>0xa7df</load_address>
         <run_address>0xa7df</run_address>
         <size>0x46</size>
         <input_file_ref idref="fl-25"/>
      </object_component>
      <object_component id="oc-285">
         <name>.debug_info</name>
         <load_address>0xa825</load_address>
         <run_address>0xa825</run_address>
         <size>0x46</size>
         <input_file_ref idref="fl-25"/>
      </object_component>
      <object_component id="oc-280">
         <name>.debug_info</name>
         <load_address>0xa86b</load_address>
         <run_address>0xa86b</run_address>
         <size>0x2c</size>
         <input_file_ref idref="fl-25"/>
      </object_component>
      <object_component id="oc-172">
         <name>.debug_info</name>
         <load_address>0xa897</load_address>
         <run_address>0xa897</run_address>
         <size>0x612</size>
         <input_file_ref idref="fl-26"/>
      </object_component>
      <object_component id="oc-165">
         <name>.debug_info</name>
         <load_address>0xaea9</load_address>
         <run_address>0xaea9</run_address>
         <size>0x17a</size>
         <input_file_ref idref="fl-26"/>
      </object_component>
      <object_component id="oc-94">
         <name>.debug_info</name>
         <load_address>0xb023</load_address>
         <run_address>0xb023</run_address>
         <size>0x204</size>
         <input_file_ref idref="fl-26"/>
      </object_component>
      <object_component id="oc-2cb">
         <name>.debug_info</name>
         <load_address>0xb227</load_address>
         <run_address>0xb227</run_address>
         <size>0x64e</size>
         <input_file_ref idref="fl-27"/>
      </object_component>
      <object_component id="oc-21e">
         <name>.debug_info</name>
         <load_address>0xb875</load_address>
         <run_address>0xb875</run_address>
         <size>0x213</size>
         <input_file_ref idref="fl-27"/>
      </object_component>
      <object_component id="oc-2cd">
         <name>.debug_info</name>
         <load_address>0xba88</load_address>
         <run_address>0xba88</run_address>
         <size>0x65f</size>
         <input_file_ref idref="fl-28"/>
      </object_component>
      <object_component id="oc-225">
         <name>.debug_info</name>
         <load_address>0xc0e7</load_address>
         <run_address>0xc0e7</run_address>
         <size>0x326</size>
         <input_file_ref idref="fl-28"/>
      </object_component>
      <object_component id="oc-1d8">
         <name>.debug_info</name>
         <load_address>0xc40d</load_address>
         <run_address>0xc40d</run_address>
         <size>0x2c</size>
         <input_file_ref idref="fl-28"/>
      </object_component>
      <object_component id="oc-350">
         <name>.debug_info</name>
         <load_address>0xc439</load_address>
         <run_address>0xc439</run_address>
         <size>0x5ca</size>
         <input_file_ref idref="fl-29"/>
      </object_component>
      <object_component id="oc-2c5">
         <name>.debug_info</name>
         <load_address>0xca03</load_address>
         <run_address>0xca03</run_address>
         <size>0x18c</size>
         <input_file_ref idref="fl-29"/>
      </object_component>
      <object_component id="oc-3c9">
         <name>.debug_info</name>
         <load_address>0xcb8f</load_address>
         <run_address>0xcb8f</run_address>
         <size>0xbf</size>
         <input_file_ref idref="fl-29"/>
      </object_component>
      <object_component id="oc-3c8">
         <name>.debug_info</name>
         <load_address>0xcc4e</load_address>
         <run_address>0xcc4e</run_address>
         <size>0x634</size>
         <input_file_ref idref="fl-2a"/>
      </object_component>
      <object_component id="oc-34b">
         <name>.debug_info</name>
         <load_address>0xd282</load_address>
         <run_address>0xd282</run_address>
         <size>0x22c</size>
         <input_file_ref idref="fl-2a"/>
      </object_component>
      <object_component id="oc-15f">
         <name>.debug_info</name>
         <load_address>0xd4ae</load_address>
         <run_address>0xd4ae</run_address>
         <size>0x10f</size>
         <input_file_ref idref="fl-2b"/>
      </object_component>
      <object_component id="oc-16a">
         <name>.debug_info</name>
         <load_address>0xd5bd</load_address>
         <run_address>0xd5bd</run_address>
         <size>0x10d</size>
         <input_file_ref idref="fl-2b"/>
      </object_component>
      <object_component id="oc-174">
         <name>.debug_info</name>
         <load_address>0xd6ca</load_address>
         <run_address>0xd6ca</run_address>
         <size>0x115</size>
         <input_file_ref idref="fl-2c"/>
      </object_component>
      <object_component id="oc-4a">
         <name>.debug_info</name>
         <load_address>0xd7df</load_address>
         <run_address>0xd7df</run_address>
         <size>0x122</size>
         <input_file_ref idref="fl-2d"/>
      </object_component>
      <object_component id="oc-180">
         <name>.debug_info</name>
         <load_address>0xd901</load_address>
         <run_address>0xd901</run_address>
         <size>0x115</size>
         <input_file_ref idref="fl-2e"/>
      </object_component>
      <object_component id="oc-bf">
         <name>.debug_info</name>
         <load_address>0xda16</load_address>
         <run_address>0xda16</run_address>
         <size>0x5df</size>
         <input_file_ref idref="fl-2f"/>
      </object_component>
      <object_component id="oc-44">
         <name>.debug_info</name>
         <load_address>0xdff5</load_address>
         <run_address>0xdff5</run_address>
         <size>0xf6</size>
         <input_file_ref idref="fl-2f"/>
      </object_component>
      <object_component id="oc-25">
         <name>.debug_info</name>
         <load_address>0xe0eb</load_address>
         <run_address>0xe0eb</run_address>
         <size>0x183</size>
         <input_file_ref idref="fl-2f"/>
      </object_component>
      <object_component id="oc-36f">
         <name>.debug_info</name>
         <load_address>0xe26e</load_address>
         <run_address>0xe26e</run_address>
         <size>0x554</size>
         <input_file_ref idref="fl-30"/>
      </object_component>
      <object_component id="oc-2da">
         <name>.debug_info</name>
         <load_address>0xe7c2</load_address>
         <run_address>0xe7c2</run_address>
         <size>0x1d6</size>
         <input_file_ref idref="fl-30"/>
      </object_component>
      <object_component id="oc-36d">
         <name>.debug_info</name>
         <load_address>0xe998</load_address>
         <run_address>0xe998</run_address>
         <size>0x574</size>
         <input_file_ref idref="fl-31"/>
      </object_component>
      <object_component id="oc-361">
         <name>.debug_info</name>
         <load_address>0xef0c</load_address>
         <run_address>0xef0c</run_address>
         <size>0x184</size>
         <input_file_ref idref="fl-31"/>
      </object_component>
      <object_component id="oc-2d4">
         <name>.debug_info</name>
         <load_address>0xf090</load_address>
         <run_address>0xf090</run_address>
         <size>0x26a</size>
         <input_file_ref idref="fl-31"/>
      </object_component>
      <object_component id="oc-3d8">
         <name>.debug_info</name>
         <load_address>0xf2fa</load_address>
         <run_address>0xf2fa</run_address>
         <size>0x554</size>
         <input_file_ref idref="fl-32"/>
      </object_component>
      <object_component id="oc-36a">
         <name>.debug_info</name>
         <load_address>0xf84e</load_address>
         <run_address>0xf84e</run_address>
         <size>0x1a5</size>
         <input_file_ref idref="fl-32"/>
      </object_component>
      <object_component id="oc-35b">
         <name>.debug_info</name>
         <load_address>0xf9f3</load_address>
         <run_address>0xf9f3</run_address>
         <size>0x18c</size>
         <input_file_ref idref="fl-32"/>
      </object_component>
      <object_component id="oc-3d3">
         <name>.debug_info</name>
         <load_address>0xfb7f</load_address>
         <run_address>0xfb7f</run_address>
         <size>0x39</size>
         <input_file_ref idref="fl-32"/>
      </object_component>
      <object_component id="oc-444">
         <name>.debug_info</name>
         <load_address>0xfbb8</load_address>
         <run_address>0xfbb8</run_address>
         <size>0x2c</size>
         <input_file_ref idref="fl-32"/>
      </object_component>
      <object_component id="oc-1d7">
         <name>.debug_info</name>
         <load_address>0xfbe4</load_address>
         <run_address>0xfbe4</run_address>
         <size>0x564</size>
         <input_file_ref idref="fl-33"/>
      </object_component>
      <object_component id="oc-d2">
         <name>.debug_info</name>
         <load_address>0x10148</load_address>
         <run_address>0x10148</run_address>
         <size>0x22a</size>
         <input_file_ref idref="fl-33"/>
      </object_component>
      <object_component id="oc-1fe">
         <name>.debug_info</name>
         <load_address>0x10372</load_address>
         <run_address>0x10372</run_address>
         <size>0x7c4</size>
         <input_file_ref idref="fl-34"/>
      </object_component>
      <object_component id="oc-f3">
         <name>.debug_info</name>
         <load_address>0x10b36</load_address>
         <run_address>0x10b36</run_address>
         <size>0x1b0</size>
         <input_file_ref idref="fl-34"/>
      </object_component>
      <object_component id="oc-2b0">
         <name>.debug_info</name>
         <load_address>0x10ce6</load_address>
         <run_address>0x10ce6</run_address>
         <size>0x39</size>
         <input_file_ref idref="fl-34"/>
      </object_component>
      <object_component id="oc-2bc">
         <name>.debug_info</name>
         <load_address>0x10d1f</load_address>
         <run_address>0x10d1f</run_address>
         <size>0x39</size>
         <input_file_ref idref="fl-34"/>
      </object_component>
      <object_component id="oc-209">
         <name>.debug_info</name>
         <load_address>0x10d58</load_address>
         <run_address>0x10d58</run_address>
         <size>0x39</size>
         <input_file_ref idref="fl-34"/>
      </object_component>
      <object_component id="oc-2b5">
         <name>.debug_info</name>
         <load_address>0x10d91</load_address>
         <run_address>0x10d91</run_address>
         <size>0xcd</size>
         <input_file_ref idref="fl-34"/>
      </object_component>
      <object_component id="oc-7d">
         <name>.debug_info</name>
         <load_address>0x10e5e</load_address>
         <run_address>0x10e5e</run_address>
         <size>0x149</size>
         <input_file_ref idref="fl-35"/>
      </object_component>
      <object_component id="oc-1f5">
         <name>.debug_info</name>
         <load_address>0x10fa7</load_address>
         <run_address>0x10fa7</run_address>
         <size>0x146</size>
         <input_file_ref idref="fl-36"/>
      </object_component>
      <object_component id="oc-54">
         <name>.debug_info</name>
         <load_address>0x110ed</load_address>
         <run_address>0x110ed</run_address>
         <size>0x56d</size>
         <input_file_ref idref="fl-39"/>
      </object_component>
      <object_component id="oc-18">
         <name>.debug_info</name>
         <load_address>0x1165a</load_address>
         <run_address>0x1165a</run_address>
         <size>0x1cd</size>
         <input_file_ref idref="fl-39"/>
      </object_component>
      <object_component id="oc-4f">
         <name>.debug_info</name>
         <load_address>0x11827</load_address>
         <run_address>0x11827</run_address>
         <size>0x46</size>
         <input_file_ref idref="fl-39"/>
      </object_component>
      <object_component id="oc-c4">
         <name>.debug_info</name>
         <load_address>0x1186d</load_address>
         <run_address>0x1186d</run_address>
         <size>0x2c</size>
         <input_file_ref idref="fl-39"/>
      </object_component>
      <object_component id="oc-d7">
         <name>.debug_info</name>
         <load_address>0x11899</load_address>
         <run_address>0x11899</run_address>
         <size>0x59e</size>
         <input_file_ref idref="fl-3a"/>
      </object_component>
      <object_component id="oc-59">
         <name>.debug_info</name>
         <load_address>0x11e37</load_address>
         <run_address>0x11e37</run_address>
         <size>0x255</size>
         <input_file_ref idref="fl-3a"/>
      </object_component>
      <object_component id="oc-21">
         <name>.debug_info</name>
         <load_address>0x1208c</load_address>
         <run_address>0x1208c</run_address>
         <size>0x1b2</size>
         <input_file_ref idref="fl-3a"/>
      </object_component>
      <object_component id="oc-5c">
         <name>.debug_info</name>
         <load_address>0x1223e</load_address>
         <run_address>0x1223e</run_address>
         <size>0x46</size>
         <input_file_ref idref="fl-3a"/>
      </object_component>
      <object_component id="oc-1df">
         <name>.debug_info</name>
         <load_address>0x12284</load_address>
         <run_address>0x12284</run_address>
         <size>0x39</size>
         <input_file_ref idref="fl-3a"/>
      </object_component>
      <object_component id="oc-d8">
         <name>.debug_info</name>
         <load_address>0x122bd</load_address>
         <run_address>0x122bd</run_address>
         <size>0x2c</size>
         <input_file_ref idref="fl-3a"/>
      </object_component>
      <object_component id="oc-387">
         <name>.debug_info</name>
         <load_address>0x122e9</load_address>
         <run_address>0x122e9</run_address>
         <size>0x58b</size>
         <input_file_ref idref="fl-3b"/>
      </object_component>
      <object_component id="oc-306">
         <name>.debug_info</name>
         <load_address>0x12874</load_address>
         <run_address>0x12874</run_address>
         <size>0x1f2</size>
         <input_file_ref idref="fl-3b"/>
      </object_component>
      <object_component id="oc-23f">
         <name>.debug_info</name>
         <load_address>0x12a66</load_address>
         <run_address>0x12a66</run_address>
         <size>0x147</size>
         <input_file_ref idref="fl-3c"/>
      </object_component>
      <object_component id="oc-377">
         <name>.debug_info</name>
         <load_address>0x12bad</load_address>
         <run_address>0x12bad</run_address>
         <size>0x7f</size>
         <input_file_ref idref="fl-3c"/>
      </object_component>
      <object_component id="oc-450">
         <name>.debug_info</name>
         <load_address>0x12c2c</load_address>
         <run_address>0x12c2c</run_address>
         <size>0x53</size>
         <input_file_ref idref="fl-3c"/>
      </object_component>
      <object_component id="oc-3ea">
         <name>.debug_info</name>
         <load_address>0x12c7f</load_address>
         <run_address>0x12c7f</run_address>
         <size>0x2c</size>
         <input_file_ref idref="fl-3c"/>
      </object_component>
      <object_component id="oc-3e5">
         <name>.debug_info</name>
         <load_address>0x12cab</load_address>
         <run_address>0x12cab</run_address>
         <size>0x39</size>
         <input_file_ref idref="fl-3c"/>
      </object_component>
      <object_component id="oc-389">
         <name>.debug_info</name>
         <load_address>0x12ce4</load_address>
         <run_address>0x12ce4</run_address>
         <size>0x58b</size>
         <input_file_ref idref="fl-3d"/>
      </object_component>
      <object_component id="oc-30b">
         <name>.debug_info</name>
         <load_address>0x1326f</load_address>
         <run_address>0x1326f</run_address>
         <size>0x1cb</size>
         <input_file_ref idref="fl-3d"/>
      </object_component>
      <object_component id="oc-246">
         <name>.debug_info</name>
         <load_address>0x1343a</load_address>
         <run_address>0x1343a</run_address>
         <size>0x141</size>
         <input_file_ref idref="fl-3e"/>
      </object_component>
      <object_component id="oc-2e5">
         <name>.debug_info</name>
         <load_address>0x1357b</load_address>
         <run_address>0x1357b</run_address>
         <size>0x246</size>
         <input_file_ref idref="fl-3f"/>
      </object_component>
      <object_component id="oc-3ef">
         <name>.debug_info</name>
         <load_address>0x137c1</load_address>
         <run_address>0x137c1</run_address>
         <size>0x60</size>
         <input_file_ref idref="fl-3f"/>
      </object_component>
      <object_component id="oc-37c">
         <name>.debug_info</name>
         <load_address>0x13821</load_address>
[...]
      </symbol>
      <symbol id="sm-8">
         <name>__TI_STACK_END</name>
         <value>0x11f01040</value>
      </symbol>
      <symbol id="sm-9">
         <name>__TI_SYSMEM_SIZE</name>
         <value>0x1000</value>
      </symbol>
      <symbol id="sm-a">
         <name>__c_args__</name>
         <value>0xffffffff</value>
      </symbol>
      <symbol id="sm-b">
         <name>__TI_pprof_out_hndl</name>
         <value>0xffffffff</value>
      </symbol>
      <symbol id="sm-c">
         <name>__TI_prof_data_start</name>
         <value>0xffffffff</value>
      </symbol>
      <symbol id="sm-d">
         <name>__TI_prof_data_size</name>
         <value>0xffffffff</value>
      </symbol>
      <symbol id="sm-f6">
         <name>DAC_trigSrc</name>
         <value>0x118084a0</value>
      </symbol>
      <symbol id="sm-f7">
         <name>ADC_config</name>
         <value>0xc0000bb4</value>
         <object_component_ref idref="oc-9f"/>
      </symbol>
      <symbol id="sm-f8">
         <name>DAC_stop</name>
         <value>0xc0000000</value>
         <object_component_ref idref="oc-9f"/>
      </symbol>
      <symbol id="sm-f9">
         <name>DAC_config</name>
         <value>0xc0000340</value>
         <object_component_ref idref="oc-9f"/>
      </symbol>
      <symbol id="sm-fa">
         <name>ADC_stop</name>
         <value>0xc0000b20</value>
         <object_component_ref idref="oc-9f"/>
      </symbol>
      <symbol id="sm-fb">
         <name>ADC_start</name>
         <value>0xc0000b6c</value>
         <object_component_ref idref="oc-9f"/>
      </symbol>
      <symbol id="sm-fc">
         <name>DAC_start</name>
         <value>0xc000018c</value>
         <object_component_ref idref="oc-9f"/>
      </symbol>
      <symbol id="sm-15c">
         <name>I2C_globals</name>
         <value>0x11808c40</value>
      </symbol>
      <symbol id="sm-15d">
         <name>I2C_init</name>
         <value>0xc00013c0</value>
         <object_component_ref idref="oc-99"/>
      </symbol>
      <symbol id="sm-15e">
         <name>I2C_read</name>
         <value>0x11803708</value>
         <object_component_ref idref="oc-179"/>
      </symbol>
      <symbol id="sm-15f">
         <name>I2C_writeRead</name>
         <value>0x118034e0</value>
         <object_component_ref idref="oc-179"/>
      </symbol>
      <symbol id="sm-160">
         <name>I2C_write</name>
         <value>0x118035c4</value>
         <object_component_ref idref="oc-179"/>
      </symbol>
      <symbol id="sm-161">
         <name>i2cRegs</name>
         <value>0x118084a8</value>
         <object_component_ref idref="oc-81"/>
      </symbol>
      <symbol id="sm-162">
         <name>I2C_int</name>
         <value>0x11e00200</value>
         <object_component_ref idref="oc-30"/>
      </symbol>
      <symbol id="sm-163">
         <name>I2C_recover</name>
         <value>0x11803684</value>
         <object_component_ref idref="oc-179"/>
      </symbol>
      <symbol id="sm-1cc">
         <name>idx</name>
         <value>0x118084a4</value>
      </symbol>
      <symbol id="sm-1cd">
         <name>dacInt</name>
         <value>0x11805ac0</value>
         <object_component_ref idref="oc-3d"/>
      </symbol>
      <symbol id="sm-1ce">
         <name>INT_sel</name>
         <value>0x80002238</value>
      </symbol>
      <symbol id="sm-1cf">
         <name>adcInt</name>
         <value>0x11805b38</value>
         <object_component_ref idref="oc-3d"/>
      </symbol>
      <symbol id="sm-1d0">
         <name>INT_init</name>
         <value>0x80002200</value>
      </symbol>
      <symbol id="sm-1d1">
         <name>INT_start</name>
         <value>0x800022f4</value>
      </symbol>
      <symbol id="sm-1d2">
         <name>main</name>
         <value>0x11804484</value>
         <object_component_ref idref="oc-37"/>
      </symbol>
      <symbol id="sm-1d3">
         <name>INT_vectorTable</name>
         <value>0x11e00000</value>
      </symbol>
      <symbol id="sm-1d4">
         <name>PRU_addaRegs</name>
         <value>0x118084ac</value>
         <object_component_ref idref="oc-b9"/>
      </symbol>
      <symbol id="sm-1d5">
         <name>INT_instFunc</name>
         <value>0x80002294</value>
      </symbol>
      <symbol id="sm-1d6">
         <name>UNIDAQ2_init</name>
         <value>0x80001180</value>
      </symbol>
      <symbol id="sm-1d7">
         <name>System_puts</name>
         <value>0x11804460</value>
         <object_component_ref idref="oc-37"/>
      </symbol>
      <symbol id="sm-1d8">
         <name>PRU_addaCode</name>
         <value>0xc0001580</value>
         <object_component_ref idref="oc-af"/>
      </symbol>
      <symbol id="sm-1d9">
         <name>sData</name>
         <value>0x11f01040</value>
         <object_component_ref idref="oc-b6"/>
      </symbol>
      <symbol id="sm-1f8">
         <name>PRU_run</name>
         <value>0xc0001240</value>
         <object_component_ref idref="oc-a5"/>
      </symbol>
      <symbol id="sm-1f9">
         <name>PRU_halt</name>
         <value>0xc0001384</value>
         <object_component_ref idref="oc-a5"/>
      </symbol>
      <symbol id="sm-1fa">
         <name>PRU_init</name>
         <value>0xc0001300</value>
         <object_component_ref idref="oc-a5"/>
      </symbol>
      <symbol id="sm-1fb">
         <name>PRU_load</name>
         <value>0xc00012c0</value>
         <object_component_ref idref="oc-a5"/>
      </symbol>
      <symbol id="sm-226">
         <name>printf</name>
         <value>0x118062c0</value>
         <object_component_ref idref="oc-8d"/>
      </symbol>
      <symbol id="sm-440">
         <name>__TI_printfi</name>
         <value>0x11800000</value>
         <object_component_ref idref="oc-156"/>
      </symbol>
      <symbol id="sm-465">
         <name>__TI_doflush</name>
         <value>0x11806960</value>
         <object_component_ref idref="oc-163"/>
      </symbol>
      <symbol id="sm-466">
         <name>fflush</name>
         <value>0x118058c0</value>
         <object_component_ref idref="oc-93"/>
      </symbol>
      <symbol id="sm-485">
         <name>putc</name>
         <value>0x11804820</value>
         <object_component_ref idref="oc-21c"/>
      </symbol>
      <symbol id="sm-486">
         <name>fputc</name>
         <value>0x11804820</value>
         <object_component_ref idref="oc-21c"/>
      </symbol>
      <symbol id="sm-4ba">
         <name>fputs</name>
         <value>0x118037e0</value>
         <object_component_ref idref="oc-223"/>
      </symbol>
      <symbol id="sm-4d0">
         <name>__TI_wrt_ok</name>
         <value>0x11805f40</value>
         <object_component_ref idref="oc-2c4"/>
      </symbol>
      <symbol id="sm-4ec">
         <name>setvbuf</name>
         <value>0x11804f20</value>
         <object_component_ref idref="oc-349"/>
      </symbol>
      <symbol id="sm-4fa">
         <name>__c6xabi_push_rts</name>
         <value>0x118072e0</value>
         <object_component_ref idref="oc-15e"/>
      </symbol>
      <symbol id="sm-4fb">
         <name>__pop_rts</name>
         <value>0x118072c0</value>
         <object_component_ref idref="oc-169"/>
      </symbol>
      <symbol id="sm-4fc">
         <name>__c6xabi_pop_rts</name>
         <value>0x118072c0</value>
         <object_component_ref idref="oc-169"/>
      </symbol>
      <symbol id="sm-4fd">
         <name>__push_rts</name>
         <value>0x118072e0</value>
         <object_component_ref idref="oc-15e"/>
      </symbol>
      <symbol id="sm-506">
         <name>__c6xabi_divu</name>
         <value>0x118065e0</value>
         <object_component_ref idref="oc-173"/>
      </symbol>
      <symbol id="sm-507">
         <name>__divu</name>
         <value>0x118065e0</value>
         <object_component_ref idref="oc-173"/>
      </symbol>
      <symbol id="sm-511">
         <name>memcpy</name>
         <value>0x11806be0</value>
         <object_component_ref idref="oc-49"/>
      </symbol>
      <symbol id="sm-51b">
         <name>__remu</name>
         <value>0x11806a00</value>
         <object_component_ref idref="oc-17f"/>
      </symbol>
      <symbol id="sm-51c">
         <name>__c6xabi_remu</name>
         <value>0x11806a00</value>
         <object_component_ref idref="oc-17f"/>
      </symbol>
      <symbol id="sm-533">
         <name>_c_int00</name>
         <value>0x11806e20</value>
         <object_component_ref idref="oc-24"/>
      </symbol>
      <symbol id="sm-534">
         <name>_stack</name>
         <value>0x11f00040</value>
         <object_component_ref idref="oc-43"/>
      </symbol>
      <symbol id="sm-545">
         <name>__c6xabi_divul</name>
         <value>0x11804660</value>
         <object_component_ref idref="oc-2d9"/>
      </symbol>
      <symbol id="sm-561">
         <name>_subcull</name>
         <value>0x11806fe0</value>
         <object_component_ref idref="oc-360"/>
      </symbol>
      <symbol id="sm-562">
         <name>__c6xabi_divull</name>
         <value>0x11804000</value>
         <object_component_ref idref="oc-2d3"/>
      </symbol>
      <symbol id="sm-582">
         <name>__c6xabi_llshru</name>
         <value>0x11806f80</value>
         <object_component_ref idref="oc-366"/>
      </symbol>
      <symbol id="sm-583">
         <name>__c6xabi_llshl</name>
         <value>0x11806da0</value>
         <object_component_ref idref="oc-35a"/>
      </symbol>
      <symbol id="sm-593">
         <name>memset</name>
         <value>0x118061e0</value>
         <object_component_ref idref="oc-d0"/>
      </symbol>
      <symbol id="sm-5b8">
         <name>__TI_auto_init_nobinit_nopinit</name>
         <value>0x11806520</value>
         <object_component_ref idref="oc-f2"/>
      </symbol>
      <symbol id="sm-5c1">
         <name>_system_pre_init</name>
         <value>0x118073a0</value>
         <object_component_ref idref="oc-79"/>
      </symbol>
      <symbol id="sm-5ca">
         <name>_system_post_cinit</name>
         <value>0x11807380</value>
         <object_component_ref idref="oc-1f1"/>
      </symbol>
      <symbol id="sm-5e3">
         <name>__TI_decompress_none</name>
         <value>0x118073e0</value>
         <object_component_ref idref="oc-17"/>
      </symbol>
      <symbol id="sm-60e">
         <name>__TI_decompress_rle24</name>
         <value>0x11807400</value>
         <object_component_ref idref="oc-1d"/>
      </symbol>
      <symbol id="sm-622">
         <name>frexpl</name>
         <value>0x118049e0</value>
         <object_component_ref idref="oc-304"/>
      </symbol>
      <symbol id="sm-623">
         <name>frexp</name>
         <value>0x118049e0</value>
         <object_component_ref idref="oc-304"/>
      </symbol>
      <symbol id="sm-640">
         <name>__c6xabi_isinf</name>
         <value>0x118071a0</value>
         <object_component_ref idref="oc-23c"/>
      </symbol>
      <symbol id="sm-655">
         <name>scalbn</name>
         <value>0x11804ba0</value>
         <object_component_ref idref="oc-30a"/>
      </symbol>
      <symbol id="sm-656">
         <name>scalbnl</name>
         <value>0x11804ba0</value>
         <object_component_ref idref="oc-30a"/>
      </symbol>
      <symbol id="sm-657">
         <name>ldexpl</name>
         <value>0x11804ba0</value>
         <object_component_ref idref="oc-30a"/>
      </symbol>
      <symbol id="sm-658">
         <name>ldexp</name>
         <value>0x11804ba0</value>
         <object_component_ref idref="oc-30a"/>
      </symbol>
      <symbol id="sm-661">
         <name>_signbit</name>
         <value>0x11807360</value>
         <object_component_ref idref="oc-242"/>
      </symbol>
      <symbol id="sm-680">
         <name>__c6xabi_divd</name>
         <value>0x11802720</value>
         <object_component_ref idref="oc-2e3"/>
      </symbol>
      <symbol id="sm-693">
         <name>__TI_frcmpyd_div</name>
         <value>0x11807160</value>
         <object_component_ref idref="oc-370"/>
      </symbol>
      <symbol id="sm-6b4">
         <name>C$$EXIT</name>
         <value>0x118073c0</value>
         <object_component_ref idref="oc-e9"/>
      </symbol>
      <symbol id="sm-6b5">
         <name>abort</name>
         <value>0x118073c0</value>
         <object_component_ref idref="oc-e9"/>
      </symbol>
      <symbol id="sm-6b6">
         <name>exit</name>
         <value>0x11806100</value>
         <object_component_ref idref="oc-73"/>
      </symbol>
      <symbol id="sm-6b7">
         <name>__TI_dtors_ptr</name>
         <value>0x11808adc</value>
         <object_component_ref idref="oc-e6"/>
      </symbol>
      <symbol id="sm-6b8">
         <name>__TI_cleanup_ptr</name>
         <value>0x11808ad8</value>
         <object_component_ref idref="oc-e6"/>
      </symbol>
      <symbol id="sm-6b9">
         <name>__TI_enable_exit_profile_output</name>
         <value>0x11808ae0</value>
         <object_component_ref idref="oc-e6"/>
      </symbol>
      <symbol id="sm-724">
         <name>_sys_memory</name>
         <value>0x118074a0</value>
         <object_component_ref idref="oc-46"/>
      </symbol>
      <symbol id="sm-725">
         <name>free</name>
         <value>0x11803120</value>
         <object_component_ref idref="oc-3b5"/>
      </symbol>
      <symbol id="sm-726">
         <name>malloc</name>
         <value>0x11804d60</value>
         <object_component_ref idref="oc-3bb"/>
      </symbol>
      <symbol id="sm-73c">
         <name>_nop</name>
         <value>0x11807300</value>
         <object_component_ref idref="oc-211"/>
      </symbol>
      <symbol id="sm-73d">
         <name>_lock</name>
         <value>0x11808aec</value>
         <object_component_ref idref="oc-144"/>
      </symbol>
      <symbol id="sm-73e">
         <name>_unlock</name>
         <value>0x11808af0</value>
         <object_component_ref idref="oc-147"/>
      </symbol>
      <symbol id="sm-74e">
         <name>__TI_ltoa</name>
         <value>0x11805e60</value>
         <object_component_ref idref="oc-2e9"/>
      </symbol>
      <symbol id="sm-760">
         <name>_args_main</name>
         <value>0x11807220</value>
         <object_component_ref idref="oc-6d"/>
      </symbol>
      <symbol id="sm-774">
         <name>atoi</name>
         <value>0x118057c0</value>
         <object_component_ref idref="oc-22a"/>
      </symbol>
      <symbol id="sm-77e">
         <name>_ctypes_</name>
         <value>0x118086b8</value>
         <object_component_ref idref="oc-2ce"/>
      </symbol>
      <symbol id="sm-78e">
         <name>__TI_tmpnams</name>
         <value>0x11808b00</value>
      </symbol>
      <symbol id="sm-78f">
         <name>_ftable</name>
         <value>0x118087e0</value>
         <object_component_ref idref="oc-ab"/>
      </symbol>
      <symbol id="sm-790">
         <name>__TI_ft_end</name>
         <value>0x11808af4</value>
         <object_component_ref idref="oc-16e"/>
      </symbol>
      <symbol id="sm-7a1">
         <name>memccpy</name>
         <value>0x118070a0</value>
         <object_component_ref idref="oc-260"/>
      </symbol>
      <symbol id="sm-7c4">
         <name>_stream</name>
         <value>0x118089c0</value>
         <object_component_ref idref="oc-32b"/>
      </symbol>
      <symbol id="sm-7c5">
         <name>_device</name>
         <value>0x11808a60</value>
         <object_component_ref idref="oc-39c"/>
      </symbol>
      <symbol id="sm-7c6">
         <name>write</name>
         <value>0x11807100</value>
         <object_component_ref idref="oc-292"/>
      </symbol>
      <symbol id="sm-7df">
         <name>__TI_tls_init</name>
         <value>0x11806760</value>
         <object_component_ref idref="oc-1f7"/>
      </symbol>
      <symbol id="sm-7f1">
         <name>__errno</name>
         <value>0x11808af8</value>
         <object_component_ref idref="oc-31a"/>
      </symbol>
      <symbol id="sm-7f2">
         <name>errno</name>
         <value>0x11808af8</value>
         <object_component_ref idref="oc-31a"/>
      </symbol>
      <symbol id="sm-7f3">
         <name>__c6xabi_errno_addr</name>
         <value>0x118072a0</value>
         <object_component_ref idref="oc-26c"/>
      </symbol>
      <symbol id="sm-80d">
         <name>wcslen</name>
         <value>0x11807260</value>
         <object_component_ref idref="oc-266"/>
      </symbol>
      <symbol id="sm-81b">
         <name>__TI_cleanup</name>
         <value>0x118068c0</value>
         <object_component_ref idref="oc-3c1"/>
      </symbol>
      <symbol id="sm-833">
         <name>fseek</name>
         <value>0x118059c0</value>
         <object_component_ref idref="oc-343"/>
      </symbol>
      <symbol id="sm-843">
         <name>lseek</name>
         <value>0x11807040</value>
         <object_component_ref idref="oc-3ad"/>
      </symbol>
      <symbol id="sm-854">
         <name>HOSTclose</name>
         <value>0x11806820</value>
         <object_component_ref idref="oc-400"/>
      </symbol>
      <symbol id="sm-864">
         <name>HOSTlseek</name>
         <value>0x11805bc0</value>
         <object_component_ref idref="oc-412"/>
      </symbol>
      <symbol id="sm-878">
         <name>parmbuf</name>
         <value>0x11808c58</value>
      </symbol>
      <symbol id="sm-879">
         <name>HOSTopen</name>
         <value>0x11805ca0</value>
         <object_component_ref idref="oc-3fa"/>
      </symbol>
      <symbol id="sm-889">
         <name>HOSTread</name>
         <value>0x118063a0</value>
         <object_component_ref idref="oc-406"/>
      </symbol>
      <symbol id="sm-8a7">
         <name>HOSTrename</name>
         <value>0x118050e0</value>
         <object_component_ref idref="oc-41e"/>
      </symbol>
      <symbol id="sm-8ba">
         <name>HOSTunlink</name>
         <value>0x11806460</value>
         <object_component_ref idref="oc-418"/>
      </symbol>
      <symbol id="sm-8ca">
         <name>HOSTwrite</name>
         <value>0x11805d80</value>
         <object_component_ref idref="oc-40c"/>
      </symbol>
      <symbol id="sm-8f0">
         <name>__TI_readmsg</name>
         <value>0x11806d20</value>
         <object_component_ref idref="oc-45e"/>
      </symbol>
      <symbol id="sm-8f1">
         <name>C$$IO$$</name>
         <value>0x11806f78</value>
         <object_component_ref idref="oc-458"/>
      </symbol>
      <symbol id="sm-8f2">
         <name>__CIOBUF_</name>
         <value>0xc00019f0</value>
         <object_component_ref idref="oc-488"/>
      </symbol>
      <symbol id="sm-8f3">
         <name>__TI_writemsg</name>
         <value>0x11806f20</value>
         <object_component_ref idref="oc-458"/>
      </symbol>
      <symbol id="sm-90c">
         <name>__TI_closefile</name>
         <value>0x118054c0</value>
         <object_component_ref idref="oc-43b"/>
      </symbol>
      <symbol id="sm-936">
         <name>finddevice</name>
         <value>0x11806b40</value>
         <object_component_ref idref="oc-4ac"/>
      </symbol>
      <symbol id="sm-937">
         <name>getdevice</name>
         <value>0x118053a0</value>
         <object_component_ref idref="oc-49c"/>
      </symbol>
      <symbol id="sm-949">
         <name>close</name>
         <value>0x11806020</value>
         <object_component_ref idref="oc-477"/>
      </symbol>
      <symbol id="sm-95a">
         <name>unlink</name>
         <value>0x11806ea0</value>
         <object_component_ref idref="oc-47d"/>
      </symbol>
      <symbol id="sm-95b">
         <name>__TI_STATIC_BASE</name>
         <value>0x118084a0</value>
      </symbol>
      <symbol id="sm-95f">
         <name>__TI_TLS_INIT_Base</name>
         <value>0x0</value>
      </symbol>
      <symbol id="sm-960">
         <name>__TI_TLS_INIT_Limit</name>
         <value>0x0</value>
      </symbol>
      <symbol id="sm-961">
         <name>remove</name>
         <value>0x11806ea0</value>
      </symbol>
   </symbol_table>
   <title>Link successful</title>
</link_info>
