******************************************************************************
               TMS320C6x Linker PC v8.3.12                     
******************************************************************************
>> Linked Tue Dec 12 10:14:02 2023

OUTPUT FILE NAME:   <adda_simple.out>
ENTRY POINT SYMBOL: "_c_int00"  address: 118073c0


MEMORY CONFIGURATION

         name            origin    length      used     unused   attr    fill
----------------------  --------  ---------  --------  --------  ----  --------
  L2RAM                 11800000   00040000  00009f1c  000360e4  RWIX
  L1PRAM                11e00200   00003e00  00000200  00003c00  RWIX
  L1DRAM                11f00040   00003fc0  00001020  00002fa0  RWIX
  SHAREDRAM             80002400   0001dc00  00000000  0001dc00  RWIX
  SDRAM                 c0000000   04000000  00001cf8  03ffe308  RWIX


SEGMENT ALLOCATION MAP

run origin  load origin   length   init length attrs members
----------  ----------- ---------- ----------- ----- -------
11800000    11800000    00007aa0   00007aa0    r-x
  11800000    11800000    00007aa0   00007aa0    r-x .text
11807aa0    11807aa0    000020f0   00000000    rw-
  11807aa0    11807aa0    00001000   00000000    rw- .sysmem
  11808aa0    11808aa0    00000c94   00000000    rw- .far
  11809738    11809738    00000438   00000000    rw- .fardata
  11809b70    11809b70    0000000c   00000000    rw- .bss
  11809b7c    11809b7c    00000014   00000000    rw- .neardata
11809b90    11809b90    00000390   00000390    r--
  11809b90    11809b90    00000330   00000330    r-- .const
  11809ec0    11809ec0    00000060   00000060    r-- .switch
11e00200    11e00200    00000200   00000200    r-x
  11e00200    11e00200    00000200   00000200    r-x .text_interrupt
11f00040    11f00040    00001020   00000000    rw-
  11f00040    11f00040    00001000   00000000    rw- .stack
  11f01040    11f01040    00000020   00000000    rw- .data_crit
c0000000    c0000000    000019f0   000019f0    r-x
  c0000000    c0000000    00001580   00001580    r-x .text_slow
  c0001580    c0001580    00000470   00000470    r-- .const_slow
c00019f0    c00019f0    00000120   00000000    rw-
  c00019f0    c00019f0    00000120   00000000    rw- .cio
c0001b10    c0001b10    000001e8   000001e8    r--
  c0001b10    c0001b10    000001e8   000001e8    r-- .cinit


SECTION ALLOCATION MAP

 output                                  attributes/
section   page    origin      length       input sections
--------  ----  ----------  ----------   ----------------
.text      0    11800000    00007aa0     
                  11800000    000020c0     rts6740_elf.lib : _printfi.c.obj (.text:__TI_printfi)
                  118020c0    00000660                     : _printfi.c.obj (.text:_pconv_a)
                  11802720    00000600                     : divd.c.obj (.text:__c6xabi_divd)
                  11802d20    000004e0     main_adda_Lab3.obj (.text:retain)
                  11803200    00000400     rts6740_elf.lib : _printfi.c.obj (.text:_pconv_g)
                  11803600    000003c0                     : memory.c.obj (.text:free)
                  118039c0    000003c0     main_adda_Lab3.obj (.text)
                  11803d80    00000300     i2c.obj (.text)
                  11804080    000002e0     rts6740_elf.lib : fputs.c.obj (.text:fputs)
                  11804360    000002a0                     : _printfi.c.obj (.text:_pconv_e)
                  11804600    000002a0                     : _printfi.c.obj (.text:fcvt)
                  118048a0    00000260                     : imath64.c.obj (.text:__c6xabi_divull)
                  11804b00    00000200                     : _printfi.c.obj (.text:_ltostr)
                  11804d00    000001c0                     : imath40.c.obj (.text:__c6xabi_divul)
                  11804ec0    000001c0                     : fputc.c.obj (.text:fputc)
                  11805080    000001c0                     : frexp.c.obj (.text:frexp)
                  11805240    000001c0                     : ldexp.c.obj (.text:ldexp)
                  11805400    000001c0                     : memory.c.obj (.text:malloc)
                  118055c0    000001c0                     : setvbuf.c.obj (.text:setvbuf)
                  11805780    000001a0                     : hostrename.c.obj (.text:HOSTrename)
                  11805920    00000120                     : _printfi.c.obj (.text:_pconv_f)
                  11805a40    00000120                     : getdevice.c.obj (.text:getdevice)
                  11805b60    00000100                     : fclose.c.obj (.text:__TI_closefile)
                  11805c60    00000100                     : copy_decompress_rle.c.obj (.text:__TI_decompress_rle_core)
                  11805d60    00000100                     : _printfi.c.obj (.text:_mcpy)
                  11805e60    00000100                     : atoi.c.obj (.text:atoi)
                  11805f60    00000100                     : fflush.c.obj (.text:fflush)
                  11806060    00000100                     : fseek.c.obj (.text:fseek)
                  11806160    000000e0                     : hostlseek.c.obj (.text:HOSTlseek)
                  11806240    000000e0                     : hostopen.c.obj (.text:HOSTopen)
                  11806320    000000e0                     : hostwrite.c.obj (.text:HOSTwrite)
                  11806400    000000e0                     : _ltoa.c.obj (.text:__TI_ltoa)
                  118064e0    000000e0                     : _io_perm.c.obj (.text:__TI_wrt_ok)
                  118065c0    000000e0                     : close.c.obj (.text:close)
                  118066a0    000000e0                     : exit.c.obj (.text:exit)
                  11806780    000000e0                     : memset.c.obj (.text:memset)
                  11806860    000000e0                     : printf.c.obj (.text:printf)
                  11806940    000000c0                     : hostread.c.obj (.text:HOSTread)
                  11806a00    000000c0                     : hostunlink.c.obj (.text:HOSTunlink)
                  11806ac0    000000c0                     : autoinit.c.obj (.text:__TI_auto_init_nobinit_nopinit:__TI_auto_init_nobinit_nopinit)
                  11806b80    000000c0                     : divu.asm.obj (.text:__divu)
                  11806c40    000000c0                     : memory.c.obj (.text:mremove)
                  11806d00    000000c0                     : tls.c.obj (.text:tls:init:__TI_tls_init)
                  11806dc0    000000a0                     : hostclose.c.obj (.text:HOSTclose)
                  11806e60    000000a0                     : fopen.c.obj (.text:__TI_cleanup)
                  11806f00    000000a0                     : fflush.c.obj (.text:__TI_doflush)
                  11806fa0    000000a0                     : remu.asm.obj (.text:__remu)
                  11807040    000000a0                     : _printfi.c.obj (.text:_ecpy)
                  118070e0    000000a0                     : getdevice.c.obj (.text:finddevice)
                  11807180    000000a0                     : memcpy64.asm.obj (.text:memcpy)
                  11807220    000000a0                     : memory.c.obj (.text:minsert)
                  118072c0    00000080                     : trgmsg.c.obj (.text:__TI_readmsg)
                  11807340    00000080                     : llshift.c.obj (.text:__c6xabi_llshl)
                  118073c0    00000080                     : boot.c.obj (.text:_c_int00)
                  11807440    00000080                     : unlink.c.obj (.text:unlink)
                  118074c0    00000060     FIR_filter_asm_sc.obj (.text)
                  11807520    00000060     rts6740_elf.lib : trgmsg.c.obj (.text:__TI_writemsg)
                  11807580    00000060                     : llshift.c.obj (.text:__c6xabi_llshru)
                  118075e0    00000060                     : imath64.c.obj (.text:_subcull)
                  11807640    00000060                     : lseek.c.obj (.text:lseek)
                  118076a0    00000060                     : memccpy.c.obj (.text:memccpy)
                  11807700    00000060                     : write.c.obj (.text:write)
                  11807760    00000040                     : frcmpyd_div.c.obj (.text:__TI_frcmpyd_div)
                  118077a0    00000040                     : isinf.c.obj (.text:__c6xabi_isinf)
                  118077e0    00000040                     : _printfi.c.obj (.text:__c6xabi_isnan)
                  11807820    00000040                     : args_main.c.obj (.text:_args_main)
                  11807860    00000040                     : wcslen.c.obj (.text:wcslen)
                  118078a0    00000020                     : errno.c.obj (.text:__c6xabi_errno_addr)
                  118078c0    00000020                     : push.asm.obj (.text:__pop_rts)
                  118078e0    00000020                     : push.asm.obj (.text:__push_rts)
                  11807900    00000020                     : _lock.c.obj (.text:_nop)
                  11807920    00000020                     : printf.c.obj (.text:_outc)
                  11807940    00000020                     : printf.c.obj (.text:_outs)
                  11807960    00000020                     : signbit.c.obj (.text:_signbit)
                  11807980    00000020                     : startup.c.obj (.text:_system_post_cinit)
                  118079a0    00000020                     : pre_init.c.obj (.text:_system_pre_init)
                  118079c0    00000020                     : exit.c.obj (.text:abort)
                  118079e0    00000020                     : copy_decompress_none.c.obj (.text:decompress:none:__TI_decompress_none)
                  11807a00    00000020                     : copy_decompress_rle.c.obj (.text:decompress:rle24:__TI_decompress_rle24)
                  11807a20    00000010     adda.obj ($Tramp$S$$ADC_start)
                  11807a30    00000010     adda.obj ($Tramp$S$$DAC_start)
                  11807a40    00000010     pru.obj ($Tramp$S$$PRU_run)
                  11807a50    00000010     pru.obj ($Tramp$S$$PRU_load)
                  11807a60    00000010     pru.obj ($Tramp$S$$PRU_init)
                  11807a70    00000010     adda.obj ($Tramp$S$$DAC_config)
                  11807a80    00000010     adda.obj ($Tramp$S$$ADC_config)
                  11807a90    00000010     i2c.obj ($Tramp$S$$I2C_init)

.sysmem    0    11807aa0    00001000     UNINITIALIZED
                  11807aa0    00000008     rts6740_elf.lib : memory.c.obj (.sysmem)
                  11807aa8    00000ff8     --HOLE--

.far       0    11808aa0    00000c94     UNINITIALIZED
                  11808aa0    000007d0     (.common:buffer)
                  11809270    00000200     (.common:ringbuf)
                  11809470    00000140     (.common:__TI_tmpnams)
                  118095b0    000000ea     (.common:H_filt_Kernel)
                  1180969a    00000002     --HOLE--
                  1180969c    00000014     (.common:I2C_globals)
                  118096b0    0000000a     (.common:H_filt_poly_40_Dec)
                  118096ba    00000006     --HOLE--
                  118096c0    0000000a     (.common:H_filt_poly_40_Int)
                  118096ca    00000006     --HOLE--
                  118096d0    0000000a     (.common:H_filt_poly_41_Dec)
                  118096da    00000006     --HOLE--
                  118096e0    0000000a     (.common:H_filt_poly_41_Int)
                  118096ea    00000006     --HOLE--
                  118096f0    0000000a     (.common:H_filt_poly_42_Dec)
                  118096fa    00000006     --HOLE--
                  11809700    0000000a     (.common:H_filt_poly_42_Int)
                  1180970a    00000006     --HOLE--
                  11809710    00000008     (.common:H_filt_poly_43_Dec)
                  11809718    00000008     (.common:H_filt_poly_43_Int)
                  11809720    00000008     (.common:decData)
                  11809728    00000008     (.common:parmbuf)
                  11809730    00000004     (.common:sDataOut)

.fardata   0    11809738    00000438     UNINITIALIZED
                  11809738    000001e0     rts6740_elf.lib : defs.c.obj (.fardata:_ftable)
                  11809918    000000ea     main_adda_Lab3.obj (.fardata:b_Kernel)
                  11809a02    00000002     --HOLE--
                  11809a04    00000004     rts6740_elf.lib : _lock.c.obj (.fardata:_lock)
                  11809a08    000000a0                     : write.c.obj (.fardata:_stream)
                  11809aa8    00000078                     : write.c.obj (.fardata:_device)
                  11809b20    0000000c                     : exit.c.obj (.fardata)
                  11809b2c    00000004                     : _lock.c.obj (.fardata:_unlock)
                  11809b30    0000000a     main_adda_Lab3.obj (.fardata:b_poly_40_Dec_Int)
                  11809b3a    00000002     --HOLE--
                  11809b3c    00000004     rts6740_elf.lib : defs.c.obj (.fardata)
                  11809b40    0000000a     main_adda_Lab3.obj (.fardata:b_poly_41_Dec_Int)
                  11809b4a    00000002     --HOLE--
                  11809b4c    00000004     rts6740_elf.lib : errno.c.obj (.fardata)
                  11809b50    0000000a     main_adda_Lab3.obj (.fardata:b_poly_42_Dec_Int)
                  11809b5a    00000006     --HOLE--
                  11809b60    00000008     main_adda_Lab3.obj (.fardata:b_poly_43_Dec_Int)
                  11809b68    00000008     rts6740_elf.lib : memory.c.obj (.fardata)

.bss       0    11809b70    0000000c     UNINITIALIZED
                  11809b70    00000004     (.common:DAC_trigSrc)
                  11809b74    00000002     (.common:idx)
                  11809b76    00000002     (.common:kernelOut)
                  11809b78    00000002     (.common:yDecOut)
                  11809b7a    00000002     (.common:yIntOut)

.neardata 
*          0    11809b7c    00000014     UNINITIALIZED
                  11809b7c    00000010     main_adda_Lab3.obj (.neardata)
                  11809b8c    00000004     i2c.obj (.neardata)

.rodata    0    11809b90    00000000     UNINITIALIZED

.const     0    11809b90    00000330     
                  11809b90    00000208     main_adda_Lab3.obj (.const:.string)
                  11809d98    00000101     rts6740_elf.lib : ctype.c.obj (.const:.string:_ctypes_)
                  11809e99    00000003     --HOLE-- [fill = 0]
                  11809e9c    00000024                     : _printfi.c.obj (.const:.string)

.switch    0    11809ec0    00000060     
                  11809ec0    00000038     rts6740_elf.lib : _printfi.c.obj (.switch:__TI_printfi)
                  11809ef8    00000018     i2c.obj (.switch:I2C_int)
                  11809f10    00000010     main_adda_Lab3.obj (.switch:adcInt)

.text_interrupt 
*          0    11e00200    00000200     
                  11e00200    00000200     i2c.obj (.text_interrupt:retain)

.stack     0    11f00040    00001000     UNINITIALIZED
                  11f00040    00000008     rts6740_elf.lib : boot.c.obj (.stack)
                  11f00048    00000ff8     --HOLE--

.cinit     0    c0001b10    000001e8     
                  c0001b10    00000186     (.cinit..fardata.load) [load image, compression = rle]
                  c0001c96    00000010     (.cinit..neardata.load) [load image, compression = rle]
                  c0001ca6    0000000b     (.cinit..far.load) [load image, compression = rle]
                  c0001cb1    00000009     (.cinit..bss.load) [load image, compression = rle]
                  c0001cba    00000009     (.cinit..data_crit.load) [load image, compression = rle]
                  c0001cc3    00000001     --HOLE-- [fill = 0]
                  c0001cc4    00000008     (__TI_handler_table)
                  c0001ccc    00000004     --HOLE-- [fill = 0]
                  c0001cd0    00000028     (__TI_cinit_table)

.init_array 
*          0    c0000000    00000000     UNINITIALIZED

.cio       0    c00019f0    00000120     UNINITIALIZED
                  c00019f0    00000120     rts6740_elf.lib : trgmsg.c.obj (.cio)

.data_crit 
*          0    11f01040    00000020     UNINITIALIZED
                  11f01040    00000020     main_adda_Lab3.obj (.data_crit)

.text_slow 
*          0    c0000000    00001580     
                  c0000000    00001240     adda.obj (.text_slow)
                  c0001240    00000180     pru.obj (.text_slow)
                  c00013c0    00000160     i2c.obj (.text_slow)
                  c0001520    00000010     i2c.obj ($Tramp$S$$I2C_writeRead)
                  c0001530    00000010     i2c.obj ($Tramp$S$$I2C_write)
                  c0001540    00000010     rts6740_elf.lib : remu.asm.obj ($Tramp$S$$__c6xabi_remu)
                  c0001550    00000010                     : divu.asm.obj ($Tramp$S$$__c6xabi_divu)
                  c0001560    00000010                     : memcpy64.asm.obj ($Tramp$S$$memcpy)
                  c0001570    00000010     --HOLE-- [fill = 00000000]

.const_slow 
*          0    c0001580    00000470     
                  c0001580    00000470     main_adda_Lab3.obj (.const_slow)

MODULE SUMMARY

       Module                       code    ro data   rw data
       ------                       ----    -------   -------
    .\
       main_adda_Lab3.obj           2208    1672      3162   
       adda.obj                     4736    0         4      
       i2c.obj                      1680    24        24     
       pru.obj                      432     0         0      
       FIR_filter_asm_sc.obj        96      0         0      
    +--+----------------------------+-------+---------+---------+
       Total:                       9152    1696      3190   
                                                             
    C:\ti\ccs1230\ccs\tools\compiler\ti-cgt-c6000_8.3.12\lib\rts6740_elf.lib
       _printfi.c.obj               13664   92        0      
       memory.c.obj                 1760    0         8      
       divd.c.obj                   1536    0         0      
       defs.c.obj                   0       0         804    
       fputs.c.obj                  736     0         0      
       imath64.c.obj                704     0         0      
       trgmsg.c.obj                 224     0         288    
       fputc.c.obj                  448     0         0      
       frexp.c.obj                  448     0         0      
       getdevice.c.obj              448     0         0      
       imath40.c.obj                448     0         0      
       ldexp.c.obj                  448     0         0      
       setvbuf.c.obj                448     0         0      
       fflush.c.obj                 416     0         0      
       hostrename.c.obj             416     0         0      
       write.c.obj                  96      0         280    
       copy_decompress_rle.c.obj    288     0         0      
       printf.c.obj                 288     0         0      
       exit.c.obj                   256     0         12     
       ctype.c.obj                  0       257       0      
       atoi.c.obj                   256     0         0      
       fclose.c.obj                 256     0         0      
       fseek.c.obj                  256     0         0      
       hostopen.c.obj               224     0         8      
       _io_perm.c.obj               224     0         0      
       _ltoa.c.obj                  224     0         0      
       close.c.obj                  224     0         0      
       hostlseek.c.obj              224     0         0      
       hostwrite.c.obj              224     0         0      
       llshift.c.obj                224     0         0      
       memset.c.obj                 224     0         0      
       divu.asm.obj                 208     0         0      
       autoinit.c.obj               192     0         0      
       hostread.c.obj               192     0         0      
       hostunlink.c.obj             192     0         0      
       tls.c.obj                    192     0         0      
       memcpy64.asm.obj             176     0         0      
       remu.asm.obj                 176     0         0      
       fopen.c.obj                  160     0         0      
       hostclose.c.obj              160     0         0      
       boot.c.obj                   128     0         0      
       unlink.c.obj                 128     0         0      
       lseek.c.obj                  96      0         0      
       memccpy.c.obj                96      0         0      
       args_main.c.obj              64      0         0      
       frcmpyd_div.c.obj            64      0         0      
       isinf.c.obj                  64      0         0      
       push.asm.obj                 64      0         0      
       wcslen.c.obj                 64      0         0      
       _lock.c.obj                  32      0         8      
       errno.c.obj                  32      0         4      
       copy_decompress_none.c.obj   32      0         0      
       pre_init.c.obj               32      0         0      
       signbit.c.obj                32      0         0      
       startup.c.obj                32      0         0      
    +--+----------------------------+-------+---------+---------+
       Total:                       28240   349       1412   
                                                             
       Heap:                        0       0         4096   
       Stack:                       0       0         4096   
       Linker Generated:            0       483       0      
    +--+----------------------------+-------+---------+---------+
       Grand Total:                 37392   2528      12794  


LINKER GENERATED COPY TABLES

__TI_cinit_table @ c0001cd0 records: 5, size/record: 8, table size: 40
	.fardata: load addr=c0001b10, load size=00000186 bytes, run addr=11809738, run size=00000438 bytes, compression=rle
	.neardata: load addr=c0001c96, load size=00000010 bytes, run addr=11809b7c, run size=00000014 bytes, compression=rle
	.far: load addr=c0001ca6, load size=0000000b bytes, run addr=11808aa0, run size=00000c94 bytes, compression=rle
	.bss: load addr=c0001cb1, load size=00000009 bytes, run addr=11809b70, run size=0000000c bytes, compression=rle
	.data_crit: load addr=c0001cba, load size=00000009 bytes, run addr=11f01040, run size=00000020 bytes, compression=rle


LINKER GENERATED HANDLER TABLE

__TI_handler_table @ c0001cc4 records: 2, size/record: 4, table size: 8
	index: 0, handler: __TI_decompress_rle24
	index: 1, handler: __TI_decompress_none


FAR CALL TRAMPOLINES

callee name               trampoline name
   callee addr  tramp addr   call addr  call info
--------------  -----------  ---------  ----------------
$.text_slow:adda.obj$0xb6c  $Tramp$S$$ADC_start
   c0000b6c     11807a20     11803ba8   main_adda_Lab3.obj (.text)
$.text_slow:adda.obj$0x18c  $Tramp$S$$DAC_start
   c000018c     11807a30     11803ba4   main_adda_Lab3.obj (.text)
$.text_slow:pru.obj$0x0   $Tramp$S$$PRU_run
   c0001240     11807a40     11803b88   main_adda_Lab3.obj (.text)
$.text_slow:pru.obj$0x80  $Tramp$S$$PRU_load
   c00012c0     11807a50     11803b78   main_adda_Lab3.obj (.text)
$.text_slow:pru.obj$0xc0  $Tramp$S$$PRU_init
   c0001300     11807a60     11803b6c   main_adda_Lab3.obj (.text)
$.text_slow:adda.obj$0x340  $Tramp$S$$DAC_config
   c0000340     11807a70     11803b60   main_adda_Lab3.obj (.text)
$.text_slow:adda.obj$0xbb4  $Tramp$S$$ADC_config
   c0000bb4     11807a80     11803b30   main_adda_Lab3.obj (.text)
$.text_slow:i2c.obj$0x0   $Tramp$S$$I2C_init
   c00013c0     11807a90     11803a68   main_adda_Lab3.obj (.text)
$.text:i2c.obj$0x0        $Tramp$S$$I2C_writeRead
   11803d80     c0001520     c0000064   adda.obj (.text_slow)
                             c0000100   adda.obj (.text_slow)
                             c00001f8   adda.obj (.text_slow)
                             c00002ac   adda.obj (.text_slow)
                             c0000390   adda.obj (.text_slow)
                             c0000438   adda.obj (.text_slow)
                             c00004cc   adda.obj (.text_slow)
                             c00006f0   adda.obj (.text_slow)
                             c0000c04   adda.obj (.text_slow)
                             c0000cb8   adda.obj (.text_slow)
                             c0000d50   adda.obj (.text_slow)
                             c0000fa4   adda.obj (.text_slow)
$.text:i2c.obj$0xe4       $Tramp$S$$I2C_write
   11803e64     c0001530     c00000b8   adda.obj (.text_slow)
                             c0000148   adda.obj (.text_slow)
                             c0000268   adda.obj (.text_slow)
                             c00002f4   adda.obj (.text_slow)
                             c00003f0   adda.obj (.text_slow)
                             c0000484   adda.obj (.text_slow)
                             c0000514   adda.obj (.text_slow)
                             c0000560   adda.obj (.text_slow)
                             c0000738   adda.obj (.text_slow)
                             c0000c70   adda.obj (.text_slow)
                             c0000d08   adda.obj (.text_slow)
                             c0000da4   adda.obj (.text_slow)
                             c0000df0   adda.obj (.text_slow)
                             c0000ff8   adda.obj (.text_slow)
$.text:__remu:rts6740_elf.lib<remu.asm.obj>$0x0  $Tramp$S$$__c6xabi_remu
   11806fa0     c0001540     c0000a08   adda.obj (.text_slow)
                             c0000aa8   adda.obj (.text_slow)
                             c0000e90   adda.obj (.text_slow)
                             c0000f28   adda.obj (.text_slow)
$.text:__divu:rts6740_elf.lib<divu.asm.obj>$0x0  $Tramp$S$$__c6xabi_divu
   11806b80     c0001550     c0000a18   adda.obj (.text_slow)
                             c0000a98   adda.obj (.text_slow)
                             c0000ea4   adda.obj (.text_slow)
                             c0000f18   adda.obj (.text_slow)
                             c00013d4   i2c.obj (.text_slow)
$.text:memcpy:rts6740_elf.lib<memcpy64.asm.obj>$0x0  $Tramp$S$$memcpy
   11807180     c0001560     c00012f0   pru.obj (.text_slow)

[13 trampolines]
[44 trampoline calls]


GLOBAL SYMBOLS: SORTED ALPHABETICALLY BY Name 

address   name                           
-------   ----                           
c0000bb4  ADC_config                     
c0000b6c  ADC_start                      
c0000b20  ADC_stop                       
118079c0  C$$EXIT                        
11807578  C$$IO$$                        
c0000340  DAC_config                     
c000018c  DAC_start                      
c0000000  DAC_stop                       
11809b70  DAC_trigSrc                    
118074c0  FIR_filter_sc                  
11806dc0  HOSTclose                      
11806160  HOSTlseek                      
11806240  HOSTopen                       
11806940  HOSTread                       
11805780  HOSTrename                     
11806a00  HOSTunlink                     
11806320  HOSTwrite                      
118095b0  H_filt_Kernel                  
118096b0  H_filt_poly_40_Dec             
118096c0  H_filt_poly_40_Int             
118096d0  H_filt_poly_41_Dec             
118096e0  H_filt_poly_41_Int             
118096f0  H_filt_poly_42_Dec             
11809700  H_filt_poly_42_Int             
11809710  H_filt_poly_43_Dec             
11809718  H_filt_poly_43_Int             
1180969c  I2C_globals                    
c00013c0  I2C_init                       
11e00200  I2C_int                        
11803fa8  I2C_read                       
11803f24  I2C_recover                    
11803e64  I2C_write                      
11803d80  I2C_writeRead                  
80002200  INT_init                       
80002294  INT_instFunc                   
80002238  INT_sel                        
800022f4  INT_start                      
11e00000  INT_vectorTable                
c0001580  PRU_addaCode                   
11809b7c  PRU_addaRegs                   
c0001384  PRU_halt                       
c0001300  PRU_init                       
c00012c0  PRU_load                       
c0001240  PRU_run                        
118039d4  System_puts                    
80001180  UNIDAQ2_init                   
c00019f0  __CIOBUF_                      
c0001cd0  __TI_CINIT_Base                
c0001cf8  __TI_CINIT_Limit               
c0001cc4  __TI_Handler_Table_Base        
c0001ccc  __TI_Handler_Table_Limit       
11f01040  __TI_STACK_END                 
00001000  __TI_STACK_SIZE                
11809b70  __TI_STATIC_BASE               
00001000  __TI_SYSMEM_SIZE               
UNDEFED   __TI_TLS_INIT_Base             
UNDEFED   __TI_TLS_INIT_Limit            
11806ac0  __TI_auto_init_nobinit_nopinit 
11806e60  __TI_cleanup                   
11809b20  __TI_cleanup_ptr               
11805b60  __TI_closefile                 
118079e0  __TI_decompress_none           
11807a00  __TI_decompress_rle24          
11806f00  __TI_doflush                   
11809b24  __TI_dtors_ptr                 
11809b28  __TI_enable_exit_profile_output
11807760  __TI_frcmpyd_div               
11809b3c  __TI_ft_end                    
11806400  __TI_ltoa                      
ffffffff  __TI_pprof_out_hndl            
11800000  __TI_printfi                   
ffffffff  __TI_prof_data_size            
ffffffff  __TI_prof_data_start           
118072c0  __TI_readmsg                   
11806d00  __TI_tls_init                  
11809470  __TI_tmpnams                   
11807520  __TI_writemsg                  
118064e0  __TI_wrt_ok                    
ffffffff  __binit__                      
11802720  __c6xabi_divd                  
11806b80  __c6xabi_divu                  
11804d00  __c6xabi_divul                 
118048a0  __c6xabi_divull                
118078a0  __c6xabi_errno_addr            
118077a0  __c6xabi_isinf                 
11807340  __c6xabi_llshl                 
11807580  __c6xabi_llshru                
118078c0  __c6xabi_pop_rts               
118078e0  __c6xabi_push_rts              
11806fa0  __c6xabi_remu                  
ffffffff  __c_args__                     
11806b80  __divu                         
11809b4c  __errno                        
118078c0  __pop_rts                      
118078e0  __push_rts                     
11806fa0  __remu                         
11807820  _args_main                     
118073c0  _c_int00                       
11809d98  _ctypes_                       
11809aa8  _device                        
11809738  _ftable                        
11809a04  _lock                          
11807900  _nop                           
11807960  _signbit                       
11f00040  _stack                         
11809a08  _stream                        
118075e0  _subcull                       
11807aa0  _sys_memory                    
11807980  _system_post_cinit             
118079a0  _system_pre_init               
11809b2c  _unlock                        
118079c0  abort                          
11802d98  adcInt                         
11805e60  atoi                           
11809918  b_Kernel                       
11809b30  b_poly_40_Dec_Int              
11809b40  b_poly_41_Dec_Int              
11809b50  b_poly_42_Dec_Int              
11809b60  b_poly_43_Dec_Int              
ffffffff  binit                          
11809b80  buffCount                      
11808aa0  buffer                         
118065c0  close                          
11802d20  dacInt                         
11809720  decData                        
11803cf0  dequeue                        
11803c64  enqueue                        
11809b4c  errno                          
118066a0  exit                           
11805f60  fflush                         
118070e0  finddevice                     
11804ec0  fputc                          
11804080  fputs                          
11803600  free                           
11805080  frexp                          
11805080  frexpl                         
11806060  fseek                          
11805a40  getdevice                      
11809b8c  i2cRegs                        
11809b74  idx                            
118039c0  initializeBuffer               
11803c4c  isBufferEmpty                  
11803be8  isBufferFull                   
11809b76  kernelOut                      
11805240  ldexp                          
11805240  ldexpl                         
11807640  lseek                          
118039f8  main                           
11805400  malloc                         
118076a0  memccpy                        
11807180  memcpy                         
11806780  memset                         
11809728  parmbuf                        
11806860  printf                         
11804ec0  putc                           
11809b82  rbOut                          
11807440  remove                         
11809270  ringbuf                        
11f01040  sData                          
11809730  sDataOut                       
11805240  scalbn                         
11805240  scalbnl                        
118055c0  setvbuf                        
11807440  unlink                         
11807860  wcslen                         
11807700  write                          
11809b78  yDecOut                        
11809b7a  yIntOut                        


GLOBAL SYMBOLS: SORTED BY Symbol Address 

address   name                           
-------   ----                           
00001000  __TI_STACK_SIZE                
00001000  __TI_SYSMEM_SIZE               
11800000  __TI_printfi                   
11802720  __c6xabi_divd                  
11802d20  dacInt                         
11802d98  adcInt                         
11803600  free                           
118039c0  initializeBuffer               
118039d4  System_puts                    
118039f8  main                           
11803be8  isBufferFull                   
11803c4c  isBufferEmpty                  
11803c64  enqueue                        
11803cf0  dequeue                        
11803d80  I2C_writeRead                  
11803e64  I2C_write                      
11803f24  I2C_recover                    
11803fa8  I2C_read                       
11804080  fputs                          
118048a0  __c6xabi_divull                
11804d00  __c6xabi_divul                 
11804ec0  fputc                          
11804ec0  putc                           
11805080  frexp                          
11805080  frexpl                         
11805240  ldexp                          
11805240  ldexpl                         
11805240  scalbn                         
11805240  scalbnl                        
11805400  malloc                         
118055c0  setvbuf                        
11805780  HOSTrename                     
11805a40  getdevice                      
11805b60  __TI_closefile                 
11805e60  atoi                           
11805f60  fflush                         
11806060  fseek                          
11806160  HOSTlseek                      
11806240  HOSTopen                       
11806320  HOSTwrite                      
11806400  __TI_ltoa                      
118064e0  __TI_wrt_ok                    
118065c0  close                          
118066a0  exit                           
11806780  memset                         
11806860  printf                         
11806940  HOSTread                       
11806a00  HOSTunlink                     
11806ac0  __TI_auto_init_nobinit_nopinit 
11806b80  __c6xabi_divu                  
11806b80  __divu                         
11806d00  __TI_tls_init                  
11806dc0  HOSTclose                      
11806e60  __TI_cleanup                   
11806f00  __TI_doflush                   
11806fa0  __c6xabi_remu                  
11806fa0  __remu                         
118070e0  finddevice                     
11807180  memcpy                         
118072c0  __TI_readmsg                   
11807340  __c6xabi_llshl                 
118073c0  _c_int00                       
11807440  remove                         
11807440  unlink                         
118074c0  FIR_filter_sc                  
11807520  __TI_writemsg                  
11807578  C$$IO$$                        
11807580  __c6xabi_llshru                
118075e0  _subcull                       
11807640  lseek                          
118076a0  memccpy                        
11807700  write                          
11807760  __TI_frcmpyd_div               
118077a0  __c6xabi_isinf                 
11807820  _args_main                     
11807860  wcslen                         
118078a0  __c6xabi_errno_addr            
118078c0  __c6xabi_pop_rts               
118078c0  __pop_rts                      
118078e0  __c6xabi_push_rts              
118078e0  __push_rts                     
11807900  _nop                           
11807960  _signbit                       
11807980  _system_post_cinit             
118079a0  _system_pre_init               
118079c0  C$$EXIT                        
118079c0  abort                          
118079e0  __TI_decompress_none           
11807a00  __TI_decompress_rle24          
11807aa0  _sys_memory                    
11808aa0  buffer                         
11809270  ringbuf                        
11809470  __TI_tmpnams                   
118095b0  H_filt_Kernel                  
1180969c  I2C_globals                    
118096b0  H_filt_poly_40_Dec             
118096c0  H_filt_poly_40_Int             
118096d0  H_filt_poly_41_Dec             
118096e0  H_filt_poly_41_Int             
118096f0  H_filt_poly_42_Dec             
11809700  H_filt_poly_42_Int             
11809710  H_filt_poly_43_Dec             
11809718  H_filt_poly_43_Int             
11809720  decData                        
11809728  parmbuf                        
11809730  sDataOut                       
11809738  _ftable                        
11809918  b_Kernel                       
11809a04  _lock                          
11809a08  _stream                        
11809aa8  _device                        
11809b20  __TI_cleanup_ptr               
11809b24  __TI_dtors_ptr                 
11809b28  __TI_enable_exit_profile_output
11809b2c  _unlock                        
11809b30  b_poly_40_Dec_Int              
11809b3c  __TI_ft_end                    
11809b40  b_poly_41_Dec_Int              
11809b4c  __errno                        
11809b4c  errno                          
11809b50  b_poly_42_Dec_Int              
11809b60  b_poly_43_Dec_Int              
11809b70  DAC_trigSrc                    
11809b70  __TI_STATIC_BASE               
11809b74  idx                            
11809b76  kernelOut                      
11809b78  yDecOut                        
11809b7a  yIntOut                        
11809b7c  PRU_addaRegs                   
11809b80  buffCount                      
11809b82  rbOut                          
11809b8c  i2cRegs                        
11809d98  _ctypes_                       
11e00000  INT_vectorTable                
11e00200  I2C_int                        
11f00040  _stack                         
11f01040  __TI_STACK_END                 
11f01040  sData                          
80001180  UNIDAQ2_init                   
80002200  INT_init                       
80002238  INT_sel                        
80002294  INT_instFunc                   
800022f4  INT_start                      
c0000000  DAC_stop                       
c000018c  DAC_start                      
c0000340  DAC_config                     
c0000b20  ADC_stop                       
c0000b6c  ADC_start                      
c0000bb4  ADC_config                     
c0001240  PRU_run                        
c00012c0  PRU_load                       
c0001300  PRU_init                       
c0001384  PRU_halt                       
c00013c0  I2C_init                       
c0001580  PRU_addaCode                   
c00019f0  __CIOBUF_                      
c0001cc4  __TI_Handler_Table_Base        
c0001ccc  __TI_Handler_Table_Limit       
c0001cd0  __TI_CINIT_Base                
c0001cf8  __TI_CINIT_Limit               
ffffffff  __TI_pprof_out_hndl            
ffffffff  __TI_prof_data_size            
ffffffff  __TI_prof_data_start           
ffffffff  __binit__                      
ffffffff  __c_args__                     
ffffffff  binit                          
UNDEFED   __TI_TLS_INIT_Base             
UNDEFED   __TI_TLS_INIT_Limit            

[168 symbols]
