******************************************************************************
               TMS320C6x Linker PC v8.3.12                     
******************************************************************************
>> Linked Tue Nov 14 11:30:07 2023

OUTPUT FILE NAME:   <adda_simple.out>
ENTRY POINT SYMBOL: "_c_int00"  address: 11806e20


MEMORY CONFIGURATION

         name            origin    length      used     unused   attr    fill
----------------------  --------  ---------  --------  --------  ----  --------
  L2RAM                 11800000   00040000  00008cac  00037354  RWIX
  L1PRAM                11e00200   00003e00  00000200  00003c00  RWIX
  L1DRAM                11f00040   00003fc0  00001020  00002fa0  RWIX
  SHAREDRAM             80002400   0001dc00  00000000  0001dc00  RWIX
  SDRAM                 c0000000   04000000  00001be0  03ffe420  RWIX


SEGMENT ALLOCATION MAP

run origin  load origin   length   init length attrs members
----------  ----------- ---------- ----------- ----- -------
11800000    11800000    000074a0   000074a0    r-x
  11800000    11800000    000074a0   000074a0    r-x .text
118074a0    118074a0    00001010   00000000    rw-
  118074a0    118074a0    00001000   00000000    rw- .sysmem
  118084a0    118084a0    00000006   00000000    rw- .bss
  118084a8    118084a8    00000008   00000000    rw- .neardata
118084b0    118084b0    00000330   00000330    r--
  118084b0    118084b0    00000330   00000330    r-- .const
118087e0    118087e0    00000480   00000000    rw-
  118087e0    118087e0    0000031c   00000000    rw- .fardata
  11808b00    11808b00    00000160   00000000    rw- .far
11808c60    11808c60    00000050   00000050    r--
  11808c60    11808c60    00000050   00000050    r-- .switch
11e00200    11e00200    00000200   00000200    r-x
  11e00200    11e00200    00000200   00000200    r-x .text_interrupt
11f00040    11f00040    00001020   00000000    rw-
  11f00040    11f00040    00001000   00000000    rw- .stack
  11f01040    11f01040    00000020   00000000    rw- .data_crit
c0000000    c0000000    000019f0   000019f0    r-x
  c0000000    c0000000    00001580   00001580    r-x .text_slow
  c0001580    c0001580    00000470   00000470    r-- .const_slow
c00019f0    c00019f0    00000120   00000000    rw-
  c00019f0    c00019f0    00000120   00000000    rw- .cio
c0001b10    c0001b10    000000d0   000000d0    r--
  c0001b10    c0001b10    000000d0   000000d0    r-- .cinit


SECTION ALLOCATION MAP

 output                                  attributes/
section   page    origin      length       input sections
--------  ----  ----------  ----------   ----------------
.text      0    11800000    000074a0     
                  11800000    000020c0     rts6740_elf.lib : _printfi.c.obj (.text:__TI_printfi)
                  118020c0    00000660                     : _printfi.c.obj (.text:_pconv_a)
                  11802720    00000600                     : divd.c.obj (.text:__c6xabi_divd)
                  11802d20    00000400                     : _printfi.c.obj (.text:_pconv_g)
                  11803120    000003c0                     : memory.c.obj (.text:free)
                  118034e0    00000300     i2c.obj (.text)
                  118037e0    000002e0     rts6740_elf.lib : fputs.c.obj (.text:fputs)
                  11803ac0    000002a0                     : _printfi.c.obj (.text:_pconv_e)
                  11803d60    000002a0                     : _printfi.c.obj (.text:fcvt)
                  11804000    00000260                     : imath64.c.obj (.text:__c6xabi_divull)
                  11804260    00000200                     : _printfi.c.obj (.text:_ltostr)
                  11804460    00000200     main_adda_simple_Lab2_int.obj (.text)
                  11804660    000001c0     rts6740_elf.lib : imath40.c.obj (.text:__c6xabi_divul)
                  11804820    000001c0                     : fputc.c.obj (.text:fputc)
                  118049e0    000001c0                     : frexp.c.obj (.text:frexp)
                  11804ba0    000001c0                     : ldexp.c.obj (.text:ldexp)
                  11804d60    000001c0                     : memory.c.obj (.text:malloc)
                  11804f20    000001c0                     : setvbuf.c.obj (.text:setvbuf)
                  118050e0    000001a0                     : hostrename.c.obj (.text:HOSTrename)
                  11805280    00000120                     : _printfi.c.obj (.text:_pconv_f)
                  118053a0    00000120                     : getdevice.c.obj (.text:getdevice)
                  118054c0    00000100                     : fclose.c.obj (.text:__TI_closefile)
                  118055c0    00000100                     : copy_decompress_rle.c.obj (.text:__TI_decompress_rle_core)
                  118056c0    00000100                     : _printfi.c.obj (.text:_mcpy)
                  118057c0    00000100                     : atoi.c.obj (.text:atoi)
                  118058c0    00000100                     : fflush.c.obj (.text:fflush)
                  118059c0    00000100                     : fseek.c.obj (.text:fseek)
                  11805ac0    00000100     main_adda_simple_Lab2_int.obj (.text:retain)
                  11805bc0    000000e0     rts6740_elf.lib : hostlseek.c.obj (.text:HOSTlseek)
                  11805ca0    000000e0                     : hostopen.c.obj (.text:HOSTopen)
                  11805d80    000000e0                     : hostwrite.c.obj (.text:HOSTwrite)
                  11805e60    000000e0                     : _ltoa.c.obj (.text:__TI_ltoa)
                  11805f40    000000e0                     : _io_perm.c.obj (.text:__TI_wrt_ok)
                  11806020    000000e0                     : close.c.obj (.text:close)
                  11806100    000000e0                     : exit.c.obj (.text:exit)
                  118061e0    000000e0                     : memset.c.obj (.text:memset)
                  118062c0    000000e0                     : printf.c.obj (.text:printf)
                  118063a0    000000c0                     : hostread.c.obj (.text:HOSTread)
                  11806460    000000c0                     : hostunlink.c.obj (.text:HOSTunlink)
                  11806520    000000c0                     : autoinit.c.obj (.text:__TI_auto_init_nobinit_nopinit:__TI_auto_init_nobinit_nopinit)
                  118065e0    000000c0                     : divu.asm.obj (.text:__divu)
                  118066a0    000000c0                     : memory.c.obj (.text:mremove)
                  11806760    000000c0                     : tls.c.obj (.text:tls:init:__TI_tls_init)
                  11806820    000000a0                     : hostclose.c.obj (.text:HOSTclose)
                  118068c0    000000a0                     : fopen.c.obj (.text:__TI_cleanup)
                  11806960    000000a0                     : fflush.c.obj (.text:__TI_doflush)
                  11806a00    000000a0                     : remu.asm.obj (.text:__remu)
                  11806aa0    000000a0                     : _printfi.c.obj (.text:_ecpy)
                  11806b40    000000a0                     : getdevice.c.obj (.text:finddevice)
                  11806be0    000000a0                     : memcpy64.asm.obj (.text:memcpy)
                  11806c80    000000a0                     : memory.c.obj (.text:minsert)
                  11806d20    00000080                     : trgmsg.c.obj (.text:__TI_readmsg)
                  11806da0    00000080                     : llshift.c.obj (.text:__c6xabi_llshl)
                  11806e20    00000080                     : boot.c.obj (.text:_c_int00)
                  11806ea0    00000080                     : unlink.c.obj (.text:unlink)
                  11806f20    00000060                     : trgmsg.c.obj (.text:__TI_writemsg)
                  11806f80    00000060                     : llshift.c.obj (.text:__c6xabi_llshru)
                  11806fe0    00000060                     : imath64.c.obj (.text:_subcull)
                  11807040    00000060                     : lseek.c.obj (.text:lseek)
                  118070a0    00000060                     : memccpy.c.obj (.text:memccpy)
                  11807100    00000060                     : write.c.obj (.text:write)
                  11807160    00000040                     : frcmpyd_div.c.obj (.text:__TI_frcmpyd_div)
                  118071a0    00000040                     : isinf.c.obj (.text:__c6xabi_isinf)
                  118071e0    00000040                     : _printfi.c.obj (.text:__c6xabi_isnan)
                  11807220    00000040                     : args_main.c.obj (.text:_args_main)
                  11807260    00000040                     : wcslen.c.obj (.text:wcslen)
                  118072a0    00000020                     : errno.c.obj (.text:__c6xabi_errno_addr)
                  118072c0    00000020                     : push.asm.obj (.text:__pop_rts)
                  118072e0    00000020                     : push.asm.obj (.text:__push_rts)
                  11807300    00000020                     : _lock.c.obj (.text:_nop)
                  11807320    00000020                     : printf.c.obj (.text:_outc)
                  11807340    00000020                     : printf.c.obj (.text:_outs)
                  11807360    00000020                     : signbit.c.obj (.text:_signbit)
                  11807380    00000020                     : startup.c.obj (.text:_system_post_cinit)
                  118073a0    00000020                     : pre_init.c.obj (.text:_system_pre_init)
                  118073c0    00000020                     : exit.c.obj (.text:abort)
                  118073e0    00000020                     : copy_decompress_none.c.obj (.text:decompress:none:__TI_decompress_none)
                  11807400    00000020                     : copy_decompress_rle.c.obj (.text:decompress:rle24:__TI_decompress_rle24)
                  11807420    00000010     adda.obj ($Tramp$S$$ADC_start)
                  11807430    00000010     adda.obj ($Tramp$S$$DAC_start)
                  11807440    00000010     pru.obj ($Tramp$S$$PRU_run)
                  11807450    00000010     pru.obj ($Tramp$S$$PRU_load)
                  11807460    00000010     pru.obj ($Tramp$S$$PRU_init)
                  11807470    00000010     adda.obj ($Tramp$S$$DAC_config)
                  11807480    00000010     adda.obj ($Tramp$S$$ADC_config)
                  11807490    00000010     i2c.obj ($Tramp$S$$I2C_init)

.sysmem    0    118074a0    00001000     UNINITIALIZED
                  118074a0    00000008     rts6740_elf.lib : memory.c.obj (.sysmem)
                  118074a8    00000ff8     --HOLE--

.bss       0    118084a0    00000006     UNINITIALIZED
                  118084a0    00000004     (.common:DAC_trigSrc)
                  118084a4    00000002     (.common:idx)

.neardata 
*          0    118084a8    00000008     UNINITIALIZED
                  118084a8    00000004     i2c.obj (.neardata)
                  118084ac    00000004     main_adda_simple_Lab2_int.obj (.neardata)

.rodata    0    118084b0    00000000     UNINITIALIZED

.const     0    118084b0    00000330     
                  118084b0    00000208     main_adda_simple_Lab2_int.obj (.const:.string)
                  118086b8    00000101     rts6740_elf.lib : ctype.c.obj (.const:.string:_ctypes_)
                  118087b9    00000003     --HOLE-- [fill = 0]
                  118087bc    00000024                     : _printfi.c.obj (.const:.string)

.fardata   0    118087e0    0000031c     UNINITIALIZED
                  118087e0    000001e0     rts6740_elf.lib : defs.c.obj (.fardata:_ftable)
                  118089c0    000000a0                     : write.c.obj (.fardata:_stream)
                  11808a60    00000078                     : write.c.obj (.fardata:_device)
                  11808ad8    0000000c                     : exit.c.obj (.fardata)
                  11808ae4    00000008                     : memory.c.obj (.fardata)
                  11808aec    00000004                     : _lock.c.obj (.fardata:_lock)
                  11808af0    00000004                     : _lock.c.obj (.fardata:_unlock)
                  11808af4    00000004                     : defs.c.obj (.fardata)
                  11808af8    00000004                     : errno.c.obj (.fardata)

.far       0    11808b00    00000160     UNINITIALIZED
                  11808b00    00000140     (.common:__TI_tmpnams)
                  11808c40    00000014     (.common:I2C_globals)
                  11808c54    00000004     --HOLE--
                  11808c58    00000008     (.common:parmbuf)

.switch    0    11808c60    00000050     
                  11808c60    00000038     rts6740_elf.lib : _printfi.c.obj (.switch:__TI_printfi)
                  11808c98    00000018     i2c.obj (.switch:I2C_int)

.text_interrupt 
*          0    11e00200    00000200     
                  11e00200    00000200     i2c.obj (.text_interrupt:retain)

.stack     0    11f00040    00001000     UNINITIALIZED
                  11f00040    00000008     rts6740_elf.lib : boot.c.obj (.stack)
                  11f00048    00000ff8     --HOLE--

.cinit     0    c0001b10    000000d0     
                  c0001b10    0000006f     (.cinit..fardata.load) [load image, compression = rle]
                  c0001b7f    0000000e     (.cinit..neardata.load) [load image, compression = rle]
                  c0001b8d    0000000b     (.cinit..far.load) [load image, compression = rle]
                  c0001b98    00000009     (.cinit..bss.load) [load image, compression = rle]
                  c0001ba1    00000009     (.cinit..data_crit.load) [load image, compression = rle]
                  c0001baa    00000002     --HOLE-- [fill = 0]
                  c0001bac    00000008     (__TI_handler_table)
                  c0001bb4    00000004     --HOLE-- [fill = 0]
                  c0001bb8    00000028     (__TI_cinit_table)

.init_array 
*          0    c0000000    00000000     UNINITIALIZED

.cio       0    c00019f0    00000120     UNINITIALIZED
                  c00019f0    00000120     rts6740_elf.lib : trgmsg.c.obj (.cio)

.data_crit 
*          0    11f01040    00000020     UNINITIALIZED
                  11f01040    00000020     main_adda_simple_Lab2_int.obj (.data_crit)

.text_slow 
*          0    c0000000    00001580     
                  c0000000    00001240     adda.obj (.text_slow)
                  c0001240    00000180     pru.obj (.text_slow)
                  c00013c0    00000160     i2c.obj (.text_slow)
                  c0001520    00000010     i2c.obj ($Tramp$S$$I2C_writeRead)
                  c0001530    00000010     i2c.obj ($Tramp$S$$I2C_write)
                  c0001540    00000010     rts6740_elf.lib : remu.asm.obj ($Tramp$S$$__c6xabi_remu)
                  c0001550    00000010                     : divu.asm.obj ($Tramp$S$$__c6xabi_divu)
                  c0001560    00000010                     : memcpy64.asm.obj ($Tramp$S$$memcpy)
                  c0001570    00000010     --HOLE-- [fill = 00000000]

.const_slow 
*          0    c0001580    00000470     
                  c0001580    00000470     main_adda_simple_Lab2_int.obj (.const_slow)

MODULE SUMMARY

       Module                          code    ro data   rw data
       ------                          ----    -------   -------
    .\
       adda.obj                        4736    0         4      
       main_adda_simple_Lab2_int.obj   768     1656      38     
       i2c.obj                         1680    24        24     
       pru.obj                         432     0         0      
    +--+-------------------------------+-------+---------+---------+
       Total:                          7616    1680      66     
                                                                
    C:\ti\ccs1230\ccs\tools\compiler\ti-cgt-c6000_8.3.12\lib\rts6740_elf.lib
       _printfi.c.obj                  13664   92        0      
       memory.c.obj                    1760    0         8      
       divd.c.obj                      1536    0         0      
       defs.c.obj                      0       0         804    
       fputs.c.obj                     736     0         0      
       imath64.c.obj                   704     0         0      
       trgmsg.c.obj                    224     0         288    
       fputc.c.obj                     448     0         0      
       frexp.c.obj                     448     0         0      
       getdevice.c.obj                 448     0         0      
       imath40.c.obj                   448     0         0      
       ldexp.c.obj                     448     0         0      
       setvbuf.c.obj                   448     0         0      
       fflush.c.obj                    416     0         0      
       hostrename.c.obj                416     0         0      
       write.c.obj                     96      0         280    
       copy_decompress_rle.c.obj       288     0         0      
       printf.c.obj                    288     0         0      
       exit.c.obj                      256     0         12     
       ctype.c.obj                     0       257       0      
       atoi.c.obj                      256     0         0      
       fclose.c.obj                    256     0         0      
       fseek.c.obj                     256     0         0      
       hostopen.c.obj                  224     0         8      
       _io_perm.c.obj                  224     0         0      
       _ltoa.c.obj                     224     0         0      
       close.c.obj                     224     0         0      
       hostlseek.c.obj                 224     0         0      
       hostwrite.c.obj                 224     0         0      
       llshift.c.obj                   224     0         0      
       memset.c.obj                    224     0         0      
       divu.asm.obj                    208     0         0      
       autoinit.c.obj                  192     0         0      
       hostread.c.obj                  192     0         0      
       hostunlink.c.obj                192     0         0      
       tls.c.obj                       192     0         0      
       memcpy64.asm.obj                176     0         0      
       remu.asm.obj                    176     0         0      
       fopen.c.obj                     160     0         0      
       hostclose.c.obj                 160     0         0      
       boot.c.obj                      128     0         0      
       unlink.c.obj                    128     0         0      
       lseek.c.obj                     96      0         0      
       memccpy.c.obj                   96      0         0      
       args_main.c.obj                 64      0         0      
       frcmpyd_div.c.obj               64      0         0      
       isinf.c.obj                     64      0         0      
       push.asm.obj                    64      0         0      
       wcslen.c.obj                    64      0         0      
       _lock.c.obj                     32      0         8      
       errno.c.obj                     32      0         4      
       copy_decompress_none.c.obj      32      0         0      
       pre_init.c.obj                  32      0         0      
       signbit.c.obj                   32      0         0      
       startup.c.obj                   32      0         0      
    +--+-------------------------------+-------+---------+---------+
       Total:                          28240   349       1412   
                                                                
       Heap:                           0       0         4096   
       Stack:                          0       0         4096   
       Linker Generated:               0       202       0      
    +--+-------------------------------+-------+---------+---------+
       Grand Total:                    35856   2231      9670   


LINKER GENERATED COPY TABLES

__TI_cinit_table @ c0001bb8 records: 5, size/record: 8, table size: 40
	.fardata: load addr=c0001b10, load size=0000006f bytes, run addr=118087e0, run size=0000031c bytes, compression=rle
	.neardata: load addr=c0001b7f, load size=0000000e bytes, run addr=118084a8, run size=00000008 bytes, compression=rle
	.far: load addr=c0001b8d, load size=0000000b bytes, run addr=11808b00, run size=00000160 bytes, compression=rle
	.bss: load addr=c0001b98, load size=00000009 bytes, run addr=118084a0, run size=00000006 bytes, compression=rle
	.data_crit: load addr=c0001ba1, load size=00000009 bytes, run addr=11f01040, run size=00000020 bytes, compression=rle


LINKER GENERATED HANDLER TABLE

__TI_handler_table @ c0001bac records: 2, size/record: 4, table size: 8
	index: 0, handler: __TI_decompress_rle24
	index: 1, handler: __TI_decompress_none


FAR CALL TRAMPOLINES

callee name               trampoline name
   callee addr  tramp addr   call addr  call info
--------------  -----------  ---------  ----------------
$.text_slow:adda.obj$0xb6c  $Tramp$S$$ADC_start
   c0000b6c     11807420     11804620   main_adda_simple_Lab2_int.obj (.text)
$.text_slow:adda.obj$0x18c  $Tramp$S$$DAC_start
   c000018c     11807430     11804618   main_adda_simple_Lab2_int.obj (.text)
$.text_slow:pru.obj$0x0   $Tramp$S$$PRU_run
   c0001240     11807440     11804600   main_adda_simple_Lab2_int.obj (.text)
$.text_slow:pru.obj$0x80  $Tramp$S$$PRU_load
   c00012c0     11807450     118045f0   main_adda_simple_Lab2_int.obj (.text)
$.text_slow:pru.obj$0xc0  $Tramp$S$$PRU_init
   c0001300     11807460     118045e4   main_adda_simple_Lab2_int.obj (.text)
$.text_slow:adda.obj$0x340  $Tramp$S$$DAC_config
   c0000340     11807470     118045d8   main_adda_simple_Lab2_int.obj (.text)
$.text_slow:adda.obj$0xbb4  $Tramp$S$$ADC_config
   c0000bb4     11807480     118045ac   main_adda_simple_Lab2_int.obj (.text)
$.text_slow:i2c.obj$0x0   $Tramp$S$$I2C_init
   c00013c0     11807490     118044e8   main_adda_simple_Lab2_int.obj (.text)
$.text:i2c.obj$0x0        $Tramp$S$$I2C_writeRead
   118034e0     c0001520     c0000064   adda.obj (.text_slow)
                             c0000100   adda.obj (.text_slow)
                             c00001f8   adda.obj (.text_slow)
                             c00002ac   adda.obj (.text_slow)
                             c0000390   adda.obj (.text_slow)
                             c0000438   adda.obj (.text_slow)
                             c00004cc   adda.obj (.text_slow)
                             c00006f0   adda.obj (.text_slow)
                             c0000c04   adda.obj (.text_slow)
                             c0000cb8   adda.obj (.text_slow)
                             c0000d50   adda.obj (.text_slow)
                             c0000fa4   adda.obj (.text_slow)
$.text:i2c.obj$0xe4       $Tramp$S$$I2C_write
   118035c4     c0001530     c00000b8   adda.obj (.text_slow)
                             c0000148   adda.obj (.text_slow)
                             c0000268   adda.obj (.text_slow)
                             c00002f4   adda.obj (.text_slow)
                             c00003f0   adda.obj (.text_slow)
                             c0000484   adda.obj (.text_slow)
                             c0000514   adda.obj (.text_slow)
                             c0000560   adda.obj (.text_slow)
                             c0000738   adda.obj (.text_slow)
                             c0000c70   adda.obj (.text_slow)
                             c0000d08   adda.obj (.text_slow)
                             c0000da4   adda.obj (.text_slow)
                             c0000df0   adda.obj (.text_slow)
                             c0000ff8   adda.obj (.text_slow)
$.text:__remu:rts6740_elf.lib<remu.asm.obj>$0x0  $Tramp$S$$__c6xabi_remu
   11806a00     c0001540     c0000a08   adda.obj (.text_slow)
                             c0000aa8   adda.obj (.text_slow)
                             c0000e90   adda.obj (.text_slow)
                             c0000f28   adda.obj (.text_slow)
$.text:__divu:rts6740_elf.lib<divu.asm.obj>$0x0  $Tramp$S$$__c6xabi_divu
   118065e0     c0001550     c0000a18   adda.obj (.text_slow)
                             c0000a98   adda.obj (.text_slow)
                             c0000ea4   adda.obj (.text_slow)
                             c0000f18   adda.obj (.text_slow)
                             c00013d4   i2c.obj (.text_slow)
$.text:memcpy:rts6740_elf.lib<memcpy64.asm.obj>$0x0  $Tramp$S$$memcpy
   11806be0     c0001560     c00012f0   pru.obj (.text_slow)

[13 trampolines]
[44 trampoline calls]


GLOBAL SYMBOLS: SORTED ALPHABETICALLY BY Name 

address   name                           
-------   ----                           
c0000bb4  ADC_config                     
c0000b6c  ADC_start                      
c0000b20  ADC_stop                       
118073c0  C$$EXIT                        
11806f78  C$$IO$$                        
c0000340  DAC_config                     
c000018c  DAC_start                      
c0000000  DAC_stop                       
118084a0  DAC_trigSrc                    
11806820  HOSTclose                      
11805bc0  HOSTlseek                      
11805ca0  HOSTopen                       
118063a0  HOSTread                       
118050e0  HOSTrename                     
11806460  HOSTunlink                     
11805d80  HOSTwrite                      
11808c40  I2C_globals                    
c00013c0  I2C_init                       
11e00200  I2C_int                        
11803708  I2C_read                       
11803684  I2C_recover                    
118035c4  I2C_write                      
118034e0  I2C_writeRead                  
80002200  INT_init                       
80002294  INT_instFunc                   
80002238  INT_sel                        
800022f4  INT_start                      
11e00000  INT_vectorTable                
c0001580  PRU_addaCode                   
118084ac  PRU_addaRegs                   
c0001384  PRU_halt                       
c0001300  PRU_init                       
c00012c0  PRU_load                       
c0001240  PRU_run                        
11804460  System_puts                    
80001180  UNIDAQ2_init                   
c00019f0  __CIOBUF_                      
c0001bb8  __TI_CINIT_Base                
c0001be0  __TI_CINIT_Limit               
c0001bac  __TI_Handler_Table_Base        
c0001bb4  __TI_Handler_Table_Limit       
11f01040  __TI_STACK_END                 
00001000  __TI_STACK_SIZE                
118084a0  __TI_STATIC_BASE               
00001000  __TI_SYSMEM_SIZE               
UNDEFED   __TI_TLS_INIT_Base             
UNDEFED   __TI_TLS_INIT_Limit            
11806520  __TI_auto_init_nobinit_nopinit 
118068c0  __TI_cleanup                   
11808ad8  __TI_cleanup_ptr               
118054c0  __TI_closefile                 
118073e0  __TI_decompress_none           
11807400  __TI_decompress_rle24          
11806960  __TI_doflush                   
11808adc  __TI_dtors_ptr                 
11808ae0  __TI_enable_exit_profile_output
11807160  __TI_frcmpyd_div               
11808af4  __TI_ft_end                    
11805e60  __TI_ltoa                      
ffffffff  __TI_pprof_out_hndl            
11800000  __TI_printfi                   
ffffffff  __TI_prof_data_size            
ffffffff  __TI_prof_data_start           
11806d20  __TI_readmsg                   
11806760  __TI_tls_init                  
11808b00  __TI_tmpnams                   
11806f20  __TI_writemsg                  
11805f40  __TI_wrt_ok                    
ffffffff  __binit__                      
11802720  __c6xabi_divd                  
118065e0  __c6xabi_divu                  
11804660  __c6xabi_divul                 
11804000  __c6xabi_divull                
118072a0  __c6xabi_errno_addr            
118071a0  __c6xabi_isinf                 
11806da0  __c6xabi_llshl                 
11806f80  __c6xabi_llshru                
118072c0  __c6xabi_pop_rts               
118072e0  __c6xabi_push_rts              
11806a00  __c6xabi_remu                  
ffffffff  __c_args__                     
118065e0  __divu                         
11808af8  __errno                        
118072c0  __pop_rts                      
118072e0  __push_rts                     
11806a00  __remu                         
11807220  _args_main                     
11806e20  _c_int00                       
118086b8  _ctypes_                       
11808a60  _device                        
118087e0  _ftable                        
11808aec  _lock                          
11807300  _nop                           
11807360  _signbit                       
11f00040  _stack                         
118089c0  _stream                        
11806fe0  _subcull                       
118074a0  _sys_memory                    
11807380  _system_post_cinit             
118073a0  _system_pre_init               
11808af0  _unlock                        
118073c0  abort                          
11805b38  adcInt                         
118057c0  atoi                           
ffffffff  binit                          
11806020  close                          
11805ac0  dacInt                         
11808af8  errno                          
11806100  exit                           
118058c0  fflush                         
11806b40  finddevice                     
11804820  fputc                          
118037e0  fputs                          
11803120  free                           
118049e0  frexp                          
118049e0  frexpl                         
118059c0  fseek                          
118053a0  getdevice                      
118084a8  i2cRegs                        
118084a4  idx                            
11804ba0  ldexp                          
11804ba0  ldexpl                         
11807040  lseek                          
11804484  main                           
11804d60  malloc                         
118070a0  memccpy                        
11806be0  memcpy                         
118061e0  memset                         
11808c58  parmbuf                        
118062c0  printf                         
11804820  putc                           
11806ea0  remove                         
11f01040  sData                          
11804ba0  scalbn                         
11804ba0  scalbnl                        
11804f20  setvbuf                        
11806ea0  unlink                         
11807260  wcslen                         
11807100  write                          


GLOBAL SYMBOLS: SORTED BY Symbol Address 

address   name                           
-------   ----                           
00001000  __TI_STACK_SIZE                
00001000  __TI_SYSMEM_SIZE               
11800000  __TI_printfi                   
11802720  __c6xabi_divd                  
11803120  free                           
118034e0  I2C_writeRead                  
118035c4  I2C_write                      
11803684  I2C_recover                    
11803708  I2C_read                       
118037e0  fputs                          
11804000  __c6xabi_divull                
11804460  System_puts                    
11804484  main                           
11804660  __c6xabi_divul                 
11804820  fputc                          
11804820  putc                           
118049e0  frexp                          
118049e0  frexpl                         
11804ba0  ldexp                          
11804ba0  ldexpl                         
11804ba0  scalbn                         
11804ba0  scalbnl                        
11804d60  malloc                         
11804f20  setvbuf                        
118050e0  HOSTrename                     
118053a0  getdevice                      
118054c0  __TI_closefile                 
118057c0  atoi                           
118058c0  fflush                         
118059c0  fseek                          
11805ac0  dacInt                         
11805b38  adcInt                         
11805bc0  HOSTlseek                      
11805ca0  HOSTopen                       
11805d80  HOSTwrite                      
11805e60  __TI_ltoa                      
11805f40  __TI_wrt_ok                    
11806020  close                          
11806100  exit                           
118061e0  memset                         
118062c0  printf                         
118063a0  HOSTread                       
11806460  HOSTunlink                     
11806520  __TI_auto_init_nobinit_nopinit 
118065e0  __c6xabi_divu                  
118065e0  __divu                         
11806760  __TI_tls_init                  
11806820  HOSTclose                      
118068c0  __TI_cleanup                   
11806960  __TI_doflush                   
11806a00  __c6xabi_remu                  
11806a00  __remu                         
11806b40  finddevice                     
11806be0  memcpy                         
11806d20  __TI_readmsg                   
11806da0  __c6xabi_llshl                 
11806e20  _c_int00                       
11806ea0  remove                         
11806ea0  unlink                         
11806f20  __TI_writemsg                  
11806f78  C$$IO$$                        
11806f80  __c6xabi_llshru                
11806fe0  _subcull                       
11807040  lseek                          
118070a0  memccpy                        
11807100  write                          
11807160  __TI_frcmpyd_div               
118071a0  __c6xabi_isinf                 
11807220  _args_main                     
11807260  wcslen                         
118072a0  __c6xabi_errno_addr            
118072c0  __c6xabi_pop_rts               
118072c0  __pop_rts                      
118072e0  __c6xabi_push_rts              
118072e0  __push_rts                     
11807300  _nop                           
11807360  _signbit                       
11807380  _system_post_cinit             
118073a0  _system_pre_init               
118073c0  C$$EXIT                        
118073c0  abort                          
118073e0  __TI_decompress_none           
11807400  __TI_decompress_rle24          
118074a0  _sys_memory                    
118084a0  DAC_trigSrc                    
118084a0  __TI_STATIC_BASE               
118084a4  idx                            
118084a8  i2cRegs                        
118084ac  PRU_addaRegs                   
118086b8  _ctypes_                       
118087e0  _ftable                        
118089c0  _stream                        
11808a60  _device                        
11808ad8  __TI_cleanup_ptr               
11808adc  __TI_dtors_ptr                 
11808ae0  __TI_enable_exit_profile_output
11808aec  _lock                          
11808af0  _unlock                        
11808af4  __TI_ft_end                    
11808af8  __errno                        
11808af8  errno                          
11808b00  __TI_tmpnams                   
11808c40  I2C_globals                    
11808c58  parmbuf                        
11e00000  INT_vectorTable                
11e00200  I2C_int                        
11f00040  _stack                         
11f01040  __TI_STACK_END                 
11f01040  sData                          
80001180  UNIDAQ2_init                   
80002200  INT_init                       
80002238  INT_sel                        
80002294  INT_instFunc                   
800022f4  INT_start                      
c0000000  DAC_stop                       
c000018c  DAC_start                      
c0000340  DAC_config                     
c0000b20  ADC_stop                       
c0000b6c  ADC_start                      
c0000bb4  ADC_config                     
c0001240  PRU_run                        
c00012c0  PRU_load                       
c0001300  PRU_init                       
c0001384  PRU_halt                       
c00013c0  I2C_init                       
c0001580  PRU_addaCode                   
c00019f0  __CIOBUF_                      
c0001bac  __TI_Handler_Table_Base        
c0001bb4  __TI_Handler_Table_Limit       
c0001bb8  __TI_CINIT_Base                
c0001be0  __TI_CINIT_Limit               
ffffffff  __TI_pprof_out_hndl            
ffffffff  __TI_prof_data_size            
ffffffff  __TI_prof_data_start           
ffffffff  __binit__                      
ffffffff  __c_args__                     
ffffffff  binit                          
UNDEFED   __TI_TLS_INIT_Base             
UNDEFED   __TI_TLS_INIT_Limit            

[139 symbols]
